******************************************************************************
             TMS320C2000 Linker PC v6.2.7                      
******************************************************************************
>> Linked Wed Nov 30 12:06:10 2016

OUTPUT FILE NAME:   <motors.out>
ENTRY POINT SYMBOL: "_c_int00"  address: 003f5b89


MEMORY CONFIGURATION

         name            origin    length      used     unused   attr    fill
----------------------  --------  ---------  --------  --------  ----  --------
PAGE 0:
  RAML0                 00008000   00000800  00000000  00000800  RWIX
  RAML1                 00008800   00000400  00000000  00000400  RWIX
  OTP                   003d7800   00000400  00000000  00000400  RWIX
  FLASHH                003d8000   00004000  00000000  00004000  RWIX
  FLASHG                003dc000   00004000  00000000  00004000  RWIX
  FLASHF                003e0000   00004000  00000000  00004000  RWIX
  FLASHE                003e4000   00004000  00000000  00004000  RWIX
  FLASHD                003e8000   00004000  00000000  00004000  RWIX
  FLASHC                003ec000   00004000  00000000  00004000  RWIX
  FLASHA                003f4000   00003f80  00001f15  0000206b  RWIX
  CSM_RSVD              003f7f80   00000076  00000000  00000076  RWIX
  BEGIN                 003f7ff6   00000002  00000002  00000000  RWIX
  CSM_PWL_P0            003f7ff8   00000008  00000000  00000008  RWIX
  FPUTABLES             003fd860   000006a0  00000000  000006a0  RWIX
  IQTABLES              003fdf00   00000b50  00000000  00000b50  RWIX
  IQTABLES2             003fea50   0000008c  00000000  0000008c  RWIX
  IQTABLES3             003feadc   000000aa  00000000  000000aa  RWIX
  ROM                   003ff3b0   00000c10  00000000  00000c10  RWIX
  RESET                 003fffc0   00000002  00000000  00000002  RWIX
  VECTORS               003fffc2   0000003e  00000000  0000003e  RWIX

PAGE 1:
  BOOT_RSVD             00000000   00000050  00000000  00000050  RWIX
  RAMM0                 00000050   000003b0  00000300  000000b0  RWIX
  RAMM1                 00000400   00000400  00000000  00000400  RWIX
  RAML2                 00008c00   00000400  00000208  000001f8  RWIX
  RAML3                 00009000   00001000  00000000  00001000  RWIX
  RAML4                 0000a000   00002000  00000000  00002000  RWIX
  RAML5                 0000c000   00002000  00000000  00002000  RWIX
  RAML6                 0000e000   00002000  00000000  00002000  RWIX
  RAML7                 00010000   00002000  00000000  00002000  RWIX
  RAML8                 00012000   00002000  00000000  00002000  RWIX
  USB_RAM               00040000   00000800  00000000  00000800  RWIX
  FLASHB                003f0000   00004000  00000000  00004000  RWIX


SECTION ALLOCATION MAP

 output                                  attributes/
section   page    origin      length       input sections
--------  ----  ----------  ----------   ----------------
.pinit     0    003f4000    00000000     UNINITIALIZED

ramfuncs   0    00008000    00000000     UNINITIALIZED

.text      0    003f4000    00001c33     
                  003f4000    00000f57     main.obj (.text)
                  003f4f57    000008ab     main.obj (.text:retain)
                  003f5802    00000167     clk.obj (.text)
                  003f5969    000000df     gpio.obj (.text)
                  003f5a48    00000088     rts2800_fpu32.lib : fs_div.obj (.text)
                  003f5ad0    00000061                       : cos.obj (.text)
                  003f5b31    00000058     pid_reg3.obj (.text)
                  003f5b89    00000046     rts2800_fpu32.lib : boot.obj (.text)
                  003f5bcf    00000021                       : memcpy_ff.obj (.text)
                  003f5bf0    00000019                       : args_main.obj (.text)
                  003f5c09    00000019                       : exit.obj (.text)
                  003f5c22    00000009                       : _lock.obj (.text)
                  003f5c2b    00000008     F2806x_CodeStartBranch.obj (.text)

.econst    0    003f5c34    00000200     
                  003f5c34    00000100     main.obj (.econst:.string:_CRC_TABLE)
                  003f5d34    00000100     main.obj (.econst)

.cinit     0    003f5e34    000000c2     
                  003f5e34    000000ac     main.obj (.cinit)
                  003f5ee0    0000000a     rts2800_fpu32.lib : _lock.obj (.cinit)
                  003f5eea    0000000a                       : exit.obj (.cinit)
                  003f5ef4    00000002     --HOLE-- [fill = 0]

.switch    0    003f5ef6    00000020     
                  003f5ef6    00000020     main.obj (.switch:_adcRead)

codestart 
*          0    003f7ff6    00000002     
                  003f7ff6    00000002     F2806x_CodeStartBranch.obj (codestart)

.reset     0    003fffc0    00000002     DSECT
                  003fffc0    00000002     rts2800_fpu32.lib : boot.obj (.reset)

vectors    0    003fffc2    00000000     DSECT

.stack     1    00000050    00000300     UNINITIALIZED
                  00000050    00000300     --HOLE--

.ebss      1    00008c00    00000208     UNINITIALIZED
                  00008c00    00000200     main.obj (.ebss)
                  00008e00    00000004     rts2800_fpu32.lib : _lock.obj (.ebss)
                  00008e04    00000004                       : exit.obj (.ebss)


GLOBAL DATA SYMBOLS: SORTED BY DATA PAGE

address     data page           name
--------    ----------------    ----
00000050       1 (00000040)     __stack

00008c00     230 (00008c00)     _SAAD_TESTS
00008c01     230 (00008c00)     _counter
00008c02     230 (00008c00)     _flPS
00008c03     230 (00008c00)     _delay
00008c04     230 (00008c00)     _flGyro
00008c05     230 (00008c00)     _ch
00008c06     230 (00008c00)     _SAAD_CTRL_BITS
00008c07     230 (00008c00)     _stepsCount
00008c08     230 (00008c00)     _notEnd
00008c09     230 (00008c00)     _SAAD_ST
00008c0a     230 (00008c00)     _SAAD_TESTS_BITS
00008c0b     230 (00008c00)     _SAAD_CTRL
00008c0c     230 (00008c00)     _SAAD_ST_BITS
00008c0d     230 (00008c00)     _DATA
00008c0e     230 (00008c00)     _CTRLSUM_BITS
00008c0f     230 (00008c00)     _POSITION
00008c10     230 (00008c00)     _DATA_BITS
00008c11     230 (00008c00)     _CTRLSUM
00008c12     230 (00008c00)     _COMMAND_BYTE_BITS
00008c13     230 (00008c00)     _COMMAND_BYTE
00008c14     230 (00008c00)     _SAAD_TEST_RES_BITS
00008c15     230 (00008c00)     _SAAD_TEST_RES
00008c16     230 (00008c00)     _POSITION_BITS
00008c17     230 (00008c00)     _VELOCITY_BITS
00008c18     230 (00008c00)     _VELOCITY
00008c19     230 (00008c00)     _send
00008c1a     230 (00008c00)     _mode
00008c1b     230 (00008c00)     _sciSendCnt
00008c1c     230 (00008c00)     _setSci
00008c1d     230 (00008c00)     _sciCounter
00008c1e     230 (00008c00)     _sciFramePart
00008c1f     230 (00008c00)     _sciRx
00008c20     230 (00008c00)     _sciTx
00008c22     230 (00008c00)     _gCnt
00008c24     230 (00008c00)     _speed0
00008c26     230 (00008c00)     _i
00008c28     230 (00008c00)     _vel
00008c2a     230 (00008c00)     _flashRegs
00008c2c     230 (00008c00)     _mcbspData
00008c2e     230 (00008c00)     _sciErrorCntCtrlSum
00008c30     230 (00008c00)     _uP
00008c32     230 (00008c00)     _uM
00008c34     230 (00008c00)     _alpha0
00008c36     230 (00008c00)     _temp
00008c38     230 (00008c00)     _j
00008c3a     230 (00008c00)     _jj
00008c3c     230 (00008c00)     _timer2cnt
00008c3e     230 (00008c00)     _mode1cnt

00008c40     231 (00008c40)     _sciErrorParity
00008c42     231 (00008c40)     _sciErrorCntFrameDown
00008c44     231 (00008c40)     _frameCountT
00008c46     231 (00008c40)     _alpha
00008c48     231 (00008c40)     _posCoef
00008c4a     231 (00008c40)     _frameCountR
00008c4c     231 (00008c40)     _tempData1
00008c4e     231 (00008c40)     _tempData2
00008c50     231 (00008c40)     _clkS
00008c52     231 (00008c40)     _mcbspRegs
00008c54     231 (00008c40)     _spiData
00008c56     231 (00008c40)     _sciaRegs
00008c58     231 (00008c40)     _spiaRegs
00008c5a     231 (00008c40)     _adcResRegs
00008c5c     231 (00008c40)     _sysCtrlRegs
00008c5e     231 (00008c40)     _adcRegs
00008c60     231 (00008c40)     _gpioS
00008c62     231 (00008c40)     _CpuTimer1Regs
00008c64     231 (00008c40)     _CpuTimer0Regs
00008c66     231 (00008c40)     _START_BIT
00008c68     231 (00008c40)     _CpuTimer2Regs
00008c6a     231 (00008c40)     _xIntruptRegs
00008c6c     231 (00008c40)     _interrupS
00008c6e     231 (00008c40)     _interrupSVectTable
00008c70     231 (00008c40)     _START_BIT_BITS
00008c72     231 (00008c40)     _SAAD_CTRL_ALL
00008c75     231 (00008c40)     _pwmValues
00008c79     231 (00008c40)     _sciRxC

00008c80     232 (00008c80)     _saadFrame
00008c88     232 (00008c80)     _pwmRegS
00008c94     232 (00008c80)     _pwmHandle
00008ca0     232 (00008c80)     _motor0

00008cc0     233 (00008cc0)     _motor1
00008cd8     233 (00008cc0)     _adcRes

00008d00     234 (00008d00)     _pid

00008d40     235 (00008d40)     _spiModule

00008d80     236 (00008d80)     _AMCconfArr

00008e00     238 (00008e00)     __unlock
00008e02     238 (00008e00)     __lock
00008e04     238 (00008e00)     ___TI_cleanup_ptr
00008e06     238 (00008e00)     ___TI_dtors_ptr

003f5d34    fd74 (003f5d00)     _PieVectTableInit


GLOBAL SYMBOLS: SORTED ALPHABETICALLY BY Name 

address    name
--------   ----
003f4000   .text
003f5c09   C$$EXIT
003f5a48   FS$$DIV
003f57f8   _ADCINT1_ISR
003f57ee   _ADCINT2_ISR
003f57e4   _ADCINT3_ISR
003f57da   _ADCINT4_ISR
003f57d0   _ADCINT5_ISR
003f57c6   _ADCINT6_ISR
003f57bc   _ADCINT7_ISR
003f57b2   _ADCINT8_ISR
003f57a8   _ADCINT9_ISR
003f4a6d   _ADC_config
003f49ec   _AMCconf
00008d80   _AMCconfArr
003f579e   _CLA1_INT1_ISR
003f5794   _CLA1_INT2_ISR
003f578a   _CLA1_INT3_ISR
003f5780   _CLA1_INT4_ISR
003f5776   _CLA1_INT5_ISR
003f576c   _CLA1_INT6_ISR
003f5762   _CLA1_INT7_ISR
003f5758   _CLA1_INT8_ISR
003f5962   _CLK_disableAdcClock
003f595b   _CLK_disableClaClock
003f5955   _CLK_disableClkIn
003f5951   _CLK_disableCompClock
003f594a   _CLK_disableCpuTimerClock
003f5944   _CLK_disableCrystalOsc
003f593d   _CLK_disableEcanaClock
003f5936   _CLK_disableEcap1Clock
003f592f   _CLK_disableEqep1Clock
003f5928   _CLK_disableGpioInputClock
003f5921   _CLK_disableHrPwmClock
003f591a   _CLK_disableI2cClock
003f5913   _CLK_disableLinAClock
003f590d   _CLK_disableOsc1
003f5907   _CLK_disableOsc1HaltMode
003f5901   _CLK_disableOsc2
003f58fb   _CLK_disableOsc2HaltMode
003f58f1   _CLK_disablePwmClock
003f58ea   _CLK_disableSciaClock
003f58e3   _CLK_disableSpiaClock
003f58df   _CLK_disableSpibClock
003f58d8   _CLK_disableTbClockSync
003f58d2   _CLK_disableWatchDogHaltMode
003f58cb   _CLK_enableAdcClock
003f58c4   _CLK_enableClaClock
003f58be   _CLK_enableClkIn
003f58b8   _CLK_enableCompClock
003f58b2   _CLK_enableCpuTimerClock
003f58ac   _CLK_enableCrystalOsc
003f58a5   _CLK_enableEcanaClock
003f589e   _CLK_enableEcap1Clock
003f5897   _CLK_enableEqep1Clock
003f5890   _CLK_enableGpioInputClock
003f5889   _CLK_enableHrPwmClock
003f5882   _CLK_enableI2cClock
003f587b   _CLK_enableLinAClock
003f5875   _CLK_enableOsc1
003f586f   _CLK_enableOsc1HaltMode
003f5869   _CLK_enableOsc2
003f5863   _CLK_enableOsc2HaltMode
003f585a   _CLK_enablePwmClock
003f5853   _CLK_enableSciaClock
003f584c   _CLK_enableSpiaClock
003f5845   _CLK_enableSpibClock
003f583e   _CLK_enableTbClockSync
003f5838   _CLK_enableWatchDogHaltMode
003f5832   _CLK_init
003f582b   _CLK_setClkOutPreScaler
003f5825   _CLK_setLowSpdPreScaler
003f581e   _CLK_setOsc2Src
003f5817   _CLK_setOscSrc
003f5810   _CLK_setTimer2PreScale
003f5809   _CLK_setTimer2Src
003f5802   _CLK_setWatchDogSrc
00008c13   _COMMAND_BYTE
00008c12   _COMMAND_BYTE_BITS
00008c11   _CTRLSUM
00008c0e   _CTRLSUM_BITS
003f425f   _ConfigCpuTimer0
003f426e   _ConfigCpuTimer1
003f427d   _ConfigCpuTimer2
00008c64   _CpuTimer0Regs
00008c62   _CpuTimer1Regs
00008c68   _CpuTimer2Regs
00008c0d   _DATA
003f574e   _DATALOG_ISR
00008c10   _DATA_BITS
003f5744   _DINTCH1_ISR
003f573a   _DINTCH2_ISR
003f5730   _DINTCH3_ISR
003f5726   _DINTCH4_ISR
003f571c   _DINTCH5_ISR
003f5712   _DINTCH6_ISR
003f42a8   _DisableDog
003f5708   _ECAN0INTA_ISR
003f56fe   _ECAN1INTA_ISR
003f56f4   _ECAP1_INT_ISR
003f56ea   _ECAP2_INT_ISR
003f56e0   _ECAP3_INT_ISR
003f56d3   _EMPTY_ISR
003f56c9   _EMUINT_ISR
003f56bf   _EPWM1_INT_ISR
003f56b5   _EPWM1_TZINT_ISR
003f56ab   _EPWM2_INT_ISR
003f56a1   _EPWM2_TZINT_ISR
003f5697   _EPWM3_INT_ISR
003f568d   _EPWM3_TZINT_ISR
003f5683   _EPWM4_INT_ISR
003f5679   _EPWM4_TZINT_ISR
003f566f   _EPWM5_INT_ISR
003f5665   _EPWM5_TZINT_ISR
003f565b   _EPWM6_INT_ISR
003f5651   _EPWM6_TZINT_ISR
003f5647   _EPWM7_INT_ISR
003f563d   _EPWM7_TZINT_ISR
003f5633   _EPWM8_INT_ISR
003f5629   _EPWM8_TZINT_ISR
003f561f   _EQEP1_INT_ISR
003f5615   _EQEP2_INT_ISR
003f5601   _GPIO24_XINT2_GYRO_isr
003f55ed   _GPIO26_XINT1_PS_isr
003f5a42   _GPIO_init
003f5a1c   _GPIO_read
003f5a01   _GPIO_setDirection
003f59f5   _GPIO_setExtInt
003f59e2   _GPIO_setHigh
003f59cf   _GPIO_setLow
003f5997   _GPIO_setMode
003f597c   _GPIO_setPullup
003f5969   _GPIO_toggle
003f55e3   _HRCAP1_INT_ISR
003f55d9   _HRCAP2_INT_ISR
003f55cf   _HRCAP3_INT_ISR
003f55c5   _HRCAP4_INT_ISR
003f55bb   _I2CINT1A_ISR
003f55b1   _I2CINT2A_ISR
003f55a7   _ILLEGAL_ISR
003f559d   _INT13_ISR
003f5593   _INT14_ISR
003f42c1   _InitPll
003f5589   _LUF_ISR
003f557f   _LVF_ISR
003f5575   _MRINTA_ISR
003f556b   _MXINTA_ISR
003f5561   _NMI_ISR
003f5557   _PIE_RESERVED
00008c0f   _POSITION
00008c16   _POSITION_BITS
003f5d34   _PieVectTableInit
003f554d   _RTOSINT_ISR
00008000   _RamfuncsLoadEnd
00000000   _RamfuncsLoadSize
00008000   _RamfuncsLoadStart
00008000   _RamfuncsRunStart
00008c0b   _SAAD_CTRL
00008c72   _SAAD_CTRL_ALL
00008c06   _SAAD_CTRL_BITS
00008c09   _SAAD_ST
00008c0c   _SAAD_ST_BITS
00008c00   _SAAD_TESTS
00008c0a   _SAAD_TESTS_BITS
00008c15   _SAAD_TEST_RES
00008c14   _SAAD_TEST_RES_BITS
003f5543   _SCIRXINTA_ISR
003f5539   _SCIRXINTB_ISR
003f552f   _SCITXINTA_ISR
003f5525   _SCITXINTB_ISR
003f5511   _SCI_RX_isr
003f5507   _SPIRXINTA_ISR
003f54fd   _SPIRXINTB_ISR
003f54f3   _SPITXINTA_ISR
003f54e9   _SPITXINTB_ISR
00008c66   _START_BIT
00008c70   _START_BIT_BITS
003f4f4d   _ServiceDog
003f54df   _TINT0_ISR
003f54d5   _USB0_INT_ISR
003f54cb   _USER10_ISR
003f54c1   _USER11_ISR
003f54b7   _USER12_ISR
003f54ad   _USER1_ISR
003f54a3   _USER2_ISR
003f5499   _USER3_ISR
003f548f   _USER4_ISR
003f5485   _USER5_ISR
003f547b   _USER6_ISR
003f5471   _USER7_ISR
003f5467   _USER8_ISR
003f545d   _USER9_ISR
00008c18   _VELOCITY
00008c17   _VELOCITY_BITS
003f5453   _WAKEINT_ISR
003f5449   _XINT1_ISR
003f543f   _XINT2_ISR
003f5435   _XINT3_ISR
00000350   __STACK_END
00000300   __STACK_SIZE
00000001   __TI_args_main
00008e04   ___TI_cleanup_ptr
00008e06   ___TI_dtors_ptr
ffffffff   ___binit__
ffffffff   ___c_args__
003f5e34   ___cinit__
003f5c33   ___etext__
003f5bcf   ___memcpy_ff
ffffffff   ___pinit__
003f4000   ___text__
003f5bf0   __args_main
00008e02   __lock
003f5c2a   __nop
003f5c26   __register_lock
003f5c22   __register_unlock
00000050   __stack
00008e00   __unlock
003f5c09   _abort
003f4a64   _adcInit
003f4bf9   _adcRead
00008c5e   _adcRegs
00008cd8   _adcRes
00008c5a   _adcResRegs
003f5406   _adc_readAll
00008c46   _alpha
00008c34   _alpha0
003f5b89   _c_int00
003f400b   _calcPWM
00008c05   _ch
003f4f44   _clkInit
00008c50   _clkS
003f4f32   _clkg_delay_loop
003f5ad0   _cos
00008c01   _counter
003f5311   _cpu_timer0_isr
003f5042   _cpu_timer1_isr
003f4f61   _cpu_timer2_isr
003f4f1a   _crc8DATA
003f4f02   _crc8POS
003f4eea   _crc8VEL
00008c03   _delay
003f4ed8   _delay_loop
003f4ebb   _disablePWM
003f5c0b   _exit
00008c04   _flGyro
00008c02   _flPS
003f49c5   _flashInit
00008c2a   _flashRegs
003f49cb   _flashSetup
00008c4a   _frameCountR
00008c44   _frameCountT
00008c22   _gCnt
003f4000   _getMaxPWMVal
003f49e3   _gpioInit
00008c60   _gpioS
00008c26   _i
00008c6c   _interrupS
003f4ea3   _interrupSDefVectTableInit
00008c6e   _interrupSVectTable
003f4bd9   _interrupsCpuSetup
003f4991   _interrupsCtrlInit
003f4985   _interrupsInit
003f4bcf   _interruptSEnable
00008c38   _j
00008c3a   _jj
003f4c3a   _main
003f4911   _mcbspAddr
00008c2c   _mcbspData
00008c52   _mcbspRegs
003f4915   _mcbspSetupSpi
003f48f8   _mcbsp_read
003f48ef   _mcbsp_write
003f48e9   _mcbspaInit
003f48bf   _mcbspaSetup
00008c1a   _mode
00008c3e   _mode1cnt
00008ca0   _motor0
00008cc0   _motor1
00008c08   _notEnd
00008d00   _pid
003f48be   _pidCalc
003f5b31   _pid_reg3_calc
00008c48   _posCoef
00008c94   _pwmHandle
00008c88   _pwmRegS
003f48a1   _pwmSInit
003f46ac   _pwmSetupWTest
00008c75   _pwmValues
003f4f57   _rsvd_ISR
00008c80   _saadFrame
00008c1d   _sciCounter
00008c2e   _sciErrorCntCtrlSum
00008c42   _sciErrorCntFrameDown
00008c40   _sciErrorParity
00008c1e   _sciFramePart
00008c1f   _sciRx
00008c79   _sciRxC
00008c1b   _sciSendCnt
00008c20   _sciTx
003f46a6   _sciaInit
003f46a1   _sciaRead
00008c56   _sciaRegs
003f467b   _sciaSetup
003f4675   _sciaWrite
00008c19   _send
003f42b2   _setExtOsc
003f4669   _setIntOsc1
003f465d   _setIntOsc2
003f4634   _setPWMValues
003f4644   _setPWMValuesArr
00008c1c   _setSci
003f430b   _setUpPeripheralClocks
003f4628   _setXTALOsc
003f45fc   _setupClks
003f440c   _setupGPIOs
003f43fd   _setupGPIOsInterrupt
003f436d   _setupPeripheralClks
00008c24   _speed0
00008c54   _spiData
003f4367   _spiInit
00008d40   _spiModule
00008c58   _spiaRegs
00008c07   _stepsCount
003f4364   _stopMotor
00008c5c   _sysCtrlRegs
003f435e   _systemInit
003f4342   _systemSetup
00008c36   _temp
00008c4c   _tempData1
00008c4e   _tempData2
00008c3c   _timer2cnt
003f429c   _timerInit
003f428c   _timerSConfig
00008c32   _uM
00008c30   _uP
003f425e   _usDelay
00008c28   _vel
00008c6a   _xIntruptRegs
003f408b   _zeroStart
ffffffff   binit
003f5e34   cinit
003f7ff6   code_start
003f5c33   etext
ffffffff   pinit


GLOBAL SYMBOLS: SORTED BY Symbol Address 

address    name
--------   ----
00000000   _RamfuncsLoadSize
00000001   __TI_args_main
00000050   __stack
00000300   __STACK_SIZE
00000350   __STACK_END
00008000   _RamfuncsLoadEnd
00008000   _RamfuncsLoadStart
00008000   _RamfuncsRunStart
00008c00   _SAAD_TESTS
00008c01   _counter
00008c02   _flPS
00008c03   _delay
00008c04   _flGyro
00008c05   _ch
00008c06   _SAAD_CTRL_BITS
00008c07   _stepsCount
00008c08   _notEnd
00008c09   _SAAD_ST
00008c0a   _SAAD_TESTS_BITS
00008c0b   _SAAD_CTRL
00008c0c   _SAAD_ST_BITS
00008c0d   _DATA
00008c0e   _CTRLSUM_BITS
00008c0f   _POSITION
00008c10   _DATA_BITS
00008c11   _CTRLSUM
00008c12   _COMMAND_BYTE_BITS
00008c13   _COMMAND_BYTE
00008c14   _SAAD_TEST_RES_BITS
00008c15   _SAAD_TEST_RES
00008c16   _POSITION_BITS
00008c17   _VELOCITY_BITS
00008c18   _VELOCITY
00008c19   _send
00008c1a   _mode
00008c1b   _sciSendCnt
00008c1c   _setSci
00008c1d   _sciCounter
00008c1e   _sciFramePart
00008c1f   _sciRx
00008c20   _sciTx
00008c22   _gCnt
00008c24   _speed0
00008c26   _i
00008c28   _vel
00008c2a   _flashRegs
00008c2c   _mcbspData
00008c2e   _sciErrorCntCtrlSum
00008c30   _uP
00008c32   _uM
00008c34   _alpha0
00008c36   _temp
00008c38   _j
00008c3a   _jj
00008c3c   _timer2cnt
00008c3e   _mode1cnt
00008c40   _sciErrorParity
00008c42   _sciErrorCntFrameDown
00008c44   _frameCountT
00008c46   _alpha
00008c48   _posCoef
00008c4a   _frameCountR
00008c4c   _tempData1
00008c4e   _tempData2
00008c50   _clkS
00008c52   _mcbspRegs
00008c54   _spiData
00008c56   _sciaRegs
00008c58   _spiaRegs
00008c5a   _adcResRegs
00008c5c   _sysCtrlRegs
00008c5e   _adcRegs
00008c60   _gpioS
00008c62   _CpuTimer1Regs
00008c64   _CpuTimer0Regs
00008c66   _START_BIT
00008c68   _CpuTimer2Regs
00008c6a   _xIntruptRegs
00008c6c   _interrupS
00008c6e   _interrupSVectTable
00008c70   _START_BIT_BITS
00008c72   _SAAD_CTRL_ALL
00008c75   _pwmValues
00008c79   _sciRxC
00008c80   _saadFrame
00008c88   _pwmRegS
00008c94   _pwmHandle
00008ca0   _motor0
00008cc0   _motor1
00008cd8   _adcRes
00008d00   _pid
00008d40   _spiModule
00008d80   _AMCconfArr
00008e00   __unlock
00008e02   __lock
00008e04   ___TI_cleanup_ptr
00008e06   ___TI_dtors_ptr
003f4000   .text
003f4000   ___text__
003f4000   _getMaxPWMVal
003f400b   _calcPWM
003f408b   _zeroStart
003f425e   _usDelay
003f425f   _ConfigCpuTimer0
003f426e   _ConfigCpuTimer1
003f427d   _ConfigCpuTimer2
003f428c   _timerSConfig
003f429c   _timerInit
003f42a8   _DisableDog
003f42b2   _setExtOsc
003f42c1   _InitPll
003f430b   _setUpPeripheralClocks
003f4342   _systemSetup
003f435e   _systemInit
003f4364   _stopMotor
003f4367   _spiInit
003f436d   _setupPeripheralClks
003f43fd   _setupGPIOsInterrupt
003f440c   _setupGPIOs
003f45fc   _setupClks
003f4628   _setXTALOsc
003f4634   _setPWMValues
003f4644   _setPWMValuesArr
003f465d   _setIntOsc2
003f4669   _setIntOsc1
003f4675   _sciaWrite
003f467b   _sciaSetup
003f46a1   _sciaRead
003f46a6   _sciaInit
003f46ac   _pwmSetupWTest
003f48a1   _pwmSInit
003f48be   _pidCalc
003f48bf   _mcbspaSetup
003f48e9   _mcbspaInit
003f48ef   _mcbsp_write
003f48f8   _mcbsp_read
003f4911   _mcbspAddr
003f4915   _mcbspSetupSpi
003f4985   _interrupsInit
003f4991   _interrupsCtrlInit
003f49c5   _flashInit
003f49cb   _flashSetup
003f49e3   _gpioInit
003f49ec   _AMCconf
003f4a64   _adcInit
003f4a6d   _ADC_config
003f4bcf   _interruptSEnable
003f4bd9   _interrupsCpuSetup
003f4bf9   _adcRead
003f4c3a   _main
003f4ea3   _interrupSDefVectTableInit
003f4ebb   _disablePWM
003f4ed8   _delay_loop
003f4eea   _crc8VEL
003f4f02   _crc8POS
003f4f1a   _crc8DATA
003f4f32   _clkg_delay_loop
003f4f44   _clkInit
003f4f4d   _ServiceDog
003f4f57   _rsvd_ISR
003f4f61   _cpu_timer2_isr
003f5042   _cpu_timer1_isr
003f5311   _cpu_timer0_isr
003f5406   _adc_readAll
003f5435   _XINT3_ISR
003f543f   _XINT2_ISR
003f5449   _XINT1_ISR
003f5453   _WAKEINT_ISR
003f545d   _USER9_ISR
003f5467   _USER8_ISR
003f5471   _USER7_ISR
003f547b   _USER6_ISR
003f5485   _USER5_ISR
003f548f   _USER4_ISR
003f5499   _USER3_ISR
003f54a3   _USER2_ISR
003f54ad   _USER1_ISR
003f54b7   _USER12_ISR
003f54c1   _USER11_ISR
003f54cb   _USER10_ISR
003f54d5   _USB0_INT_ISR
003f54df   _TINT0_ISR
003f54e9   _SPITXINTB_ISR
003f54f3   _SPITXINTA_ISR
003f54fd   _SPIRXINTB_ISR
003f5507   _SPIRXINTA_ISR
003f5511   _SCI_RX_isr
003f5525   _SCITXINTB_ISR
003f552f   _SCITXINTA_ISR
003f5539   _SCIRXINTB_ISR
003f5543   _SCIRXINTA_ISR
003f554d   _RTOSINT_ISR
003f5557   _PIE_RESERVED
003f5561   _NMI_ISR
003f556b   _MXINTA_ISR
003f5575   _MRINTA_ISR
003f557f   _LVF_ISR
003f5589   _LUF_ISR
003f5593   _INT14_ISR
003f559d   _INT13_ISR
003f55a7   _ILLEGAL_ISR
003f55b1   _I2CINT2A_ISR
003f55bb   _I2CINT1A_ISR
003f55c5   _HRCAP4_INT_ISR
003f55cf   _HRCAP3_INT_ISR
003f55d9   _HRCAP2_INT_ISR
003f55e3   _HRCAP1_INT_ISR
003f55ed   _GPIO26_XINT1_PS_isr
003f5601   _GPIO24_XINT2_GYRO_isr
003f5615   _EQEP2_INT_ISR
003f561f   _EQEP1_INT_ISR
003f5629   _EPWM8_TZINT_ISR
003f5633   _EPWM8_INT_ISR
003f563d   _EPWM7_TZINT_ISR
003f5647   _EPWM7_INT_ISR
003f5651   _EPWM6_TZINT_ISR
003f565b   _EPWM6_INT_ISR
003f5665   _EPWM5_TZINT_ISR
003f566f   _EPWM5_INT_ISR
003f5679   _EPWM4_TZINT_ISR
003f5683   _EPWM4_INT_ISR
003f568d   _EPWM3_TZINT_ISR
003f5697   _EPWM3_INT_ISR
003f56a1   _EPWM2_TZINT_ISR
003f56ab   _EPWM2_INT_ISR
003f56b5   _EPWM1_TZINT_ISR
003f56bf   _EPWM1_INT_ISR
003f56c9   _EMUINT_ISR
003f56d3   _EMPTY_ISR
003f56e0   _ECAP3_INT_ISR
003f56ea   _ECAP2_INT_ISR
003f56f4   _ECAP1_INT_ISR
003f56fe   _ECAN1INTA_ISR
003f5708   _ECAN0INTA_ISR
003f5712   _DINTCH6_ISR
003f571c   _DINTCH5_ISR
003f5726   _DINTCH4_ISR
003f5730   _DINTCH3_ISR
003f573a   _DINTCH2_ISR
003f5744   _DINTCH1_ISR
003f574e   _DATALOG_ISR
003f5758   _CLA1_INT8_ISR
003f5762   _CLA1_INT7_ISR
003f576c   _CLA1_INT6_ISR
003f5776   _CLA1_INT5_ISR
003f5780   _CLA1_INT4_ISR
003f578a   _CLA1_INT3_ISR
003f5794   _CLA1_INT2_ISR
003f579e   _CLA1_INT1_ISR
003f57a8   _ADCINT9_ISR
003f57b2   _ADCINT8_ISR
003f57bc   _ADCINT7_ISR
003f57c6   _ADCINT6_ISR
003f57d0   _ADCINT5_ISR
003f57da   _ADCINT4_ISR
003f57e4   _ADCINT3_ISR
003f57ee   _ADCINT2_ISR
003f57f8   _ADCINT1_ISR
003f5802   _CLK_setWatchDogSrc
003f5809   _CLK_setTimer2Src
003f5810   _CLK_setTimer2PreScale
003f5817   _CLK_setOscSrc
003f581e   _CLK_setOsc2Src
003f5825   _CLK_setLowSpdPreScaler
003f582b   _CLK_setClkOutPreScaler
003f5832   _CLK_init
003f5838   _CLK_enableWatchDogHaltMode
003f583e   _CLK_enableTbClockSync
003f5845   _CLK_enableSpibClock
003f584c   _CLK_enableSpiaClock
003f5853   _CLK_enableSciaClock
003f585a   _CLK_enablePwmClock
003f5863   _CLK_enableOsc2HaltMode
003f5869   _CLK_enableOsc2
003f586f   _CLK_enableOsc1HaltMode
003f5875   _CLK_enableOsc1
003f587b   _CLK_enableLinAClock
003f5882   _CLK_enableI2cClock
003f5889   _CLK_enableHrPwmClock
003f5890   _CLK_enableGpioInputClock
003f5897   _CLK_enableEqep1Clock
003f589e   _CLK_enableEcap1Clock
003f58a5   _CLK_enableEcanaClock
003f58ac   _CLK_enableCrystalOsc
003f58b2   _CLK_enableCpuTimerClock
003f58b8   _CLK_enableCompClock
003f58be   _CLK_enableClkIn
003f58c4   _CLK_enableClaClock
003f58cb   _CLK_enableAdcClock
003f58d2   _CLK_disableWatchDogHaltMode
003f58d8   _CLK_disableTbClockSync
003f58df   _CLK_disableSpibClock
003f58e3   _CLK_disableSpiaClock
003f58ea   _CLK_disableSciaClock
003f58f1   _CLK_disablePwmClock
003f58fb   _CLK_disableOsc2HaltMode
003f5901   _CLK_disableOsc2
003f5907   _CLK_disableOsc1HaltMode
003f590d   _CLK_disableOsc1
003f5913   _CLK_disableLinAClock
003f591a   _CLK_disableI2cClock
003f5921   _CLK_disableHrPwmClock
003f5928   _CLK_disableGpioInputClock
003f592f   _CLK_disableEqep1Clock
003f5936   _CLK_disableEcap1Clock
003f593d   _CLK_disableEcanaClock
003f5944   _CLK_disableCrystalOsc
003f594a   _CLK_disableCpuTimerClock
003f5951   _CLK_disableCompClock
003f5955   _CLK_disableClkIn
003f595b   _CLK_disableClaClock
003f5962   _CLK_disableAdcClock
003f5969   _GPIO_toggle
003f597c   _GPIO_setPullup
003f5997   _GPIO_setMode
003f59cf   _GPIO_setLow
003f59e2   _GPIO_setHigh
003f59f5   _GPIO_setExtInt
003f5a01   _GPIO_setDirection
003f5a1c   _GPIO_read
003f5a42   _GPIO_init
003f5a48   FS$$DIV
003f5ad0   _cos
003f5b31   _pid_reg3_calc
003f5b89   _c_int00
003f5bcf   ___memcpy_ff
003f5bf0   __args_main
003f5c09   C$$EXIT
003f5c09   _abort
003f5c0b   _exit
003f5c22   __register_unlock
003f5c26   __register_lock
003f5c2a   __nop
003f5c33   ___etext__
003f5c33   etext
003f5d34   _PieVectTableInit
003f5e34   ___cinit__
003f5e34   cinit
003f7ff6   code_start
ffffffff   ___binit__
ffffffff   ___c_args__
ffffffff   ___pinit__
ffffffff   binit
ffffffff   pinit

[344 symbols]
