******************************************************************************
             TMS320C2000 Linker PC v6.2.7                      
******************************************************************************
>> Linked Sun Dec 11 12:23:23 2016

OUTPUT FILE NAME:   <motors.out>
ENTRY POINT SYMBOL: "_c_int00"  address: 003f64ce


MEMORY CONFIGURATION

         name            origin    length      used     unused   attr    fill
----------------------  --------  ---------  --------  --------  ----  --------
PAGE 0:
  RAML0                 00008000   00000800  00000000  00000800  RWIX
  RAML1                 00008800   00000400  00000000  00000400  RWIX
  OTP                   003d7800   00000400  00000000  00000400  RWIX
  FLASHH                003d8000   00004000  00000000  00004000  RWIX
  FLASHG                003dc000   00004000  00000000  00004000  RWIX
  FLASHF                003e0000   00004000  00000000  00004000  RWIX
  FLASHE                003e4000   00004000  00000000  00004000  RWIX
  FLASHD                003e8000   00004000  00000000  00004000  RWIX
  FLASHC                003ec000   00004000  00000000  00004000  RWIX
  FLASHA                003f4000   00003f80  00002839  00001747  RWIX
  CSM_RSVD              003f7f80   00000076  00000000  00000076  RWIX
  BEGIN                 003f7ff6   00000002  00000002  00000000  RWIX
  CSM_PWL_P0            003f7ff8   00000008  00000000  00000008  RWIX
  FPUTABLES             003fd860   000006a0  00000000  000006a0  RWIX
  IQTABLES              003fdf00   00000b50  00000000  00000b50  RWIX
  IQTABLES2             003fea50   0000008c  00000000  0000008c  RWIX
  IQTABLES3             003feadc   000000aa  00000000  000000aa  RWIX
  ROM                   003ff3b0   00000c10  00000000  00000c10  RWIX
  RESET                 003fffc0   00000002  00000000  00000002  RWIX
  VECTORS               003fffc2   0000003e  00000000  0000003e  RWIX

PAGE 1:
  BOOT_RSVD             00000000   00000050  00000000  00000050  RWIX
  RAMM0                 00000050   000003b0  00000300  000000b0  RWIX
  RAMM1                 00000400   00000400  00000000  00000400  RWIX
  RAML2                 00008c00   00000400  00000208  000001f8  RWIX
  RAML3                 00009000   00001000  00000000  00001000  RWIX
  RAML4                 0000a000   00002000  00000000  00002000  RWIX
  RAML5                 0000c000   00002000  00000000  00002000  RWIX
  RAML6                 0000e000   00002000  00000000  00002000  RWIX
  RAML7                 00010000   00002000  00000000  00002000  RWIX
  RAML8                 00012000   00002000  00000000  00002000  RWIX
  USB_RAM               00040000   00000800  00000000  00000800  RWIX
  FLASHB                003f0000   00004000  00000000  00004000  RWIX


SECTION ALLOCATION MAP

 output                                  attributes/
section   page    origin      length       input sections
--------  ----  ----------  ----------   ----------------
.pinit     0    003f4000    00000000     UNINITIALIZED

ramfuncs   0    00008000    00000000     UNINITIALIZED

.text      0    003f4000    00002557     
                  003f4000    00001402     main.obj (.text)
                  003f5402    00000aea     main.obj (.text:retain)
                  003f5eec    000002ca     clk.obj (.text)
                  003f61b6    0000018a     gpio.obj (.text)
                  003f6340    000000a5     pid_reg3.obj (.text)
                  003f63e5    00000088     rts2800_fpu32.lib : fs_div.obj (.text)
                  003f646d    00000061                       : cos.obj (.text)
                  003f64ce    00000046                       : boot.obj (.text)
                  003f6514    00000019                       : args_main.obj (.text)
                  003f652d    00000019                       : exit.obj (.text)
                  003f6546    00000009                       : _lock.obj (.text)
                  003f654f    00000008     F2806x_CodeStartBranch.obj (.text)

.econst    0    003f6558    00000200     
                  003f6558    00000100     main.obj (.econst:.string:_CRC_TABLE)
                  003f6658    00000100     main.obj (.econst)

.cinit     0    003f6758    000000c2     
                  003f6758    000000ac     main.obj (.cinit)
                  003f6804    0000000a     rts2800_fpu32.lib : _lock.obj (.cinit)
                  003f680e    0000000a                       : exit.obj (.cinit)
                  003f6818    00000002     --HOLE-- [fill = 0]

.switch    0    003f681a    00000020     
                  003f681a    00000020     main.obj (.switch:_adcRead)

codestart 
*          0    003f7ff6    00000002     
                  003f7ff6    00000002     F2806x_CodeStartBranch.obj (codestart)

.reset     0    003fffc0    00000002     DSECT
                  003fffc0    00000002     rts2800_fpu32.lib : boot.obj (.reset)

vectors    0    003fffc2    00000000     DSECT

.stack     1    00000050    00000300     UNINITIALIZED
                  00000050    00000300     --HOLE--

.ebss      1    00008c00    00000208     UNINITIALIZED
                  00008c00    00000200     main.obj (.ebss)
                  00008e00    00000004     rts2800_fpu32.lib : _lock.obj (.ebss)
                  00008e04    00000004                       : exit.obj (.ebss)


GLOBAL DATA SYMBOLS: SORTED BY DATA PAGE

address     data page           name
--------    ----------------    ----
00000050       1 (00000040)     __stack

00008c00     230 (00008c00)     _saadTestsPs
00008c01     230 (00008c00)     _CTRLSUM
00008c02     230 (00008c00)     _counter
00008c03     230 (00008c00)     _apsL
00008c04     230 (00008c00)     _CTRLSUM_BITS
00008c05     230 (00008c00)     _delay
00008c06     230 (00008c00)     _VELOCITY_BITS
00008c07     230 (00008c00)     _VELOCITY
00008c08     230 (00008c00)     _COMMAND_BYTE_BITS
00008c09     230 (00008c00)     _COMMAND_BYTE
00008c0a     230 (00008c00)     _DATA_BITS
00008c0b     230 (00008c00)     _DATA
00008c0c     230 (00008c00)     _POSITION_BITS
00008c0d     230 (00008c00)     _POSITION
00008c0e     230 (00008c00)     _SAAD_TEST_RES
00008c0f     230 (00008c00)     _flGyro
00008c10     230 (00008c00)     _flPS
00008c11     230 (00008c00)     _stepsCount
00008c12     230 (00008c00)     _notEnd
00008c13     230 (00008c00)     _saadTests
00008c14     230 (00008c00)     _setSci
00008c15     230 (00008c00)     _motorF
00008c16     230 (00008c00)     _spiSend
00008c17     230 (00008c00)     _send
00008c18     230 (00008c00)     _apsR
00008c19     230 (00008c00)     _sciCounter
00008c1a     230 (00008c00)     _mode
00008c1b     230 (00008c00)     _sciFramePart
00008c1c     230 (00008c00)     _ch
00008c1d     230 (00008c00)     _sciSendCnt
00008c1e     230 (00008c00)     _SAAD_TEST_RES_BITS
00008c1f     230 (00008c00)     _SAAD_ST_BITS
00008c20     230 (00008c00)     _SAAD_CTRL_BITS
00008c21     230 (00008c00)     _SAAD_CTRL
00008c22     230 (00008c00)     _SAAD_ST
00008c23     230 (00008c00)     _SAAD_TESTS_BITS
00008c24     230 (00008c00)     _i
00008c26     230 (00008c00)     _sciErrorParity
00008c28     230 (00008c00)     _j
00008c2a     230 (00008c00)     _timer2cnt
00008c2c     230 (00008c00)     _temp
00008c2e     230 (00008c00)     _jj
00008c30     230 (00008c00)     _alpha
00008c32     230 (00008c00)     _posCoef
00008c34     230 (00008c00)     _alpha0
00008c36     230 (00008c00)     _mode1cnt
00008c38     230 (00008c00)     _sciErrorCntFrameDown
00008c3a     230 (00008c00)     _gCnt
00008c3c     230 (00008c00)     _sciErrorCntCtrlSum
00008c3e     230 (00008c00)     _gpioS

00008c40     231 (00008c40)     _spiaRegs
00008c42     231 (00008c40)     _tempData1
00008c44     231 (00008c40)     _tempData2
00008c46     231 (00008c40)     _interrupS
00008c48     231 (00008c40)     _xIntruptRegs
00008c4a     231 (00008c40)     _spiData
00008c4c     231 (00008c40)     _sciaRegs
00008c4e     231 (00008c40)     _adcResRegs
00008c50     231 (00008c40)     _adcRegs
00008c52     231 (00008c40)     _SAAD_CTRL_ALL
00008c54     231 (00008c40)     _clkS
00008c56     231 (00008c40)     _START_BIT
00008c58     231 (00008c40)     _mcbspRegs
00008c5a     231 (00008c40)     _sysCtrlRegs
00008c5c     231 (00008c40)     _START_BIT_BITS
00008c5e     231 (00008c40)     _CpuTimer2Regs
00008c60     231 (00008c40)     _frameCountR
00008c62     231 (00008c40)     _mcbspData
00008c64     231 (00008c40)     _flashRegs
00008c66     231 (00008c40)     _frameCountT
00008c68     231 (00008c40)     _interrupSVectTable
00008c6a     231 (00008c40)     _CpuTimer0Regs
00008c6c     231 (00008c40)     _CpuTimer1Regs
00008c6e     231 (00008c40)     _spiDataFF
00008c72     231 (00008c40)     _pwmValues
00008c76     231 (00008c40)     _sciRxC

00008c80     232 (00008c80)     _saadFrame
00008c88     232 (00008c80)     _pwmRegS
00008c94     232 (00008c80)     _pwmHandle
00008ca0     232 (00008c80)     _motor0

00008cc0     233 (00008cc0)     _motor1
00008cd8     233 (00008cc0)     _adcRes

00008d00     234 (00008d00)     _pid

00008d40     235 (00008d40)     _spiModule

00008d80     236 (00008d80)     _AMCconfArr

00008e00     238 (00008e00)     __unlock
00008e02     238 (00008e00)     __lock
00008e04     238 (00008e00)     ___TI_cleanup_ptr
00008e06     238 (00008e00)     ___TI_dtors_ptr

003f6658    fd99 (003f6640)     _PieVectTableInit


GLOBAL SYMBOLS: SORTED ALPHABETICALLY BY Name 

address    name
--------   ----
003f4000   .text
003f652d   C$$EXIT
003f63e5   FS$$DIV
003f54c0   _ADCINT1_ISR
003f54ca   _ADCINT2_ISR
003f56d2   _ADCINT3_ISR
003f56dc   _ADCINT4_ISR
003f56e6   _ADCINT5_ISR
003f56f0   _ADCINT6_ISR
003f56fa   _ADCINT7_ISR
003f5704   _ADCINT8_ISR
003f54e8   _ADCINT9_ISR
003f4553   _ADC_config
003f4901   _AMCconf
00008d80   _AMCconfArr
003f570e   _CLA1_INT1_ISR
003f5718   _CLA1_INT2_ISR
003f5722   _CLA1_INT3_ISR
003f572c   _CLA1_INT4_ISR
003f5736   _CLA1_INT5_ISR
003f5740   _CLA1_INT6_ISR
003f574a   _CLA1_INT7_ISR
003f5754   _CLA1_INT8_ISR
003f5eec   _CLK_disableAdcClock
003f5ef9   _CLK_disableClaClock
003f5f06   _CLK_disableClkIn
003f5f12   _CLK_disableCompClock
003f5f1e   _CLK_disableCpuTimerClock
003f5f2d   _CLK_disableCrystalOsc
003f5f39   _CLK_disableEcanaClock
003f5f46   _CLK_disableEcap1Clock
003f5f53   _CLK_disableEqep1Clock
003f5f60   _CLK_disableGpioInputClock
003f5f6d   _CLK_disableHrPwmClock
003f5f7a   _CLK_disableI2cClock
003f5f87   _CLK_disableLinAClock
003f5f94   _CLK_disableOsc1
003f5fa0   _CLK_disableOsc1HaltMode
003f5fac   _CLK_disableOsc2
003f5fb8   _CLK_disableOsc2HaltMode
003f5fc4   _CLK_disablePwmClock
003f5fd5   _CLK_disableSciaClock
003f5fe2   _CLK_disableSpiaClock
003f5fef   _CLK_disableSpibClock
003f5ff9   _CLK_disableTbClockSync
003f6006   _CLK_disableWatchDogHaltMode
003f6012   _CLK_enableAdcClock
003f601f   _CLK_enableClaClock
003f607b   _CLK_enableClkIn
003f602c   _CLK_enableCompClock
003f603a   _CLK_enableCpuTimerClock
003f6048   _CLK_enableCrystalOsc
003f6054   _CLK_enableEcanaClock
003f606e   _CLK_enableEcap1Clock
003f6061   _CLK_enableEqep1Clock
003f6087   _CLK_enableGpioInputClock
003f6094   _CLK_enableHrPwmClock
003f60a1   _CLK_enableI2cClock
003f60ae   _CLK_enableLinAClock
003f60bb   _CLK_enableOsc1
003f60c7   _CLK_enableOsc1HaltMode
003f60d3   _CLK_enableOsc2
003f60df   _CLK_enableOsc2HaltMode
003f60eb   _CLK_enablePwmClock
003f60fb   _CLK_enableSciaClock
003f6108   _CLK_enableSpiaClock
003f6115   _CLK_enableSpibClock
003f6122   _CLK_enableTbClockSync
003f612f   _CLK_enableWatchDogHaltMode
003f613b   _CLK_init
003f6148   _CLK_setClkOutPreScaler
003f6158   _CLK_setLowSpdPreScaler
003f6176   _CLK_setOsc2Src
003f6166   _CLK_setOscSrc
003f6186   _CLK_setTimer2PreScale
003f6196   _CLK_setTimer2Src
003f61a6   _CLK_setWatchDogSrc
00008c09   _COMMAND_BYTE
00008c08   _COMMAND_BYTE_BITS
00008c01   _CTRLSUM
00008c04   _CTRLSUM_BITS
003f4aee   _ConfigCpuTimer0
003f4b14   _ConfigCpuTimer1
003f4b39   _ConfigCpuTimer2
00008c6a   _CpuTimer0Regs
00008c6c   _CpuTimer1Regs
00008c5e   _CpuTimer2Regs
00008c0b   _DATA
003f5416   _DATALOG_ISR
00008c0a   _DATA_BITS
003f5646   _DINTCH1_ISR
003f5650   _DINTCH2_ISR
003f565a   _DINTCH3_ISR
003f5664   _DINTCH4_ISR
003f566e   _DINTCH5_ISR
003f5678   _DINTCH6_ISR
003f43d6   _DisableDog
003f56be   _ECAN0INTA_ISR
003f56c8   _ECAN1INTA_ISR
003f55a6   _ECAP1_INT_ISR
003f55b0   _ECAP2_INT_ISR
003f55ba   _ECAP3_INT_ISR
003f577c   _EMPTY_ISR
003f542a   _EMUINT_ISR
003f5556   _EPWM1_INT_ISR
003f5506   _EPWM1_TZINT_ISR
003f5560   _EPWM2_INT_ISR
003f5510   _EPWM2_TZINT_ISR
003f556a   _EPWM3_INT_ISR
003f551a   _EPWM3_TZINT_ISR
003f5574   _EPWM4_INT_ISR
003f5524   _EPWM4_TZINT_ISR
003f557e   _EPWM5_INT_ISR
003f552e   _EPWM5_TZINT_ISR
003f5588   _EPWM6_INT_ISR
003f5538   _EPWM6_TZINT_ISR
003f5592   _EPWM7_INT_ISR
003f5542   _EPWM7_TZINT_ISR
003f559c   _EPWM8_INT_ISR
003f554c   _EPWM8_TZINT_ISR
003f55d8   _EQEP1_INT_ISR
003f55e2   _EQEP2_INT_ISR
003f61b6   _GPIO_init
003f624e   _GPIO_read
003f61ff   _GPIO_setDirection
003f623b   _GPIO_setExtInt
003f627b   _GPIO_setHigh
003f6299   _GPIO_setLow
003f62b7   _GPIO_setMode
003f61c3   _GPIO_setPullup
003f6322   _GPIO_toggle
003f55c4   _HRCAP1_INT_ISR
003f55ce   _HRCAP2_INT_ISR
003f55ec   _HRCAP3_INT_ISR
003f55f6   _HRCAP4_INT_ISR
003f5682   _I2CINT1A_ISR
003f568c   _I2CINT2A_ISR
003f543e   _ILLEGAL_ISR
003f5402   _INT13_ISR
003f540c   _INT14_ISR
003f43e0   _InitPll
003f5772   _LUF_ISR
003f5768   _LVF_ISR
003f5632   _MRINTA_ISR
003f563c   _MXINTA_ISR
003f5434   _NMI_ISR
003f5789   _PIE_RESERVED
00008c0d   _POSITION
00008c0c   _POSITION_BITS
003f6658   _PieVectTableInit
003f5420   _RTOSINT_ISR
00008000   _RamfuncsLoadEnd
00000000   _RamfuncsLoadSize
00008000   _RamfuncsLoadStart
00008000   _RamfuncsRunStart
00008c21   _SAAD_CTRL
00008c52   _SAAD_CTRL_ALL
00008c20   _SAAD_CTRL_BITS
00008c22   _SAAD_ST
00008c1f   _SAAD_ST_BITS
00008c23   _SAAD_TESTS_BITS
00008c0e   _SAAD_TEST_RES
00008c1e   _SAAD_TEST_RES_BITS
003f5696   _SCIRXINTA_ISR
003f56aa   _SCIRXINTB_ISR
003f56a0   _SCITXINTA_ISR
003f56b4   _SCITXINTB_ISR
003f5e3d   _SCI_RX_isr
003f560a   _SPIRXINTA_ISR
003f561e   _SPIRXINTB_ISR
003f5614   _SPITXINTA_ISR
003f5628   _SPITXINTB_ISR
003f5e51   _SPI_RX_isr
00008c56   _START_BIT
00008c5c   _START_BIT_BITS
003f43c8   _ServiceDog
003f54f2   _TINT0_ISR
003f5600   _USB0_INT_ISR
003f54a2   _USER10_ISR
003f54ac   _USER11_ISR
003f54b6   _USER12_ISR
003f5448   _USER1_ISR
003f5452   _USER2_ISR
003f545c   _USER3_ISR
003f5466   _USER4_ISR
003f5470   _USER5_ISR
003f547a   _USER6_ISR
003f5484   _USER7_ISR
003f548e   _USER8_ISR
003f5498   _USER9_ISR
00008c07   _VELOCITY
00008c06   _VELOCITY_BITS
003f54fc   _WAKEINT_ISR
003f54d4   _XINT1_ISR
003f54de   _XINT2_ISR
003f575e   _XINT3_ISR
00000350   __STACK_END
00000300   __STACK_SIZE
00000001   __TI_args_main
00008e04   ___TI_cleanup_ptr
00008e06   ___TI_dtors_ptr
ffffffff   ___binit__
ffffffff   ___c_args__
003f6758   ___cinit__
003f6557   ___etext__
ffffffff   ___pinit__
003f4000   ___text__
003f6514   __args_main
00008e02   __lock
003f654e   __nop
003f654a   __register_lock
003f6546   __register_unlock
00000050   __stack
00008e00   __unlock
003f652d   _abort
003f454a   _adcInit
003f46cd   _adcRead
00008c50   _adcRegs
00008cd8   _adcRes
00008c4e   _adcResRegs
00008c30   _alpha
00008c34   _alpha0
00008c03   _apsL
00008c18   _apsR
003f64ce   _c_int00
003f50bd   _calcPWM
00008c1c   _ch
003f4720   _clkInit
00008c54   _clkS
003f4804   _clkg_delay_loop
003f646d   _cos
00008c02   _counter
003f579d   _cpu_timer0_isr
003f5a72   _cpu_timer1_isr
003f596d   _cpu_timer2_isr
003f509d   _crc8DATA
003f505d   _crc8POS
003f507d   _crc8VEL
00008c05   _delay
003f47ee   _delay_loop
003f501b   _disablePWM
003f652f   _exit
00008c0f   _flGyro
00008c10   _flPS
003f437a   _flashInit
00008c64   _flashRegs
003f4380   _flashSetup
00008c60   _frameCountR
00008c66   _frameCountT
00008c3a   _gCnt
003f504f   _getMaxPWMVal
003f4131   _gpioInit
00008c3e   _gpioS
00008c24   _i
00008c46   _interrupS
003f4aa5   _interrupSDefVectTableInit
00008c68   _interrupSVectTable
003f4a73   _interrupsCpuSetup
003f4a1e   _interrupsCtrlInit
003f4a12   _interrupsInit
003f4a68   _interruptSEnable
00008c28   _j
00008c2e   _jj
003f5144   _main
003f5362   _makeTest
003f48fd   _mcbspAddr
00008c62   _mcbspData
00008c58   _mcbspRegs
003f4867   _mcbspSetupSpi
003f48d9   _mcbsp_read
003f48be   _mcbsp_write
003f481a   _mcbspaInit
003f4820   _mcbspaSetup
00008c1a   _mode
00008c36   _mode1cnt
00008ca0   _motor0
00008cc0   _motor1
00008c15   _motorF
00008c12   _notEnd
00008d00   _pid
003f5143   _pidCalc
003f6340   _pid_reg3_calc
00008c32   _posCoef
00008c94   _pwmHandle
00008c88   _pwmRegS
003f4b5f   _pwmSInit
003f4b74   _pwmSetupWTest
00008c72   _pwmValues
003f5793   _rsvd_ISR
00008c80   _saadFrame
00008c13   _saadTests
00008c00   _saadTestsPs
00008c19   _sciCounter
00008c3c   _sciErrorCntCtrlSum
00008c38   _sciErrorCntFrameDown
00008c26   _sciErrorParity
00008c1b   _sciFramePart
00008c76   _sciRxC
00008c1d   _sciSendCnt
003f49c8   _sciaInit
003f4a03   _sciaRead
00008c4c   _sciaRegs
003f49ce   _sciaSetup
003f4a08   _sciaWrite
00008c17   _send
003f452c   _setExtOsc
003f44e1   _setIntOsc1
003f44f6   _setIntOsc2
003f4ff9   _setPWMValues
003f5030   _setPWMValuesArr
00008c14   _setSci
003f443f   _setUpPeripheralClocks
003f4511   _setXTALOsc
003f4729   _setupClks
003f413a   _setupGPIOs
003f436b   _setupGPIOsInterrupt
003f475a   _setupPeripheralClks
00008c4a   _spiData
00008c6e   _spiDataFF
003f49ba   _spiDisableFF
003f49a5   _spiInit
00008d40   _spiModule
00008c16   _spiSend
003f49ab   _spiSetupFF
00008c40   _spiaRegs
00008c11   _stepsCount
003f513c   _stopMotor
00008c5a   _sysCtrlRegs
003f43a4   _systemInit
003f43aa   _systemSetup
00008c2c   _temp
00008c42   _tempData1
00008c44   _tempData2
00008c2a   _timer2cnt
003f4ad0   _timerInit
003f4adc   _timerSConfig
003f4120   _usDelay
00008c48   _xIntruptRegs
003f51fc   _zeroStart
ffffffff   binit
003f6758   cinit
003f7ff6   code_start
003f6557   etext
ffffffff   pinit


GLOBAL SYMBOLS: SORTED BY Symbol Address 

address    name
--------   ----
00000000   _RamfuncsLoadSize
00000001   __TI_args_main
00000050   __stack
00000300   __STACK_SIZE
00000350   __STACK_END
00008000   _RamfuncsLoadEnd
00008000   _RamfuncsLoadStart
00008000   _RamfuncsRunStart
00008c00   _saadTestsPs
00008c01   _CTRLSUM
00008c02   _counter
00008c03   _apsL
00008c04   _CTRLSUM_BITS
00008c05   _delay
00008c06   _VELOCITY_BITS
00008c07   _VELOCITY
00008c08   _COMMAND_BYTE_BITS
00008c09   _COMMAND_BYTE
00008c0a   _DATA_BITS
00008c0b   _DATA
00008c0c   _POSITION_BITS
00008c0d   _POSITION
00008c0e   _SAAD_TEST_RES
00008c0f   _flGyro
00008c10   _flPS
00008c11   _stepsCount
00008c12   _notEnd
00008c13   _saadTests
00008c14   _setSci
00008c15   _motorF
00008c16   _spiSend
00008c17   _send
00008c18   _apsR
00008c19   _sciCounter
00008c1a   _mode
00008c1b   _sciFramePart
00008c1c   _ch
00008c1d   _sciSendCnt
00008c1e   _SAAD_TEST_RES_BITS
00008c1f   _SAAD_ST_BITS
00008c20   _SAAD_CTRL_BITS
00008c21   _SAAD_CTRL
00008c22   _SAAD_ST
00008c23   _SAAD_TESTS_BITS
00008c24   _i
00008c26   _sciErrorParity
00008c28   _j
00008c2a   _timer2cnt
00008c2c   _temp
00008c2e   _jj
00008c30   _alpha
00008c32   _posCoef
00008c34   _alpha0
00008c36   _mode1cnt
00008c38   _sciErrorCntFrameDown
00008c3a   _gCnt
00008c3c   _sciErrorCntCtrlSum
00008c3e   _gpioS
00008c40   _spiaRegs
00008c42   _tempData1
00008c44   _tempData2
00008c46   _interrupS
00008c48   _xIntruptRegs
00008c4a   _spiData
00008c4c   _sciaRegs
00008c4e   _adcResRegs
00008c50   _adcRegs
00008c52   _SAAD_CTRL_ALL
00008c54   _clkS
00008c56   _START_BIT
00008c58   _mcbspRegs
00008c5a   _sysCtrlRegs
00008c5c   _START_BIT_BITS
00008c5e   _CpuTimer2Regs
00008c60   _frameCountR
00008c62   _mcbspData
00008c64   _flashRegs
00008c66   _frameCountT
00008c68   _interrupSVectTable
00008c6a   _CpuTimer0Regs
00008c6c   _CpuTimer1Regs
00008c6e   _spiDataFF
00008c72   _pwmValues
00008c76   _sciRxC
00008c80   _saadFrame
00008c88   _pwmRegS
00008c94   _pwmHandle
00008ca0   _motor0
00008cc0   _motor1
00008cd8   _adcRes
00008d00   _pid
00008d40   _spiModule
00008d80   _AMCconfArr
00008e00   __unlock
00008e02   __lock
00008e04   ___TI_cleanup_ptr
00008e06   ___TI_dtors_ptr
003f4000   .text
003f4000   ___text__
003f4120   _usDelay
003f4131   _gpioInit
003f413a   _setupGPIOs
003f436b   _setupGPIOsInterrupt
003f437a   _flashInit
003f4380   _flashSetup
003f43a4   _systemInit
003f43aa   _systemSetup
003f43c8   _ServiceDog
003f43d6   _DisableDog
003f43e0   _InitPll
003f443f   _setUpPeripheralClocks
003f44e1   _setIntOsc1
003f44f6   _setIntOsc2
003f4511   _setXTALOsc
003f452c   _setExtOsc
003f454a   _adcInit
003f4553   _ADC_config
003f46cd   _adcRead
003f4720   _clkInit
003f4729   _setupClks
003f475a   _setupPeripheralClks
003f47ee   _delay_loop
003f4804   _clkg_delay_loop
003f481a   _mcbspaInit
003f4820   _mcbspaSetup
003f4867   _mcbspSetupSpi
003f48be   _mcbsp_write
003f48d9   _mcbsp_read
003f48fd   _mcbspAddr
003f4901   _AMCconf
003f49a5   _spiInit
003f49ab   _spiSetupFF
003f49ba   _spiDisableFF
003f49c8   _sciaInit
003f49ce   _sciaSetup
003f4a03   _sciaRead
003f4a08   _sciaWrite
003f4a12   _interrupsInit
003f4a1e   _interrupsCtrlInit
003f4a68   _interruptSEnable
003f4a73   _interrupsCpuSetup
003f4aa5   _interrupSDefVectTableInit
003f4ad0   _timerInit
003f4adc   _timerSConfig
003f4aee   _ConfigCpuTimer0
003f4b14   _ConfigCpuTimer1
003f4b39   _ConfigCpuTimer2
003f4b5f   _pwmSInit
003f4b74   _pwmSetupWTest
003f4ff9   _setPWMValues
003f501b   _disablePWM
003f5030   _setPWMValuesArr
003f504f   _getMaxPWMVal
003f505d   _crc8POS
003f507d   _crc8VEL
003f509d   _crc8DATA
003f50bd   _calcPWM
003f513c   _stopMotor
003f5143   _pidCalc
003f5144   _main
003f51fc   _zeroStart
003f5362   _makeTest
003f5402   _INT13_ISR
003f540c   _INT14_ISR
003f5416   _DATALOG_ISR
003f5420   _RTOSINT_ISR
003f542a   _EMUINT_ISR
003f5434   _NMI_ISR
003f543e   _ILLEGAL_ISR
003f5448   _USER1_ISR
003f5452   _USER2_ISR
003f545c   _USER3_ISR
003f5466   _USER4_ISR
003f5470   _USER5_ISR
003f547a   _USER6_ISR
003f5484   _USER7_ISR
003f548e   _USER8_ISR
003f5498   _USER9_ISR
003f54a2   _USER10_ISR
003f54ac   _USER11_ISR
003f54b6   _USER12_ISR
003f54c0   _ADCINT1_ISR
003f54ca   _ADCINT2_ISR
003f54d4   _XINT1_ISR
003f54de   _XINT2_ISR
003f54e8   _ADCINT9_ISR
003f54f2   _TINT0_ISR
003f54fc   _WAKEINT_ISR
003f5506   _EPWM1_TZINT_ISR
003f5510   _EPWM2_TZINT_ISR
003f551a   _EPWM3_TZINT_ISR
003f5524   _EPWM4_TZINT_ISR
003f552e   _EPWM5_TZINT_ISR
003f5538   _EPWM6_TZINT_ISR
003f5542   _EPWM7_TZINT_ISR
003f554c   _EPWM8_TZINT_ISR
003f5556   _EPWM1_INT_ISR
003f5560   _EPWM2_INT_ISR
003f556a   _EPWM3_INT_ISR
003f5574   _EPWM4_INT_ISR
003f557e   _EPWM5_INT_ISR
003f5588   _EPWM6_INT_ISR
003f5592   _EPWM7_INT_ISR
003f559c   _EPWM8_INT_ISR
003f55a6   _ECAP1_INT_ISR
003f55b0   _ECAP2_INT_ISR
003f55ba   _ECAP3_INT_ISR
003f55c4   _HRCAP1_INT_ISR
003f55ce   _HRCAP2_INT_ISR
003f55d8   _EQEP1_INT_ISR
003f55e2   _EQEP2_INT_ISR
003f55ec   _HRCAP3_INT_ISR
003f55f6   _HRCAP4_INT_ISR
003f5600   _USB0_INT_ISR
003f560a   _SPIRXINTA_ISR
003f5614   _SPITXINTA_ISR
003f561e   _SPIRXINTB_ISR
003f5628   _SPITXINTB_ISR
003f5632   _MRINTA_ISR
003f563c   _MXINTA_ISR
003f5646   _DINTCH1_ISR
003f5650   _DINTCH2_ISR
003f565a   _DINTCH3_ISR
003f5664   _DINTCH4_ISR
003f566e   _DINTCH5_ISR
003f5678   _DINTCH6_ISR
003f5682   _I2CINT1A_ISR
003f568c   _I2CINT2A_ISR
003f5696   _SCIRXINTA_ISR
003f56a0   _SCITXINTA_ISR
003f56aa   _SCIRXINTB_ISR
003f56b4   _SCITXINTB_ISR
003f56be   _ECAN0INTA_ISR
003f56c8   _ECAN1INTA_ISR
003f56d2   _ADCINT3_ISR
003f56dc   _ADCINT4_ISR
003f56e6   _ADCINT5_ISR
003f56f0   _ADCINT6_ISR
003f56fa   _ADCINT7_ISR
003f5704   _ADCINT8_ISR
003f570e   _CLA1_INT1_ISR
003f5718   _CLA1_INT2_ISR
003f5722   _CLA1_INT3_ISR
003f572c   _CLA1_INT4_ISR
003f5736   _CLA1_INT5_ISR
003f5740   _CLA1_INT6_ISR
003f574a   _CLA1_INT7_ISR
003f5754   _CLA1_INT8_ISR
003f575e   _XINT3_ISR
003f5768   _LVF_ISR
003f5772   _LUF_ISR
003f577c   _EMPTY_ISR
003f5789   _PIE_RESERVED
003f5793   _rsvd_ISR
003f579d   _cpu_timer0_isr
003f596d   _cpu_timer2_isr
003f5a72   _cpu_timer1_isr
003f5e3d   _SCI_RX_isr
003f5e51   _SPI_RX_isr
003f5eec   _CLK_disableAdcClock
003f5ef9   _CLK_disableClaClock
003f5f06   _CLK_disableClkIn
003f5f12   _CLK_disableCompClock
003f5f1e   _CLK_disableCpuTimerClock
003f5f2d   _CLK_disableCrystalOsc
003f5f39   _CLK_disableEcanaClock
003f5f46   _CLK_disableEcap1Clock
003f5f53   _CLK_disableEqep1Clock
003f5f60   _CLK_disableGpioInputClock
003f5f6d   _CLK_disableHrPwmClock
003f5f7a   _CLK_disableI2cClock
003f5f87   _CLK_disableLinAClock
003f5f94   _CLK_disableOsc1
003f5fa0   _CLK_disableOsc1HaltMode
003f5fac   _CLK_disableOsc2
003f5fb8   _CLK_disableOsc2HaltMode
003f5fc4   _CLK_disablePwmClock
003f5fd5   _CLK_disableSciaClock
003f5fe2   _CLK_disableSpiaClock
003f5fef   _CLK_disableSpibClock
003f5ff9   _CLK_disableTbClockSync
003f6006   _CLK_disableWatchDogHaltMode
003f6012   _CLK_enableAdcClock
003f601f   _CLK_enableClaClock
003f602c   _CLK_enableCompClock
003f603a   _CLK_enableCpuTimerClock
003f6048   _CLK_enableCrystalOsc
003f6054   _CLK_enableEcanaClock
003f6061   _CLK_enableEqep1Clock
003f606e   _CLK_enableEcap1Clock
003f607b   _CLK_enableClkIn
003f6087   _CLK_enableGpioInputClock
003f6094   _CLK_enableHrPwmClock
003f60a1   _CLK_enableI2cClock
003f60ae   _CLK_enableLinAClock
003f60bb   _CLK_enableOsc1
003f60c7   _CLK_enableOsc1HaltMode
003f60d3   _CLK_enableOsc2
003f60df   _CLK_enableOsc2HaltMode
003f60eb   _CLK_enablePwmClock
003f60fb   _CLK_enableSciaClock
003f6108   _CLK_enableSpiaClock
003f6115   _CLK_enableSpibClock
003f6122   _CLK_enableTbClockSync
003f612f   _CLK_enableWatchDogHaltMode
003f613b   _CLK_init
003f6148   _CLK_setClkOutPreScaler
003f6158   _CLK_setLowSpdPreScaler
003f6166   _CLK_setOscSrc
003f6176   _CLK_setOsc2Src
003f6186   _CLK_setTimer2PreScale
003f6196   _CLK_setTimer2Src
003f61a6   _CLK_setWatchDogSrc
003f61b6   _GPIO_init
003f61c3   _GPIO_setPullup
003f61ff   _GPIO_setDirection
003f623b   _GPIO_setExtInt
003f624e   _GPIO_read
003f627b   _GPIO_setHigh
003f6299   _GPIO_setLow
003f62b7   _GPIO_setMode
003f6322   _GPIO_toggle
003f6340   _pid_reg3_calc
003f63e5   FS$$DIV
003f646d   _cos
003f64ce   _c_int00
003f6514   __args_main
003f652d   C$$EXIT
003f652d   _abort
003f652f   _exit
003f6546   __register_unlock
003f654a   __register_lock
003f654e   __nop
003f6557   ___etext__
003f6557   etext
003f6658   _PieVectTableInit
003f6758   ___cinit__
003f6758   cinit
003f7ff6   code_start
ffffffff   ___binit__
ffffffff   ___c_args__
ffffffff   ___pinit__
ffffffff   binit
ffffffff   pinit

[344 symbols]
