******************************************************************************
             TMS320C2000 Linker PC v6.2.7                      
******************************************************************************
>> Linked Wed Mar 22 09:18:43 2017

OUTPUT FILE NAME:   <motors.out>
ENTRY POINT SYMBOL: "_c_int00"  address: 003f6a6e


MEMORY CONFIGURATION

         name            origin    length      used     unused   attr    fill
----------------------  --------  ---------  --------  --------  ----  --------
PAGE 0:
  RAML0                 00008000   00000800  00000000  00000800  RWIX
  RAML1                 00008800   00000400  00000000  00000400  RWIX
  OTP                   003d7800   00000400  00000000  00000400  RWIX
  FLASHH                003d8000   00004000  00000000  00004000  RWIX
  FLASHG                003dc000   00004000  00000000  00004000  RWIX
  FLASHF                003e0000   00004000  00000000  00004000  RWIX
  FLASHE                003e4000   00004000  00000000  00004000  RWIX
  FLASHD                003e8000   00004000  00000000  00004000  RWIX
  FLASHC                003ec000   00004000  00000000  00004000  RWIX
  FLASHA                003f4000   00003f80  00002ecf  000010b1  RWIX
  CSM_RSVD              003f7f80   00000076  00000000  00000076  RWIX
  BEGIN                 003f7ff6   00000002  00000002  00000000  RWIX
  CSM_PWL_P0            003f7ff8   00000008  00000000  00000008  RWIX
  FPUTABLES             003fd860   000006a0  00000000  000006a0  RWIX
  IQTABLES              003fdf00   00000b50  00000000  00000b50  RWIX
  IQTABLES2             003fea50   0000008c  00000000  0000008c  RWIX
  IQTABLES3             003feadc   000000aa  00000000  000000aa  RWIX
  ROM                   003ff3b0   00000c10  00000000  00000c10  RWIX
  RESET                 003fffc0   00000002  00000000  00000002  RWIX
  VECTORS               003fffc2   0000003e  00000000  0000003e  RWIX

PAGE 1:
  BOOT_RSVD             00000000   00000050  00000000  00000050  RWIX
  RAMM0                 00000050   000003b0  00000300  000000b0  RWIX
  RAMM1                 00000400   00000400  00000000  00000400  RWIX
  RAML2                 00008c00   00000400  00000000  00000400  RWIX
  RAML3                 00009000   00001000  00000408  00000bf8  RWIX
  RAML4                 0000a000   00002000  00000000  00002000  RWIX
  RAML5                 0000c000   00002000  00000000  00002000  RWIX
  RAML6                 0000e000   00002000  00000000  00002000  RWIX
  RAML7                 00010000   00002000  00000000  00002000  RWIX
  RAML8                 00012000   00002000  00000000  00002000  RWIX
  USB_RAM               00040000   00000800  00000000  00000800  RWIX
  FLASHB                003f0000   00004000  00000000  00004000  RWIX


SECTION ALLOCATION MAP

 output                                  attributes/
section   page    origin      length       input sections
--------  ----  ----------  ----------   ----------------
.pinit     0    003f4000    00000000     UNINITIALIZED

ramfuncs   0    00008000    00000000     UNINITIALIZED

.text      0    003f4000    00002af7     
                  003f4000    000016f4     main.obj (.text)
                  003f56f4    00000de5     main.obj (.text:retain)
                  003f64d9    000002ca     clk.obj (.text)
                  003f67a3    0000018a     gpio.obj (.text)
                  003f692d    00000088     rts2800_fpu32.lib : fs_div.obj (.text)
                  003f69b5    00000061                       : cos.obj (.text)
                  003f6a16    00000058                       : sin.obj (.text)
                  003f6a6e    00000046                       : boot.obj (.text)
                  003f6ab4    00000019                       : args_main.obj (.text)
                  003f6acd    00000019                       : exit.obj (.text)
                  003f6ae6    00000009                       : _lock.obj (.text)
                  003f6aef    00000008     F2806x_CodeStartBranch.obj (.text)

.econst    0    003f6af8    00000200     
                  003f6af8    00000100     main.obj (.econst:.string:_CRC_TABLE)
                  003f6bf8    00000100     main.obj (.econst)

.cinit     0    003f6cf8    000001b8     
                  003f6cf8    000001a2     main.obj (.cinit)
                  003f6e9a    0000000a     rts2800_fpu32.lib : _lock.obj (.cinit)
                  003f6ea4    0000000a                       : exit.obj (.cinit)
                  003f6eae    00000002     --HOLE-- [fill = 0]

.switch    0    003f6eb0    00000020     
                  003f6eb0    00000020     main.obj (.switch:_adcRead)

codestart 
*          0    003f7ff6    00000002     
                  003f7ff6    00000002     F2806x_CodeStartBranch.obj (codestart)

.reset     0    003fffc0    00000002     DSECT
                  003fffc0    00000002     rts2800_fpu32.lib : boot.obj (.reset)

vectors    0    003fffc2    00000000     DSECT

.stack     1    00000050    00000300     UNINITIALIZED
                  00000050    00000300     --HOLE--

.ebss      1    00009000    00000408     UNINITIALIZED
                  00009000    00000400     main.obj (.ebss)
                  00009400    00000004     rts2800_fpu32.lib : _lock.obj (.ebss)
                  00009404    00000004                       : exit.obj (.ebss)


GLOBAL DATA SYMBOLS: SORTED BY DATA PAGE

address     data page           name
--------    ----------------    ----
00000050       1 (00000040)     __stack

00009000     240 (00009000)     _CTRLSUM_BITS
00009001     240 (00009000)     _SAAD_ST
00009002     240 (00009000)     _SAAD_TESTS_BITS
00009003     240 (00009000)     _SAAD_ST_BITS
00009004     240 (00009000)     _SAAD_TEST_RES
00009005     240 (00009000)     _SAAD_TEST_RES_BITS
00009006     240 (00009000)     _VELOCITY_BITS
00009007     240 (00009000)     _COMMAND_BYTE_BITS
00009008     240 (00009000)     _COMMAND_BYTE
00009009     240 (00009000)     _DATA_BITS
0000900a     240 (00009000)     _DATA
0000900b     240 (00009000)     _POSITION_BITS
0000900c     240 (00009000)     _POSITION
0000900d     240 (00009000)     _apsL
0000900e     240 (00009000)     _apsR
0000900f     240 (00009000)     _sendDubSCI
00009010     240 (00009000)     _setSci
00009011     240 (00009000)     _sendSCI
00009012     240 (00009000)     _moveMode
00009013     240 (00009000)     _lockDevStepCount
00009014     240 (00009000)     _mode
00009015     240 (00009000)     _lockDevEn
00009016     240 (00009000)     _lockDevSend
00009017     240 (00009000)     _xData
00009018     240 (00009000)     _delay
00009019     240 (00009000)     _yData
0000901a     240 (00009000)     _CTRLSUM
0000901b     240 (00009000)     _saadTestsPs
0000901c     240 (00009000)     _sciSendCnt
0000901d     240 (00009000)     _saadTests
0000901e     240 (00009000)     _sciCounter
0000901f     240 (00009000)     _counter
00009020     240 (00009000)     _sciFramePart
00009021     240 (00009000)     _SAAD_CTRL
00009022     240 (00009000)     _VELOCITY
00009023     240 (00009000)     _SAAD_CTRL_BITS
00009024     240 (00009000)     _mcbspData
00009026     240 (00009000)     _j
00009028     240 (00009000)     _CpuTimer2Regs
0000902a     240 (00009000)     _flashRegs
0000902c     240 (00009000)     _vel
0000902e     240 (00009000)     _timer0cnt
00009030     240 (00009000)     _acel
00009032     240 (00009000)     _mode1cnt
00009034     240 (00009000)     _dt
00009036     240 (00009000)     _mode3cnt
00009038     240 (00009000)     _timeUp
0000903a     240 (00009000)     _time
0000903c     240 (00009000)     _alpha
0000903e     240 (00009000)     _speed

00009040     241 (00009040)     _alpha1
00009042     241 (00009040)     _START_BIT
00009044     241 (00009040)     _mcbspRegs
00009046     241 (00009040)     _START_BIT_BITS
00009048     241 (00009040)     _i
0000904a     241 (00009040)     _spiaRegs
0000904c     241 (00009040)     _tempData1
0000904e     241 (00009040)     _tempData2
00009050     241 (00009040)     _adcResRegs
00009052     241 (00009040)     _adcRegs
00009054     241 (00009040)     _SAAD_CTRL_ALL
00009056     241 (00009040)     _clkS
00009058     241 (00009040)     _sysCtrlRegs
0000905a     241 (00009040)     _gpioS
0000905c     241 (00009040)     _xIntruptRegs
0000905e     241 (00009040)     _interrupSVectTable
00009060     241 (00009040)     _sciaRegs
00009062     241 (00009040)     _interrupS
00009064     241 (00009040)     _CpuTimer1Regs
00009066     241 (00009040)     _timer1cnt
00009068     241 (00009040)     _jj
0000906a     241 (00009040)     _CpuTimer0Regs
0000906c     241 (00009040)     _spiData
0000906e     241 (00009040)     _pwmValues
00009072     241 (00009040)     _refD
00009076     241 (00009040)     _refQ
0000907a     241 (00009040)     _iTot

00009080     242 (00009080)     _alBeI
00009088     242 (00009080)     _alBe
00009090     242 (00009080)     _dqP
00009098     242 (00009080)     _dq
000090a0     242 (00009080)     _saadFrameResive
000090a8     242 (00009080)     _saadFrameSend
000090b0     242 (00009080)     _abcI

000090c0     243 (000090c0)     _abc
000090cc     243 (000090c0)     _pwmRegS
000090d8     243 (000090c0)     _pwmHandle

00009100     244 (00009100)     _adcRes

00009140     245 (00009140)     _motor0

00009180     246 (00009180)     _motor1

000091c0     247 (000091c0)     _spiModule

00009200     248 (00009200)     _pidD

00009280     24a (00009280)     _pidVel

00009300     24c (00009300)     _pidQ

00009380     24e (00009380)     _AMCconfArr

00009400     250 (00009400)     __unlock
00009402     250 (00009400)     __lock
00009404     250 (00009400)     ___TI_cleanup_ptr
00009406     250 (00009400)     ___TI_dtors_ptr

003f6bf8    fdaf (003f6bc0)     _PieVectTableInit


GLOBAL SYMBOLS: SORTED ALPHABETICALLY BY Name 

address    name
--------   ----
003f4000   .text
003f6acd   C$$EXIT
003f692d   FS$$DIV
003f57b2   _ADCINT1_ISR
003f57bc   _ADCINT2_ISR
003f59c4   _ADCINT3_ISR
003f59ce   _ADCINT4_ISR
003f59d8   _ADCINT5_ISR
003f59e2   _ADCINT6_ISR
003f59ec   _ADCINT7_ISR
003f59f6   _ADCINT8_ISR
003f57da   _ADCINT9_ISR
003f465f   _ADC_config
003f4a24   _AMCconf
00009380   _AMCconfArr
003f5a00   _CLA1_INT1_ISR
003f5a0a   _CLA1_INT2_ISR
003f5a14   _CLA1_INT3_ISR
003f5a1e   _CLA1_INT4_ISR
003f5a28   _CLA1_INT5_ISR
003f5a32   _CLA1_INT6_ISR
003f5a3c   _CLA1_INT7_ISR
003f5a46   _CLA1_INT8_ISR
003f64d9   _CLK_disableAdcClock
003f64e6   _CLK_disableClaClock
003f64f3   _CLK_disableClkIn
003f64ff   _CLK_disableCompClock
003f650b   _CLK_disableCpuTimerClock
003f651a   _CLK_disableCrystalOsc
003f6526   _CLK_disableEcanaClock
003f6533   _CLK_disableEcap1Clock
003f6540   _CLK_disableEqep1Clock
003f654d   _CLK_disableGpioInputClock
003f655a   _CLK_disableHrPwmClock
003f6567   _CLK_disableI2cClock
003f6574   _CLK_disableLinAClock
003f6581   _CLK_disableOsc1
003f658d   _CLK_disableOsc1HaltMode
003f6599   _CLK_disableOsc2
003f65a5   _CLK_disableOsc2HaltMode
003f65b1   _CLK_disablePwmClock
003f65c2   _CLK_disableSciaClock
003f65cf   _CLK_disableSpiaClock
003f65dc   _CLK_disableSpibClock
003f65e6   _CLK_disableTbClockSync
003f65f3   _CLK_disableWatchDogHaltMode
003f65ff   _CLK_enableAdcClock
003f660c   _CLK_enableClaClock
003f6668   _CLK_enableClkIn
003f6619   _CLK_enableCompClock
003f6627   _CLK_enableCpuTimerClock
003f6635   _CLK_enableCrystalOsc
003f6641   _CLK_enableEcanaClock
003f665b   _CLK_enableEcap1Clock
003f664e   _CLK_enableEqep1Clock
003f6674   _CLK_enableGpioInputClock
003f6681   _CLK_enableHrPwmClock
003f668e   _CLK_enableI2cClock
003f669b   _CLK_enableLinAClock
003f66a8   _CLK_enableOsc1
003f66b4   _CLK_enableOsc1HaltMode
003f66c0   _CLK_enableOsc2
003f66cc   _CLK_enableOsc2HaltMode
003f66d8   _CLK_enablePwmClock
003f66e8   _CLK_enableSciaClock
003f66f5   _CLK_enableSpiaClock
003f6702   _CLK_enableSpibClock
003f670f   _CLK_enableTbClockSync
003f671c   _CLK_enableWatchDogHaltMode
003f6728   _CLK_init
003f6735   _CLK_setClkOutPreScaler
003f6745   _CLK_setLowSpdPreScaler
003f6763   _CLK_setOsc2Src
003f6753   _CLK_setOscSrc
003f6773   _CLK_setTimer2PreScale
003f6783   _CLK_setTimer2Src
003f6793   _CLK_setWatchDogSrc
00009008   _COMMAND_BYTE
00009007   _COMMAND_BYTE_BITS
0000901a   _CTRLSUM
00009000   _CTRLSUM_BITS
003f4c16   _ConfigCpuTimer0
003f4c3c   _ConfigCpuTimer1
003f4c61   _ConfigCpuTimer2
0000906a   _CpuTimer0Regs
00009064   _CpuTimer1Regs
00009028   _CpuTimer2Regs
0000900a   _DATA
003f5708   _DATALOG_ISR
00009009   _DATA_BITS
003f5938   _DINTCH1_ISR
003f5942   _DINTCH2_ISR
003f594c   _DINTCH3_ISR
003f5956   _DINTCH4_ISR
003f5960   _DINTCH5_ISR
003f596a   _DINTCH6_ISR
003f44e2   _DisableDog
003f59b0   _ECAN0INTA_ISR
003f59ba   _ECAN1INTA_ISR
003f5898   _ECAP1_INT_ISR
003f58a2   _ECAP2_INT_ISR
003f58ac   _ECAP3_INT_ISR
003f5a6e   _EMPTY_ISR
003f571c   _EMUINT_ISR
003f5848   _EPWM1_INT_ISR
003f57f8   _EPWM1_TZINT_ISR
003f5852   _EPWM2_INT_ISR
003f5802   _EPWM2_TZINT_ISR
003f585c   _EPWM3_INT_ISR
003f580c   _EPWM3_TZINT_ISR
003f5866   _EPWM4_INT_ISR
003f5816   _EPWM4_TZINT_ISR
003f5870   _EPWM5_INT_ISR
003f5820   _EPWM5_TZINT_ISR
003f587a   _EPWM6_INT_ISR
003f582a   _EPWM6_TZINT_ISR
003f5884   _EPWM7_INT_ISR
003f5834   _EPWM7_TZINT_ISR
003f588e   _EPWM8_INT_ISR
003f583e   _EPWM8_TZINT_ISR
003f58ca   _EQEP1_INT_ISR
003f58d4   _EQEP2_INT_ISR
003f67a3   _GPIO_init
003f683b   _GPIO_read
003f67ec   _GPIO_setDirection
003f6828   _GPIO_setExtInt
003f6868   _GPIO_setHigh
003f6886   _GPIO_setLow
003f68a4   _GPIO_setMode
003f67b0   _GPIO_setPullup
003f690f   _GPIO_toggle
003f64ae   _GYRO_X_isr
003f58b6   _HRCAP1_INT_ISR
003f58c0   _HRCAP2_INT_ISR
003f58de   _HRCAP3_INT_ISR
003f58e8   _HRCAP4_INT_ISR
003f5974   _I2CINT1A_ISR
003f597e   _I2CINT2A_ISR
003f5730   _ILLEGAL_ISR
003f56f4   _INT13_ISR
003f56fe   _INT14_ISR
003f44ec   _InitPll
003f5a64   _LUF_ISR
003f5a5a   _LVF_ISR
003f5924   _MRINTA_ISR
003f592e   _MXINTA_ISR
003f5726   _NMI_ISR
003f5a7b   _PIE_RESERVED
0000900c   _POSITION
0000900b   _POSITION_BITS
003f6bf8   _PieVectTableInit
003f5712   _RTOSINT_ISR
00008000   _RamfuncsLoadEnd
00000000   _RamfuncsLoadSize
00008000   _RamfuncsLoadStart
00008000   _RamfuncsRunStart
00009021   _SAAD_CTRL
00009054   _SAAD_CTRL_ALL
00009023   _SAAD_CTRL_BITS
00009001   _SAAD_ST
00009003   _SAAD_ST_BITS
00009002   _SAAD_TESTS_BITS
00009004   _SAAD_TEST_RES
00009005   _SAAD_TEST_RES_BITS
003f5988   _SCIRXINTA_ISR
003f599c   _SCIRXINTB_ISR
003f5992   _SCITXINTA_ISR
003f59a6   _SCITXINTB_ISR
003f649a   _SCI_RX_isr
003f58fc   _SPIRXINTA_ISR
003f5910   _SPIRXINTB_ISR
003f5906   _SPITXINTA_ISR
003f591a   _SPITXINTB_ISR
003f54da   _SPI_RX_isr
00009042   _START_BIT
00009046   _START_BIT_BITS
003f44d4   _ServiceDog
003f57e4   _TINT0_ISR
003f58f2   _USB0_INT_ISR
003f5794   _USER10_ISR
003f579e   _USER11_ISR
003f57a8   _USER12_ISR
003f573a   _USER1_ISR
003f5744   _USER2_ISR
003f574e   _USER3_ISR
003f5758   _USER4_ISR
003f5762   _USER5_ISR
003f576c   _USER6_ISR
003f5776   _USER7_ISR
003f5780   _USER8_ISR
003f578a   _USER9_ISR
00009022   _VELOCITY
00009006   _VELOCITY_BITS
003f57ee   _WAKEINT_ISR
003f57c6   _XINT1_ISR
003f57d0   _XINT2_ISR
003f5a50   _XINT3_ISR
00000350   __STACK_END
00000300   __STACK_SIZE
00000001   __TI_args_main
00009404   ___TI_cleanup_ptr
00009406   ___TI_dtors_ptr
ffffffff   ___binit__
ffffffff   ___c_args__
003f6cf8   ___cinit__
003f6af7   ___etext__
ffffffff   ___pinit__
003f4000   ___text__
003f6ab4   __args_main
00009402   __lock
003f6aee   __nop
003f6aea   __register_lock
003f6ae6   __register_unlock
00000050   __stack
00009400   __unlock
000090c0   _abc
000090b0   _abcI
003f6acd   _abort
00009030   _acel
003f4656   _adcInit
003f47d9   _adcRead
00009052   _adcRegs
00009100   _adcRes
00009050   _adcResRegs
003f64c2   _adc_X_ISR
00009088   _alBe
00009080   _alBeI
0000903c   _alpha
00009040   _alpha1
003f51d3   _alphaF
0000900d   _apsL
0000900e   _apsR
003f6a6e   _c_int00
003f4e9b   _calcPWM
003f559b   _calcSpeed
003f4fdb   _clarke
003f5085   _clarkeInv
003f4843   _clkInit
00009056   _clkS
003f4927   _clkg_delay_loop
003f69b5   _cos
0000901f   _counter
003f5a8f   _cpu_timer0_isr
003f5f93   _cpu_timer1_isr
003f5ef2   _cpu_timer2_isr
003f4e7b   _crc8DATA
003f4e3b   _crc8POS
003f4e5b   _crc8VEL
00009018   _delay
003f4911   _delay_loop
003f4df9   _disablePWM
00009098   _dq
00009090   _dqP
00009034   _dt
003f6acf   _exit
003f4486   _flashInit
0000902a   _flashRegs
003f448c   _flashSetup
003f4e2d   _getMaxPWMVal
003f423d   _gpioInit
0000905a   _gpioS
00009048   _i
0000907a   _iTot
00009062   _interrupS
003f4bc9   _interrupSDefVectTableInit
0000905e   _interrupSVectTable
003f4ba9   _interrupsCpuSetup
003f4b54   _interrupsCtrlInit
003f4b48   _interrupsInit
003f4b9e   _interruptSEnable
00009026   _j
00009068   _jj
00009015   _lockDevEn
00009016   _lockDevSend
003f552c   _lockDevStart
00009013   _lockDevStepCount
003f52d6   _main
003f512f   _makeTest
003f4a20   _mcbspAddr
00009024   _mcbspData
00009044   _mcbspRegs
003f498a   _mcbspSetupSpi
003f49fc   _mcbsp_read
003f49e1   _mcbsp_write
003f493d   _mcbspaInit
003f4943   _mcbspaSetup
00009014   _mode
00009032   _mode1cnt
00009036   _mode3cnt
00009140   _motor0
00009180   _motor1
00009012   _moveMode
003f500f   _park
003f504a   _parkInv
003f4f15   _pidCalc
00009200   _pidD
00009300   _pidQ
00009280   _pidVel
003f4f16   _pid_reg3_calc
000090d8   _pwmHandle
000090cc   _pwmRegS
003f4c86   _pwmSInit
003f4c9b   _pwmSetupWTest
0000906e   _pwmValues
00009072   _refD
00009076   _refQ
003f5a85   _rsvd_ISR
000090a0   _saadFrameResive
000090a8   _saadFrameSend
0000901d   _saadTests
0000901b   _saadTestsPs
0000901e   _sciCounter
00009020   _sciFramePart
0000901c   _sciSendCnt
003f4afe   _sciaInit
003f4b39   _sciaRead
00009060   _sciaRegs
003f4b04   _sciaSetup
003f4b3e   _sciaWrite
0000900f   _sendDubSCI
00009011   _sendSCI
003f4638   _setExtOsc
003f45ed   _setIntOsc1
003f4602   _setIntOsc2
003f4dd7   _setPWMValues
003f4e0e   _setPWMValuesArr
00009010   _setSci
003f454b   _setUpPeripheralClocks
003f461d   _setXTALOsc
003f484c   _setupClks
003f4246   _setupGPIOs
003f4477   _setupGPIOsInterrupt
003f487d   _setupPeripheralClks
003f6a16   _sin
0000903e   _speed
0000906c   _spiData
003f4af0   _spiDisableFF
003f4adb   _spiInit
000091c0   _spiModule
003f4ae1   _spiSetupFF
0000904a   _spiaRegs
003f4f0e   _stopMotor
00009058   _sysCtrlRegs
003f44b0   _systemInit
003f44b6   _systemSetup
0000904c   _tempData1
0000904e   _tempData2
0000903a   _time
00009038   _timeUp
0000902e   _timer0cnt
00009066   _timer1cnt
003f4bf4   _timerInit
003f4c02   _timerSConfig
003f422c   _usDelay
0000902c   _vel
00009017   _xData
0000905c   _xIntruptRegs
00009019   _yData
ffffffff   binit
003f6cf8   cinit
003f7ff6   code_start
003f6af7   etext
ffffffff   pinit


GLOBAL SYMBOLS: SORTED BY Symbol Address 

address    name
--------   ----
00000000   _RamfuncsLoadSize
00000001   __TI_args_main
00000050   __stack
00000300   __STACK_SIZE
00000350   __STACK_END
00008000   _RamfuncsLoadEnd
00008000   _RamfuncsLoadStart
00008000   _RamfuncsRunStart
00009000   _CTRLSUM_BITS
00009001   _SAAD_ST
00009002   _SAAD_TESTS_BITS
00009003   _SAAD_ST_BITS
00009004   _SAAD_TEST_RES
00009005   _SAAD_TEST_RES_BITS
00009006   _VELOCITY_BITS
00009007   _COMMAND_BYTE_BITS
00009008   _COMMAND_BYTE
00009009   _DATA_BITS
0000900a   _DATA
0000900b   _POSITION_BITS
0000900c   _POSITION
0000900d   _apsL
0000900e   _apsR
0000900f   _sendDubSCI
00009010   _setSci
00009011   _sendSCI
00009012   _moveMode
00009013   _lockDevStepCount
00009014   _mode
00009015   _lockDevEn
00009016   _lockDevSend
00009017   _xData
00009018   _delay
00009019   _yData
0000901a   _CTRLSUM
0000901b   _saadTestsPs
0000901c   _sciSendCnt
0000901d   _saadTests
0000901e   _sciCounter
0000901f   _counter
00009020   _sciFramePart
00009021   _SAAD_CTRL
00009022   _VELOCITY
00009023   _SAAD_CTRL_BITS
00009024   _mcbspData
00009026   _j
00009028   _CpuTimer2Regs
0000902a   _flashRegs
0000902c   _vel
0000902e   _timer0cnt
00009030   _acel
00009032   _mode1cnt
00009034   _dt
00009036   _mode3cnt
00009038   _timeUp
0000903a   _time
0000903c   _alpha
0000903e   _speed
00009040   _alpha1
00009042   _START_BIT
00009044   _mcbspRegs
00009046   _START_BIT_BITS
00009048   _i
0000904a   _spiaRegs
0000904c   _tempData1
0000904e   _tempData2
00009050   _adcResRegs
00009052   _adcRegs
00009054   _SAAD_CTRL_ALL
00009056   _clkS
00009058   _sysCtrlRegs
0000905a   _gpioS
0000905c   _xIntruptRegs
0000905e   _interrupSVectTable
00009060   _sciaRegs
00009062   _interrupS
00009064   _CpuTimer1Regs
00009066   _timer1cnt
00009068   _jj
0000906a   _CpuTimer0Regs
0000906c   _spiData
0000906e   _pwmValues
00009072   _refD
00009076   _refQ
0000907a   _iTot
00009080   _alBeI
00009088   _alBe
00009090   _dqP
00009098   _dq
000090a0   _saadFrameResive
000090a8   _saadFrameSend
000090b0   _abcI
000090c0   _abc
000090cc   _pwmRegS
000090d8   _pwmHandle
00009100   _adcRes
00009140   _motor0
00009180   _motor1
000091c0   _spiModule
00009200   _pidD
00009280   _pidVel
00009300   _pidQ
00009380   _AMCconfArr
00009400   __unlock
00009402   __lock
00009404   ___TI_cleanup_ptr
00009406   ___TI_dtors_ptr
003f4000   .text
003f4000   ___text__
003f422c   _usDelay
003f423d   _gpioInit
003f4246   _setupGPIOs
003f4477   _setupGPIOsInterrupt
003f4486   _flashInit
003f448c   _flashSetup
003f44b0   _systemInit
003f44b6   _systemSetup
003f44d4   _ServiceDog
003f44e2   _DisableDog
003f44ec   _InitPll
003f454b   _setUpPeripheralClocks
003f45ed   _setIntOsc1
003f4602   _setIntOsc2
003f461d   _setXTALOsc
003f4638   _setExtOsc
003f4656   _adcInit
003f465f   _ADC_config
003f47d9   _adcRead
003f4843   _clkInit
003f484c   _setupClks
003f487d   _setupPeripheralClks
003f4911   _delay_loop
003f4927   _clkg_delay_loop
003f493d   _mcbspaInit
003f4943   _mcbspaSetup
003f498a   _mcbspSetupSpi
003f49e1   _mcbsp_write
003f49fc   _mcbsp_read
003f4a20   _mcbspAddr
003f4a24   _AMCconf
003f4adb   _spiInit
003f4ae1   _spiSetupFF
003f4af0   _spiDisableFF
003f4afe   _sciaInit
003f4b04   _sciaSetup
003f4b39   _sciaRead
003f4b3e   _sciaWrite
003f4b48   _interrupsInit
003f4b54   _interrupsCtrlInit
003f4b9e   _interruptSEnable
003f4ba9   _interrupsCpuSetup
003f4bc9   _interrupSDefVectTableInit
003f4bf4   _timerInit
003f4c02   _timerSConfig
003f4c16   _ConfigCpuTimer0
003f4c3c   _ConfigCpuTimer1
003f4c61   _ConfigCpuTimer2
003f4c86   _pwmSInit
003f4c9b   _pwmSetupWTest
003f4dd7   _setPWMValues
003f4df9   _disablePWM
003f4e0e   _setPWMValuesArr
003f4e2d   _getMaxPWMVal
003f4e3b   _crc8POS
003f4e5b   _crc8VEL
003f4e7b   _crc8DATA
003f4e9b   _calcPWM
003f4f0e   _stopMotor
003f4f15   _pidCalc
003f4f16   _pid_reg3_calc
003f4fdb   _clarke
003f500f   _park
003f504a   _parkInv
003f5085   _clarkeInv
003f512f   _makeTest
003f51d3   _alphaF
003f52d6   _main
003f54da   _SPI_RX_isr
003f552c   _lockDevStart
003f559b   _calcSpeed
003f56f4   _INT13_ISR
003f56fe   _INT14_ISR
003f5708   _DATALOG_ISR
003f5712   _RTOSINT_ISR
003f571c   _EMUINT_ISR
003f5726   _NMI_ISR
003f5730   _ILLEGAL_ISR
003f573a   _USER1_ISR
003f5744   _USER2_ISR
003f574e   _USER3_ISR
003f5758   _USER4_ISR
003f5762   _USER5_ISR
003f576c   _USER6_ISR
003f5776   _USER7_ISR
003f5780   _USER8_ISR
003f578a   _USER9_ISR
003f5794   _USER10_ISR
003f579e   _USER11_ISR
003f57a8   _USER12_ISR
003f57b2   _ADCINT1_ISR
003f57bc   _ADCINT2_ISR
003f57c6   _XINT1_ISR
003f57d0   _XINT2_ISR
003f57da   _ADCINT9_ISR
003f57e4   _TINT0_ISR
003f57ee   _WAKEINT_ISR
003f57f8   _EPWM1_TZINT_ISR
003f5802   _EPWM2_TZINT_ISR
003f580c   _EPWM3_TZINT_ISR
003f5816   _EPWM4_TZINT_ISR
003f5820   _EPWM5_TZINT_ISR
003f582a   _EPWM6_TZINT_ISR
003f5834   _EPWM7_TZINT_ISR
003f583e   _EPWM8_TZINT_ISR
003f5848   _EPWM1_INT_ISR
003f5852   _EPWM2_INT_ISR
003f585c   _EPWM3_INT_ISR
003f5866   _EPWM4_INT_ISR
003f5870   _EPWM5_INT_ISR
003f587a   _EPWM6_INT_ISR
003f5884   _EPWM7_INT_ISR
003f588e   _EPWM8_INT_ISR
003f5898   _ECAP1_INT_ISR
003f58a2   _ECAP2_INT_ISR
003f58ac   _ECAP3_INT_ISR
003f58b6   _HRCAP1_INT_ISR
003f58c0   _HRCAP2_INT_ISR
003f58ca   _EQEP1_INT_ISR
003f58d4   _EQEP2_INT_ISR
003f58de   _HRCAP3_INT_ISR
003f58e8   _HRCAP4_INT_ISR
003f58f2   _USB0_INT_ISR
003f58fc   _SPIRXINTA_ISR
003f5906   _SPITXINTA_ISR
003f5910   _SPIRXINTB_ISR
003f591a   _SPITXINTB_ISR
003f5924   _MRINTA_ISR
003f592e   _MXINTA_ISR
003f5938   _DINTCH1_ISR
003f5942   _DINTCH2_ISR
003f594c   _DINTCH3_ISR
003f5956   _DINTCH4_ISR
003f5960   _DINTCH5_ISR
003f596a   _DINTCH6_ISR
003f5974   _I2CINT1A_ISR
003f597e   _I2CINT2A_ISR
003f5988   _SCIRXINTA_ISR
003f5992   _SCITXINTA_ISR
003f599c   _SCIRXINTB_ISR
003f59a6   _SCITXINTB_ISR
003f59b0   _ECAN0INTA_ISR
003f59ba   _ECAN1INTA_ISR
003f59c4   _ADCINT3_ISR
003f59ce   _ADCINT4_ISR
003f59d8   _ADCINT5_ISR
003f59e2   _ADCINT6_ISR
003f59ec   _ADCINT7_ISR
003f59f6   _ADCINT8_ISR
003f5a00   _CLA1_INT1_ISR
003f5a0a   _CLA1_INT2_ISR
003f5a14   _CLA1_INT3_ISR
003f5a1e   _CLA1_INT4_ISR
003f5a28   _CLA1_INT5_ISR
003f5a32   _CLA1_INT6_ISR
003f5a3c   _CLA1_INT7_ISR
003f5a46   _CLA1_INT8_ISR
003f5a50   _XINT3_ISR
003f5a5a   _LVF_ISR
003f5a64   _LUF_ISR
003f5a6e   _EMPTY_ISR
003f5a7b   _PIE_RESERVED
003f5a85   _rsvd_ISR
003f5a8f   _cpu_timer0_isr
003f5ef2   _cpu_timer2_isr
003f5f93   _cpu_timer1_isr
003f649a   _SCI_RX_isr
003f64ae   _GYRO_X_isr
003f64c2   _adc_X_ISR
003f64d9   _CLK_disableAdcClock
003f64e6   _CLK_disableClaClock
003f64f3   _CLK_disableClkIn
003f64ff   _CLK_disableCompClock
003f650b   _CLK_disableCpuTimerClock
003f651a   _CLK_disableCrystalOsc
003f6526   _CLK_disableEcanaClock
003f6533   _CLK_disableEcap1Clock
003f6540   _CLK_disableEqep1Clock
003f654d   _CLK_disableGpioInputClock
003f655a   _CLK_disableHrPwmClock
003f6567   _CLK_disableI2cClock
003f6574   _CLK_disableLinAClock
003f6581   _CLK_disableOsc1
003f658d   _CLK_disableOsc1HaltMode
003f6599   _CLK_disableOsc2
003f65a5   _CLK_disableOsc2HaltMode
003f65b1   _CLK_disablePwmClock
003f65c2   _CLK_disableSciaClock
003f65cf   _CLK_disableSpiaClock
003f65dc   _CLK_disableSpibClock
003f65e6   _CLK_disableTbClockSync
003f65f3   _CLK_disableWatchDogHaltMode
003f65ff   _CLK_enableAdcClock
003f660c   _CLK_enableClaClock
003f6619   _CLK_enableCompClock
003f6627   _CLK_enableCpuTimerClock
003f6635   _CLK_enableCrystalOsc
003f6641   _CLK_enableEcanaClock
003f664e   _CLK_enableEqep1Clock
003f665b   _CLK_enableEcap1Clock
003f6668   _CLK_enableClkIn
003f6674   _CLK_enableGpioInputClock
003f6681   _CLK_enableHrPwmClock
003f668e   _CLK_enableI2cClock
003f669b   _CLK_enableLinAClock
003f66a8   _CLK_enableOsc1
003f66b4   _CLK_enableOsc1HaltMode
003f66c0   _CLK_enableOsc2
003f66cc   _CLK_enableOsc2HaltMode
003f66d8   _CLK_enablePwmClock
003f66e8   _CLK_enableSciaClock
003f66f5   _CLK_enableSpiaClock
003f6702   _CLK_enableSpibClock
003f670f   _CLK_enableTbClockSync
003f671c   _CLK_enableWatchDogHaltMode
003f6728   _CLK_init
003f6735   _CLK_setClkOutPreScaler
003f6745   _CLK_setLowSpdPreScaler
003f6753   _CLK_setOscSrc
003f6763   _CLK_setOsc2Src
003f6773   _CLK_setTimer2PreScale
003f6783   _CLK_setTimer2Src
003f6793   _CLK_setWatchDogSrc
003f67a3   _GPIO_init
003f67b0   _GPIO_setPullup
003f67ec   _GPIO_setDirection
003f6828   _GPIO_setExtInt
003f683b   _GPIO_read
003f6868   _GPIO_setHigh
003f6886   _GPIO_setLow
003f68a4   _GPIO_setMode
003f690f   _GPIO_toggle
003f692d   FS$$DIV
003f69b5   _cos
003f6a16   _sin
003f6a6e   _c_int00
003f6ab4   __args_main
003f6acd   C$$EXIT
003f6acd   _abort
003f6acf   _exit
003f6ae6   __register_unlock
003f6aea   __register_lock
003f6aee   __nop
003f6af7   ___etext__
003f6af7   etext
003f6bf8   _PieVectTableInit
003f6cf8   ___cinit__
003f6cf8   cinit
003f7ff6   code_start
ffffffff   ___binit__
ffffffff   ___c_args__
ffffffff   ___pinit__
ffffffff   binit
ffffffff   pinit

[363 symbols]
