******************************************************************************
             TMS320C2000 Linker PC v6.2.7                      
******************************************************************************
>> Linked Wed Dec 28 10:41:37 2016

OUTPUT FILE NAME:   <motors.out>
ENTRY POINT SYMBOL: "_c_int00"  address: 003f6660


MEMORY CONFIGURATION

         name            origin    length      used     unused   attr    fill
----------------------  --------  ---------  --------  --------  ----  --------
PAGE 0:
  RAML0                 00008000   00000800  00000000  00000800  RWIX
  RAML1                 00008800   00000400  00000000  00000400  RWIX
  OTP                   003d7800   00000400  00000000  00000400  RWIX
  FLASHH                003d8000   00004000  00000000  00004000  RWIX
  FLASHG                003dc000   00004000  00000000  00004000  RWIX
  FLASHF                003e0000   00004000  00000000  00004000  RWIX
  FLASHE                003e4000   00004000  00000000  00004000  RWIX
  FLASHD                003e8000   00004000  00000000  00004000  RWIX
  FLASHC                003ec000   00004000  00000000  00004000  RWIX
  FLASHA                003f4000   00003f80  000029cb  000015b5  RWIX
  CSM_RSVD              003f7f80   00000076  00000000  00000076  RWIX
  BEGIN                 003f7ff6   00000002  00000002  00000000  RWIX
  CSM_PWL_P0            003f7ff8   00000008  00000000  00000008  RWIX
  FPUTABLES             003fd860   000006a0  00000000  000006a0  RWIX
  IQTABLES              003fdf00   00000b50  00000000  00000b50  RWIX
  IQTABLES2             003fea50   0000008c  00000000  0000008c  RWIX
  IQTABLES3             003feadc   000000aa  00000000  000000aa  RWIX
  ROM                   003ff3b0   00000c10  00000000  00000c10  RWIX
  RESET                 003fffc0   00000002  00000000  00000002  RWIX
  VECTORS               003fffc2   0000003e  00000000  0000003e  RWIX

PAGE 1:
  BOOT_RSVD             00000000   00000050  00000000  00000050  RWIX
  RAMM0                 00000050   000003b0  00000300  000000b0  RWIX
  RAMM1                 00000400   00000400  00000000  00000400  RWIX
  RAML2                 00008c00   00000400  00000248  000001b8  RWIX
  RAML3                 00009000   00001000  00000000  00001000  RWIX
  RAML4                 0000a000   00002000  00000000  00002000  RWIX
  RAML5                 0000c000   00002000  00000000  00002000  RWIX
  RAML6                 0000e000   00002000  00000000  00002000  RWIX
  RAML7                 00010000   00002000  00000000  00002000  RWIX
  RAML8                 00012000   00002000  00000000  00002000  RWIX
  USB_RAM               00040000   00000800  00000000  00000800  RWIX
  FLASHB                003f0000   00004000  00000000  00004000  RWIX


SECTION ALLOCATION MAP

 output                                  attributes/
section   page    origin      length       input sections
--------  ----  ----------  ----------   ----------------
.pinit     0    003f4000    00000000     UNINITIALIZED

ramfuncs   0    00008000    00000000     UNINITIALIZED

.text      0    003f4000    000026e9     
                  003f4000    000014b2     main.obj (.text)
                  003f54b2    00000bcc     main.obj (.text:retain)
                  003f607e    000002ca     clk.obj (.text)
                  003f6348    0000018a     gpio.obj (.text)
                  003f64d2    000000a5     pid_reg3.obj (.text)
                  003f6577    00000088     rts2800_fpu32.lib : fs_div.obj (.text)
                  003f65ff    00000061                       : cos.obj (.text)
                  003f6660    00000046                       : boot.obj (.text)
                  003f66a6    00000019                       : args_main.obj (.text)
                  003f66bf    00000019                       : exit.obj (.text)
                  003f66d8    00000009                       : _lock.obj (.text)
                  003f66e1    00000008     F2806x_CodeStartBranch.obj (.text)

.econst    0    003f66ea    00000200     
                  003f66ea    00000100     main.obj (.econst:.string:_CRC_TABLE)
                  003f67ea    00000100     main.obj (.econst)

.cinit     0    003f68ea    000000c2     
                  003f68ea    000000ac     main.obj (.cinit)
                  003f6996    0000000a     rts2800_fpu32.lib : _lock.obj (.cinit)
                  003f69a0    0000000a                       : exit.obj (.cinit)
                  003f69aa    00000002     --HOLE-- [fill = 0]

.switch    0    003f69ac    00000020     
                  003f69ac    00000020     main.obj (.switch:_adcRead)

codestart 
*          0    003f7ff6    00000002     
                  003f7ff6    00000002     F2806x_CodeStartBranch.obj (codestart)

.reset     0    003fffc0    00000002     DSECT
                  003fffc0    00000002     rts2800_fpu32.lib : boot.obj (.reset)

vectors    0    003fffc2    00000000     DSECT

.stack     1    00000050    00000300     UNINITIALIZED
                  00000050    00000300     --HOLE--

.ebss      1    00008c00    00000248     UNINITIALIZED
                  00008c00    00000240     main.obj (.ebss)
                  00008e40    00000004     rts2800_fpu32.lib : _lock.obj (.ebss)
                  00008e44    00000004                       : exit.obj (.ebss)


GLOBAL DATA SYMBOLS: SORTED BY DATA PAGE

address     data page           name
--------    ----------------    ----
00000050       1 (00000040)     __stack

00008c00     230 (00008c00)     _saadTestsPs
00008c01     230 (00008c00)     _CTRLSUM_BITS
00008c02     230 (00008c00)     _apsL
00008c03     230 (00008c00)     _apsR
00008c04     230 (00008c00)     _delay
00008c05     230 (00008c00)     _counter
00008c06     230 (00008c00)     _CTRLSUM
00008c07     230 (00008c00)     _VELOCITY_BITS
00008c08     230 (00008c00)     _VELOCITY
00008c09     230 (00008c00)     _COMMAND_BYTE_BITS
00008c0a     230 (00008c00)     _COMMAND_BYTE
00008c0b     230 (00008c00)     _DATA_BITS
00008c0c     230 (00008c00)     _DATA
00008c0d     230 (00008c00)     _POSITION_BITS
00008c0e     230 (00008c00)     _POSITION
00008c0f     230 (00008c00)     _notEnd
00008c10     230 (00008c00)     _flGyro
00008c11     230 (00008c00)     _mode
00008c12     230 (00008c00)     _stepsCount
00008c13     230 (00008c00)     _sciFramePart
00008c14     230 (00008c00)     _sendSCI
00008c15     230 (00008c00)     _flPS
00008c16     230 (00008c00)     _motorF
00008c17     230 (00008c00)     _sciCounter
00008c18     230 (00008c00)     _saadTests
00008c19     230 (00008c00)     _SAAD_TEST_RES
00008c1a     230 (00008c00)     _sciSendCnt
00008c1b     230 (00008c00)     _ch
00008c1c     230 (00008c00)     _setSci
00008c1d     230 (00008c00)     _gyroEn
00008c1e     230 (00008c00)     _stabilize
00008c1f     230 (00008c00)     _SAAD_CTRL
00008c20     230 (00008c00)     _SAAD_CTRL_BITS
00008c21     230 (00008c00)     _SAAD_ST_BITS
00008c22     230 (00008c00)     _SAAD_TESTS_BITS
00008c23     230 (00008c00)     _SAAD_ST
00008c24     230 (00008c00)     _SAAD_TEST_RES_BITS
00008c26     230 (00008c00)     _jj
00008c28     230 (00008c00)     _timer1cnt
00008c2a     230 (00008c00)     _temp
00008c2c     230 (00008c00)     _timer2cnt
00008c2e     230 (00008c00)     _sciErrorCntCtrlSum
00008c30     230 (00008c00)     _mode1cnt
00008c32     230 (00008c00)     _j
00008c34     230 (00008c00)     _time
00008c36     230 (00008c00)     _i
00008c38     230 (00008c00)     _vel0
00008c3a     230 (00008c00)     _mode3cnt
00008c3c     230 (00008c00)     _timeUp
00008c3e     230 (00008c00)     _vel

00008c40     231 (00008c40)     _alpha0
00008c42     231 (00008c40)     _alpha
00008c44     231 (00008c40)     _gCnt
00008c46     231 (00008c40)     _sciaRegs
00008c48     231 (00008c40)     _sysCtrlRegs
00008c4a     231 (00008c40)     _spiaRegs
00008c4c     231 (00008c40)     _spiData
00008c4e     231 (00008c40)     _interrupSVectTable
00008c50     231 (00008c40)     _frameCountR
00008c52     231 (00008c40)     _interrupS
00008c54     231 (00008c40)     _tempData2
00008c56     231 (00008c40)     _gpioS
00008c58     231 (00008c40)     _mcbspRegs
00008c5a     231 (00008c40)     _tempData1
00008c5c     231 (00008c40)     _START_BIT_BITS
00008c5e     231 (00008c40)     _xIntruptRegs
00008c60     231 (00008c40)     _frameCountT
00008c62     231 (00008c40)     _mcbspData
00008c64     231 (00008c40)     _sciErrorParity
00008c66     231 (00008c40)     _flashRegs
00008c68     231 (00008c40)     _sciErrorCntFrameDown
00008c6a     231 (00008c40)     _acel
00008c6c     231 (00008c40)     _CpuTimer1Regs
00008c6e     231 (00008c40)     _CpuTimer2Regs
00008c70     231 (00008c40)     _START_BIT
00008c72     231 (00008c40)     _CpuTimer0Regs
00008c74     231 (00008c40)     _clkS
00008c76     231 (00008c40)     _SAAD_CTRL_ALL
00008c78     231 (00008c40)     _adcRegs
00008c7a     231 (00008c40)     _adcResRegs
00008c7c     231 (00008c40)     _pwmValues

00008c80     232 (00008c80)     _sciRxC
00008c84     232 (00008c80)     _saadFrameResive
00008c8c     232 (00008c80)     _saadFrameSend
00008c94     232 (00008c80)     _pwmHandle
00008ca0     232 (00008c80)     _pwmRegS

00008cc0     233 (00008cc0)     _motor0
00008cda     233 (00008cc0)     _motor1

00008d00     234 (00008d00)     _adcRes

00008d40     235 (00008d40)     _pid

00008d80     236 (00008d80)     _spiModule

00008dc0     237 (00008dc0)     _AMCconfArr

00008e40     239 (00008e40)     __unlock
00008e42     239 (00008e40)     __lock
00008e44     239 (00008e40)     ___TI_cleanup_ptr
00008e46     239 (00008e40)     ___TI_dtors_ptr

003f67ea    fd9f (003f67c0)     _PieVectTableInit


GLOBAL SYMBOLS: SORTED ALPHABETICALLY BY Name 

address    name
--------   ----
003f4000   .text
003f66bf   C$$EXIT
003f6577   FS$$DIV
003f5570   _ADCINT1_ISR
003f557a   _ADCINT2_ISR
003f5782   _ADCINT3_ISR
003f578c   _ADCINT4_ISR
003f5796   _ADCINT5_ISR
003f57a0   _ADCINT6_ISR
003f57aa   _ADCINT7_ISR
003f57b4   _ADCINT8_ISR
003f5598   _ADCINT9_ISR
003f4527   _ADC_config
003f48d5   _AMCconf
00008dc0   _AMCconfArr
003f57be   _CLA1_INT1_ISR
003f57c8   _CLA1_INT2_ISR
003f57d2   _CLA1_INT3_ISR
003f57dc   _CLA1_INT4_ISR
003f57e6   _CLA1_INT5_ISR
003f57f0   _CLA1_INT6_ISR
003f57fa   _CLA1_INT7_ISR
003f5804   _CLA1_INT8_ISR
003f607e   _CLK_disableAdcClock
003f608b   _CLK_disableClaClock
003f6098   _CLK_disableClkIn
003f60a4   _CLK_disableCompClock
003f60b0   _CLK_disableCpuTimerClock
003f60bf   _CLK_disableCrystalOsc
003f60cb   _CLK_disableEcanaClock
003f60d8   _CLK_disableEcap1Clock
003f60e5   _CLK_disableEqep1Clock
003f60f2   _CLK_disableGpioInputClock
003f60ff   _CLK_disableHrPwmClock
003f610c   _CLK_disableI2cClock
003f6119   _CLK_disableLinAClock
003f6126   _CLK_disableOsc1
003f6132   _CLK_disableOsc1HaltMode
003f613e   _CLK_disableOsc2
003f614a   _CLK_disableOsc2HaltMode
003f6156   _CLK_disablePwmClock
003f6167   _CLK_disableSciaClock
003f6174   _CLK_disableSpiaClock
003f6181   _CLK_disableSpibClock
003f618b   _CLK_disableTbClockSync
003f6198   _CLK_disableWatchDogHaltMode
003f61a4   _CLK_enableAdcClock
003f61b1   _CLK_enableClaClock
003f620d   _CLK_enableClkIn
003f61be   _CLK_enableCompClock
003f61cc   _CLK_enableCpuTimerClock
003f61da   _CLK_enableCrystalOsc
003f61e6   _CLK_enableEcanaClock
003f6200   _CLK_enableEcap1Clock
003f61f3   _CLK_enableEqep1Clock
003f6219   _CLK_enableGpioInputClock
003f6226   _CLK_enableHrPwmClock
003f6233   _CLK_enableI2cClock
003f6240   _CLK_enableLinAClock
003f624d   _CLK_enableOsc1
003f6259   _CLK_enableOsc1HaltMode
003f6265   _CLK_enableOsc2
003f6271   _CLK_enableOsc2HaltMode
003f627d   _CLK_enablePwmClock
003f628d   _CLK_enableSciaClock
003f629a   _CLK_enableSpiaClock
003f62a7   _CLK_enableSpibClock
003f62b4   _CLK_enableTbClockSync
003f62c1   _CLK_enableWatchDogHaltMode
003f62cd   _CLK_init
003f62da   _CLK_setClkOutPreScaler
003f62ea   _CLK_setLowSpdPreScaler
003f6308   _CLK_setOsc2Src
003f62f8   _CLK_setOscSrc
003f6318   _CLK_setTimer2PreScale
003f6328   _CLK_setTimer2Src
003f6338   _CLK_setWatchDogSrc
00008c0a   _COMMAND_BYTE
00008c09   _COMMAND_BYTE_BITS
00008c06   _CTRLSUM
00008c01   _CTRLSUM_BITS
003f4ad5   _ConfigCpuTimer0
003f4afb   _ConfigCpuTimer1
003f4b20   _ConfigCpuTimer2
00008c72   _CpuTimer0Regs
00008c6c   _CpuTimer1Regs
00008c6e   _CpuTimer2Regs
00008c0c   _DATA
003f54c6   _DATALOG_ISR
00008c0b   _DATA_BITS
003f56f6   _DINTCH1_ISR
003f5700   _DINTCH2_ISR
003f570a   _DINTCH3_ISR
003f5714   _DINTCH4_ISR
003f571e   _DINTCH5_ISR
003f5728   _DINTCH6_ISR
003f43aa   _DisableDog
003f576e   _ECAN0INTA_ISR
003f5778   _ECAN1INTA_ISR
003f5656   _ECAP1_INT_ISR
003f5660   _ECAP2_INT_ISR
003f566a   _ECAP3_INT_ISR
003f582c   _EMPTY_ISR
003f54da   _EMUINT_ISR
003f5606   _EPWM1_INT_ISR
003f55b6   _EPWM1_TZINT_ISR
003f5610   _EPWM2_INT_ISR
003f55c0   _EPWM2_TZINT_ISR
003f561a   _EPWM3_INT_ISR
003f55ca   _EPWM3_TZINT_ISR
003f5624   _EPWM4_INT_ISR
003f55d4   _EPWM4_TZINT_ISR
003f562e   _EPWM5_INT_ISR
003f55de   _EPWM5_TZINT_ISR
003f5638   _EPWM6_INT_ISR
003f55e8   _EPWM6_TZINT_ISR
003f5642   _EPWM7_INT_ISR
003f55f2   _EPWM7_TZINT_ISR
003f564c   _EPWM8_INT_ISR
003f55fc   _EPWM8_TZINT_ISR
003f5688   _EQEP1_INT_ISR
003f5692   _EQEP2_INT_ISR
003f6348   _GPIO_init
003f63e0   _GPIO_read
003f6391   _GPIO_setDirection
003f63cd   _GPIO_setExtInt
003f640d   _GPIO_setHigh
003f642b   _GPIO_setLow
003f6449   _GPIO_setMode
003f6355   _GPIO_setPullup
003f64b4   _GPIO_toggle
003f6066   _GYRO_X_isr
003f5674   _HRCAP1_INT_ISR
003f567e   _HRCAP2_INT_ISR
003f569c   _HRCAP3_INT_ISR
003f56a6   _HRCAP4_INT_ISR
003f5732   _I2CINT1A_ISR
003f573c   _I2CINT2A_ISR
003f54ee   _ILLEGAL_ISR
003f54b2   _INT13_ISR
003f54bc   _INT14_ISR
003f43b4   _InitPll
003f5822   _LUF_ISR
003f5818   _LVF_ISR
003f56e2   _MRINTA_ISR
003f56ec   _MXINTA_ISR
003f54e4   _NMI_ISR
003f5839   _PIE_RESERVED
00008c0e   _POSITION
00008c0d   _POSITION_BITS
003f67ea   _PieVectTableInit
003f54d0   _RTOSINT_ISR
00008000   _RamfuncsLoadEnd
00000000   _RamfuncsLoadSize
00008000   _RamfuncsLoadStart
00008000   _RamfuncsRunStart
00008c1f   _SAAD_CTRL
00008c76   _SAAD_CTRL_ALL
00008c20   _SAAD_CTRL_BITS
00008c23   _SAAD_ST
00008c21   _SAAD_ST_BITS
00008c22   _SAAD_TESTS_BITS
00008c19   _SAAD_TEST_RES
00008c24   _SAAD_TEST_RES_BITS
003f5746   _SCIRXINTA_ISR
003f575a   _SCIRXINTB_ISR
003f5750   _SCITXINTA_ISR
003f5764   _SCITXINTB_ISR
003f5fcb   _SCI_RX_isr
003f56ba   _SPIRXINTA_ISR
003f56ce   _SPIRXINTB_ISR
003f56c4   _SPITXINTA_ISR
003f56d8   _SPITXINTB_ISR
003f5fdf   _SPI_RX_isr
00008c70   _START_BIT
00008c5c   _START_BIT_BITS
003f439c   _ServiceDog
003f55a2   _TINT0_ISR
003f56b0   _USB0_INT_ISR
003f5552   _USER10_ISR
003f555c   _USER11_ISR
003f5566   _USER12_ISR
003f54f8   _USER1_ISR
003f5502   _USER2_ISR
003f550c   _USER3_ISR
003f5516   _USER4_ISR
003f5520   _USER5_ISR
003f552a   _USER6_ISR
003f5534   _USER7_ISR
003f553e   _USER8_ISR
003f5548   _USER9_ISR
00008c08   _VELOCITY
00008c07   _VELOCITY_BITS
003f55ac   _WAKEINT_ISR
003f5584   _XINT1_ISR
003f558e   _XINT2_ISR
003f580e   _XINT3_ISR
00000350   __STACK_END
00000300   __STACK_SIZE
00000001   __TI_args_main
00008e44   ___TI_cleanup_ptr
00008e46   ___TI_dtors_ptr
ffffffff   ___binit__
ffffffff   ___c_args__
003f68ea   ___cinit__
003f66e9   ___etext__
ffffffff   ___pinit__
003f4000   ___text__
003f66a6   __args_main
00008e42   __lock
003f66e0   __nop
003f66dc   __register_lock
003f66d8   __register_unlock
00000050   __stack
00008e40   __unlock
003f66bf   _abort
00008c6a   _acel
003f451e   _adcInit
003f46a1   _adcRead
00008c78   _adcRegs
00008d00   _adcRes
00008c7a   _adcResRegs
00008c42   _alpha
00008c40   _alpha0
003f512b   _alphaF
00008c02   _apsL
00008c03   _apsR
003f6660   _c_int00
003f50a4   _calcPWM
00008c1b   _ch
003f46f4   _clkInit
00008c74   _clkS
003f47d8   _clkg_delay_loop
003f65ff   _cos
00008c05   _counter
003f584d   _cpu_timer0_isr
003f5c55   _cpu_timer1_isr
003f5a96   _cpu_timer2_isr
003f5084   _crc8DATA
003f5044   _crc8POS
003f5064   _crc8VEL
00008c04   _delay
003f47c2   _delay_loop
003f5002   _disablePWM
003f66c1   _exit
00008c10   _flGyro
00008c15   _flPS
003f434e   _flashInit
00008c66   _flashRegs
003f4354   _flashSetup
00008c50   _frameCountR
00008c60   _frameCountT
00008c44   _gCnt
003f5036   _getMaxPWMVal
003f4105   _gpioInit
00008c56   _gpioS
00008c1d   _gyroEn
00008c36   _i
00008c52   _interrupS
003f4a8c   _interrupSDefVectTableInit
00008c4e   _interrupSVectTable
003f4a5a   _interrupsCpuSetup
003f4a05   _interrupsCtrlInit
003f49f9   _interrupsInit
003f4a4f   _interruptSEnable
00008c32   _j
00008c26   _jj
003f522e   _main
003f5410   _makeTest
003f48d1   _mcbspAddr
00008c62   _mcbspData
00008c58   _mcbspRegs
003f483b   _mcbspSetupSpi
003f48ad   _mcbsp_read
003f4892   _mcbsp_write
003f47ee   _mcbspaInit
003f47f4   _mcbspaSetup
00008c11   _mode
00008c30   _mode1cnt
00008c3a   _mode3cnt
00008cc0   _motor0
00008cda   _motor1
00008c16   _motorF
00008c0f   _notEnd
00008d40   _pid
003f512a   _pidCalc
003f64d2   _pid_reg3_calc
00008c94   _pwmHandle
00008ca0   _pwmRegS
003f4b46   _pwmSInit
003f4b5b   _pwmSetupWTest
00008c7c   _pwmValues
003f5843   _rsvd_ISR
00008c84   _saadFrameResive
00008c8c   _saadFrameSend
00008c18   _saadTests
00008c00   _saadTestsPs
00008c17   _sciCounter
00008c2e   _sciErrorCntCtrlSum
00008c68   _sciErrorCntFrameDown
00008c64   _sciErrorParity
00008c13   _sciFramePart
00008c80   _sciRxC
00008c1a   _sciSendCnt
003f49af   _sciaInit
003f49ea   _sciaRead
00008c46   _sciaRegs
003f49b5   _sciaSetup
003f49ef   _sciaWrite
00008c14   _sendSCI
003f4500   _setExtOsc
003f44b5   _setIntOsc1
003f44ca   _setIntOsc2
003f4fe0   _setPWMValues
003f5017   _setPWMValuesArr
00008c1c   _setSci
003f4413   _setUpPeripheralClocks
003f44e5   _setXTALOsc
003f46fd   _setupClks
003f410e   _setupGPIOs
003f433f   _setupGPIOsInterrupt
003f472e   _setupPeripheralClks
00008c4c   _spiData
003f49a1   _spiDisableFF
003f498c   _spiInit
00008d80   _spiModule
003f4992   _spiSetupFF
00008c4a   _spiaRegs
00008c1e   _stabilize
00008c12   _stepsCount
003f5123   _stopMotor
00008c48   _sysCtrlRegs
003f4378   _systemInit
003f437e   _systemSetup
00008c2a   _temp
00008c5a   _tempData1
00008c54   _tempData2
00008c34   _time
00008c3c   _timeUp
00008c28   _timer1cnt
00008c2c   _timer2cnt
003f4ab7   _timerInit
003f4ac3   _timerSConfig
003f40f4   _usDelay
00008c3e   _vel
00008c38   _vel0
00008c5e   _xIntruptRegs
003f52e2   _zeroStart
ffffffff   binit
003f68ea   cinit
003f7ff6   code_start
003f66e9   etext
ffffffff   pinit


GLOBAL SYMBOLS: SORTED BY Symbol Address 

address    name
--------   ----
00000000   _RamfuncsLoadSize
00000001   __TI_args_main
00000050   __stack
00000300   __STACK_SIZE
00000350   __STACK_END
00008000   _RamfuncsLoadEnd
00008000   _RamfuncsLoadStart
00008000   _RamfuncsRunStart
00008c00   _saadTestsPs
00008c01   _CTRLSUM_BITS
00008c02   _apsL
00008c03   _apsR
00008c04   _delay
00008c05   _counter
00008c06   _CTRLSUM
00008c07   _VELOCITY_BITS
00008c08   _VELOCITY
00008c09   _COMMAND_BYTE_BITS
00008c0a   _COMMAND_BYTE
00008c0b   _DATA_BITS
00008c0c   _DATA
00008c0d   _POSITION_BITS
00008c0e   _POSITION
00008c0f   _notEnd
00008c10   _flGyro
00008c11   _mode
00008c12   _stepsCount
00008c13   _sciFramePart
00008c14   _sendSCI
00008c15   _flPS
00008c16   _motorF
00008c17   _sciCounter
00008c18   _saadTests
00008c19   _SAAD_TEST_RES
00008c1a   _sciSendCnt
00008c1b   _ch
00008c1c   _setSci
00008c1d   _gyroEn
00008c1e   _stabilize
00008c1f   _SAAD_CTRL
00008c20   _SAAD_CTRL_BITS
00008c21   _SAAD_ST_BITS
00008c22   _SAAD_TESTS_BITS
00008c23   _SAAD_ST
00008c24   _SAAD_TEST_RES_BITS
00008c26   _jj
00008c28   _timer1cnt
00008c2a   _temp
00008c2c   _timer2cnt
00008c2e   _sciErrorCntCtrlSum
00008c30   _mode1cnt
00008c32   _j
00008c34   _time
00008c36   _i
00008c38   _vel0
00008c3a   _mode3cnt
00008c3c   _timeUp
00008c3e   _vel
00008c40   _alpha0
00008c42   _alpha
00008c44   _gCnt
00008c46   _sciaRegs
00008c48   _sysCtrlRegs
00008c4a   _spiaRegs
00008c4c   _spiData
00008c4e   _interrupSVectTable
00008c50   _frameCountR
00008c52   _interrupS
00008c54   _tempData2
00008c56   _gpioS
00008c58   _mcbspRegs
00008c5a   _tempData1
00008c5c   _START_BIT_BITS
00008c5e   _xIntruptRegs
00008c60   _frameCountT
00008c62   _mcbspData
00008c64   _sciErrorParity
00008c66   _flashRegs
00008c68   _sciErrorCntFrameDown
00008c6a   _acel
00008c6c   _CpuTimer1Regs
00008c6e   _CpuTimer2Regs
00008c70   _START_BIT
00008c72   _CpuTimer0Regs
00008c74   _clkS
00008c76   _SAAD_CTRL_ALL
00008c78   _adcRegs
00008c7a   _adcResRegs
00008c7c   _pwmValues
00008c80   _sciRxC
00008c84   _saadFrameResive
00008c8c   _saadFrameSend
00008c94   _pwmHandle
00008ca0   _pwmRegS
00008cc0   _motor0
00008cda   _motor1
00008d00   _adcRes
00008d40   _pid
00008d80   _spiModule
00008dc0   _AMCconfArr
00008e40   __unlock
00008e42   __lock
00008e44   ___TI_cleanup_ptr
00008e46   ___TI_dtors_ptr
003f4000   .text
003f4000   ___text__
003f40f4   _usDelay
003f4105   _gpioInit
003f410e   _setupGPIOs
003f433f   _setupGPIOsInterrupt
003f434e   _flashInit
003f4354   _flashSetup
003f4378   _systemInit
003f437e   _systemSetup
003f439c   _ServiceDog
003f43aa   _DisableDog
003f43b4   _InitPll
003f4413   _setUpPeripheralClocks
003f44b5   _setIntOsc1
003f44ca   _setIntOsc2
003f44e5   _setXTALOsc
003f4500   _setExtOsc
003f451e   _adcInit
003f4527   _ADC_config
003f46a1   _adcRead
003f46f4   _clkInit
003f46fd   _setupClks
003f472e   _setupPeripheralClks
003f47c2   _delay_loop
003f47d8   _clkg_delay_loop
003f47ee   _mcbspaInit
003f47f4   _mcbspaSetup
003f483b   _mcbspSetupSpi
003f4892   _mcbsp_write
003f48ad   _mcbsp_read
003f48d1   _mcbspAddr
003f48d5   _AMCconf
003f498c   _spiInit
003f4992   _spiSetupFF
003f49a1   _spiDisableFF
003f49af   _sciaInit
003f49b5   _sciaSetup
003f49ea   _sciaRead
003f49ef   _sciaWrite
003f49f9   _interrupsInit
003f4a05   _interrupsCtrlInit
003f4a4f   _interruptSEnable
003f4a5a   _interrupsCpuSetup
003f4a8c   _interrupSDefVectTableInit
003f4ab7   _timerInit
003f4ac3   _timerSConfig
003f4ad5   _ConfigCpuTimer0
003f4afb   _ConfigCpuTimer1
003f4b20   _ConfigCpuTimer2
003f4b46   _pwmSInit
003f4b5b   _pwmSetupWTest
003f4fe0   _setPWMValues
003f5002   _disablePWM
003f5017   _setPWMValuesArr
003f5036   _getMaxPWMVal
003f5044   _crc8POS
003f5064   _crc8VEL
003f5084   _crc8DATA
003f50a4   _calcPWM
003f5123   _stopMotor
003f512a   _pidCalc
003f512b   _alphaF
003f522e   _main
003f52e2   _zeroStart
003f5410   _makeTest
003f54b2   _INT13_ISR
003f54bc   _INT14_ISR
003f54c6   _DATALOG_ISR
003f54d0   _RTOSINT_ISR
003f54da   _EMUINT_ISR
003f54e4   _NMI_ISR
003f54ee   _ILLEGAL_ISR
003f54f8   _USER1_ISR
003f5502   _USER2_ISR
003f550c   _USER3_ISR
003f5516   _USER4_ISR
003f5520   _USER5_ISR
003f552a   _USER6_ISR
003f5534   _USER7_ISR
003f553e   _USER8_ISR
003f5548   _USER9_ISR
003f5552   _USER10_ISR
003f555c   _USER11_ISR
003f5566   _USER12_ISR
003f5570   _ADCINT1_ISR
003f557a   _ADCINT2_ISR
003f5584   _XINT1_ISR
003f558e   _XINT2_ISR
003f5598   _ADCINT9_ISR
003f55a2   _TINT0_ISR
003f55ac   _WAKEINT_ISR
003f55b6   _EPWM1_TZINT_ISR
003f55c0   _EPWM2_TZINT_ISR
003f55ca   _EPWM3_TZINT_ISR
003f55d4   _EPWM4_TZINT_ISR
003f55de   _EPWM5_TZINT_ISR
003f55e8   _EPWM6_TZINT_ISR
003f55f2   _EPWM7_TZINT_ISR
003f55fc   _EPWM8_TZINT_ISR
003f5606   _EPWM1_INT_ISR
003f5610   _EPWM2_INT_ISR
003f561a   _EPWM3_INT_ISR
003f5624   _EPWM4_INT_ISR
003f562e   _EPWM5_INT_ISR
003f5638   _EPWM6_INT_ISR
003f5642   _EPWM7_INT_ISR
003f564c   _EPWM8_INT_ISR
003f5656   _ECAP1_INT_ISR
003f5660   _ECAP2_INT_ISR
003f566a   _ECAP3_INT_ISR
003f5674   _HRCAP1_INT_ISR
003f567e   _HRCAP2_INT_ISR
003f5688   _EQEP1_INT_ISR
003f5692   _EQEP2_INT_ISR
003f569c   _HRCAP3_INT_ISR
003f56a6   _HRCAP4_INT_ISR
003f56b0   _USB0_INT_ISR
003f56ba   _SPIRXINTA_ISR
003f56c4   _SPITXINTA_ISR
003f56ce   _SPIRXINTB_ISR
003f56d8   _SPITXINTB_ISR
003f56e2   _MRINTA_ISR
003f56ec   _MXINTA_ISR
003f56f6   _DINTCH1_ISR
003f5700   _DINTCH2_ISR
003f570a   _DINTCH3_ISR
003f5714   _DINTCH4_ISR
003f571e   _DINTCH5_ISR
003f5728   _DINTCH6_ISR
003f5732   _I2CINT1A_ISR
003f573c   _I2CINT2A_ISR
003f5746   _SCIRXINTA_ISR
003f5750   _SCITXINTA_ISR
003f575a   _SCIRXINTB_ISR
003f5764   _SCITXINTB_ISR
003f576e   _ECAN0INTA_ISR
003f5778   _ECAN1INTA_ISR
003f5782   _ADCINT3_ISR
003f578c   _ADCINT4_ISR
003f5796   _ADCINT5_ISR
003f57a0   _ADCINT6_ISR
003f57aa   _ADCINT7_ISR
003f57b4   _ADCINT8_ISR
003f57be   _CLA1_INT1_ISR
003f57c8   _CLA1_INT2_ISR
003f57d2   _CLA1_INT3_ISR
003f57dc   _CLA1_INT4_ISR
003f57e6   _CLA1_INT5_ISR
003f57f0   _CLA1_INT6_ISR
003f57fa   _CLA1_INT7_ISR
003f5804   _CLA1_INT8_ISR
003f580e   _XINT3_ISR
003f5818   _LVF_ISR
003f5822   _LUF_ISR
003f582c   _EMPTY_ISR
003f5839   _PIE_RESERVED
003f5843   _rsvd_ISR
003f584d   _cpu_timer0_isr
003f5a96   _cpu_timer2_isr
003f5c55   _cpu_timer1_isr
003f5fcb   _SCI_RX_isr
003f5fdf   _SPI_RX_isr
003f6066   _GYRO_X_isr
003f607e   _CLK_disableAdcClock
003f608b   _CLK_disableClaClock
003f6098   _CLK_disableClkIn
003f60a4   _CLK_disableCompClock
003f60b0   _CLK_disableCpuTimerClock
003f60bf   _CLK_disableCrystalOsc
003f60cb   _CLK_disableEcanaClock
003f60d8   _CLK_disableEcap1Clock
003f60e5   _CLK_disableEqep1Clock
003f60f2   _CLK_disableGpioInputClock
003f60ff   _CLK_disableHrPwmClock
003f610c   _CLK_disableI2cClock
003f6119   _CLK_disableLinAClock
003f6126   _CLK_disableOsc1
003f6132   _CLK_disableOsc1HaltMode
003f613e   _CLK_disableOsc2
003f614a   _CLK_disableOsc2HaltMode
003f6156   _CLK_disablePwmClock
003f6167   _CLK_disableSciaClock
003f6174   _CLK_disableSpiaClock
003f6181   _CLK_disableSpibClock
003f618b   _CLK_disableTbClockSync
003f6198   _CLK_disableWatchDogHaltMode
003f61a4   _CLK_enableAdcClock
003f61b1   _CLK_enableClaClock
003f61be   _CLK_enableCompClock
003f61cc   _CLK_enableCpuTimerClock
003f61da   _CLK_enableCrystalOsc
003f61e6   _CLK_enableEcanaClock
003f61f3   _CLK_enableEqep1Clock
003f6200   _CLK_enableEcap1Clock
003f620d   _CLK_enableClkIn
003f6219   _CLK_enableGpioInputClock
003f6226   _CLK_enableHrPwmClock
003f6233   _CLK_enableI2cClock
003f6240   _CLK_enableLinAClock
003f624d   _CLK_enableOsc1
003f6259   _CLK_enableOsc1HaltMode
003f6265   _CLK_enableOsc2
003f6271   _CLK_enableOsc2HaltMode
003f627d   _CLK_enablePwmClock
003f628d   _CLK_enableSciaClock
003f629a   _CLK_enableSpiaClock
003f62a7   _CLK_enableSpibClock
003f62b4   _CLK_enableTbClockSync
003f62c1   _CLK_enableWatchDogHaltMode
003f62cd   _CLK_init
003f62da   _CLK_setClkOutPreScaler
003f62ea   _CLK_setLowSpdPreScaler
003f62f8   _CLK_setOscSrc
003f6308   _CLK_setOsc2Src
003f6318   _CLK_setTimer2PreScale
003f6328   _CLK_setTimer2Src
003f6338   _CLK_setWatchDogSrc
003f6348   _GPIO_init
003f6355   _GPIO_setPullup
003f6391   _GPIO_setDirection
003f63cd   _GPIO_setExtInt
003f63e0   _GPIO_read
003f640d   _GPIO_setHigh
003f642b   _GPIO_setLow
003f6449   _GPIO_setMode
003f64b4   _GPIO_toggle
003f64d2   _pid_reg3_calc
003f6577   FS$$DIV
003f65ff   _cos
003f6660   _c_int00
003f66a6   __args_main
003f66bf   C$$EXIT
003f66bf   _abort
003f66c1   _exit
003f66d8   __register_unlock
003f66dc   __register_lock
003f66e0   __nop
003f66e9   ___etext__
003f66e9   etext
003f67ea   _PieVectTableInit
003f68ea   ___cinit__
003f68ea   cinit
003f7ff6   code_start
ffffffff   ___binit__
ffffffff   ___c_args__
ffffffff   ___pinit__
ffffffff   binit
ffffffff   pinit

[353 symbols]
