<?xml version="1.0"?>
<link_info>
   <banner>TMS320C2000 Linker PC v6.2.7</banner>
   <copyright>Copyright (c) 1996-2014 Texas Instruments Incorporated</copyright>
   <link_time>0x584d291b</link_time>
   <link_errors>0x0</link_errors>
   <output_file>motors.out</output_file>
   <entry_point>
      <name>_c_int00</name>
      <address>0x3f64ce</address>
   </entry_point>
   <input_file_list>
      <input_file id="fl-2">
         <path>.\</path>
         <kind>object</kind>
         <file>F2806x_CodeStartBranch.obj</file>
         <name>F2806x_CodeStartBranch.obj</name>
      </input_file>
      <input_file id="fl-3">
         <path>.\</path>
         <kind>object</kind>
         <file>clk.obj</file>
         <name>clk.obj</name>
      </input_file>
      <input_file id="fl-4">
         <path>.\</path>
         <kind>object</kind>
         <file>gpio.obj</file>
         <name>gpio.obj</name>
      </input_file>
      <input_file id="fl-5">
         <path>.\</path>
         <kind>object</kind>
         <file>main.obj</file>
         <name>main.obj</name>
      </input_file>
      <input_file id="fl-6">
         <path>.\</path>
         <kind>object</kind>
         <file>memCopy.obj</file>
         <name>memCopy.obj</name>
      </input_file>
      <input_file id="fl-7">
         <path>.\</path>
         <kind>object</kind>
         <file>pid_reg3.obj</file>
         <name>pid_reg3.obj</name>
      </input_file>
      <input_file id="fl-16">
         <path>c:\ti\ccsv6\tools\compiler\c2000_6.2.7\lib\</path>
         <kind>archive</kind>
         <file>rts2800_fpu32.lib</file>
         <name>boot.obj</name>
      </input_file>
      <input_file id="fl-17">
         <path>c:\ti\ccsv6\tools\compiler\c2000_6.2.7\lib\</path>
         <kind>archive</kind>
         <file>rts2800_fpu32.lib</file>
         <name>cos.obj</name>
      </input_file>
      <input_file id="fl-18">
         <path>c:\ti\ccsv6\tools\compiler\c2000_6.2.7\lib\</path>
         <kind>archive</kind>
         <file>rts2800_fpu32.lib</file>
         <name>exit.obj</name>
      </input_file>
      <input_file id="fl-19">
         <path>c:\ti\ccsv6\tools\compiler\c2000_6.2.7\lib\</path>
         <kind>archive</kind>
         <file>rts2800_fpu32.lib</file>
         <name>fs_div.obj</name>
      </input_file>
      <input_file id="fl-1a">
         <path>c:\ti\ccsv6\tools\compiler\c2000_6.2.7\lib\</path>
         <kind>archive</kind>
         <file>rts2800_fpu32.lib</file>
         <name>_lock.obj</name>
      </input_file>
      <input_file id="fl-1b">
         <path>c:\ti\ccsv6\tools\compiler\c2000_6.2.7\lib\</path>
         <kind>archive</kind>
         <file>rts2800_fpu32.lib</file>
         <name>args_main.obj</name>
      </input_file>
   </input_file_list>
   <object_component_list>
      <object_component id="oc-26">
         <name>.cinit</name>
         <load_address>0x3f6758</load_address>
         <run_address>0x3f6758</run_address>
         <size>0xac</size>
         <input_file_ref idref="fl-5"/>
      </object_component>
      <object_component id="oc-49">
         <name>.cinit</name>
         <load_address>0x3f6804</load_address>
         <run_address>0x3f6804</run_address>
         <size>0xa</size>
         <input_file_ref idref="fl-1a"/>
      </object_component>
      <object_component id="oc-3f">
         <name>.cinit</name>
         <load_address>0x3f680e</load_address>
         <run_address>0x3f680e</run_address>
         <size>0xa</size>
         <input_file_ref idref="fl-18"/>
      </object_component>
      <object_component id="oc-55">
         <name>.text</name>
         <load_address>0x3f4000</load_address>
         <run_address>0x3f4000</run_address>
         <size>0x1402</size>
         <input_file_ref idref="fl-5"/>
      </object_component>
      <object_component id="oc-29">
         <name>.text:retain</name>
         <load_address>0x3f5402</load_address>
         <run_address>0x3f5402</run_address>
         <size>0xaea</size>
         <input_file_ref idref="fl-5"/>
      </object_component>
      <object_component id="oc-59">
         <name>.text</name>
         <load_address>0x3f5eec</load_address>
         <run_address>0x3f5eec</run_address>
         <size>0x2ca</size>
         <input_file_ref idref="fl-3"/>
      </object_component>
      <object_component id="oc-57">
         <name>.text</name>
         <load_address>0x3f61b6</load_address>
         <run_address>0x3f61b6</run_address>
         <size>0x18a</size>
         <input_file_ref idref="fl-4"/>
      </object_component>
      <object_component id="oc-54">
         <name>.text</name>
         <load_address>0x3f6340</load_address>
         <run_address>0x3f6340</run_address>
         <size>0xa5</size>
         <input_file_ref idref="fl-7"/>
      </object_component>
      <object_component id="oc-44">
         <name>.text</name>
         <load_address>0x3f63e5</load_address>
         <run_address>0x3f63e5</run_address>
         <size>0x88</size>
         <input_file_ref idref="fl-19"/>
      </object_component>
      <object_component id="oc-5b">
         <name>.text</name>
         <load_address>0x3f646d</load_address>
         <run_address>0x3f646d</run_address>
         <size>0x61</size>
         <input_file_ref idref="fl-17"/>
      </object_component>
      <object_component id="oc-17">
         <name>.text</name>
         <load_address>0x3f64ce</load_address>
         <run_address>0x3f64ce</run_address>
         <size>0x46</size>
         <input_file_ref idref="fl-16"/>
      </object_component>
      <object_component id="oc-52">
         <name>.text</name>
         <load_address>0x3f6514</load_address>
         <run_address>0x3f6514</run_address>
         <size>0x19</size>
         <input_file_ref idref="fl-1b"/>
      </object_component>
      <object_component id="oc-53">
         <name>.text</name>
         <load_address>0x3f652d</load_address>
         <run_address>0x3f652d</run_address>
         <size>0x19</size>
         <input_file_ref idref="fl-18"/>
      </object_component>
      <object_component id="oc-56">
         <name>.text</name>
         <load_address>0x3f6546</load_address>
         <run_address>0x3f6546</run_address>
         <size>0x9</size>
         <input_file_ref idref="fl-1a"/>
      </object_component>
      <object_component id="oc-18">
         <name>.text</name>
         <load_address>0x3f654f</load_address>
         <run_address>0x3f654f</run_address>
         <size>0x8</size>
         <input_file_ref idref="fl-2"/>
      </object_component>
      <object_component id="oc-19">
         <name>codestart</name>
         <load_address>0x3f7ff6</load_address>
         <run_address>0x3f7ff6</run_address>
         <size>0x2</size>
         <input_file_ref idref="fl-2"/>
      </object_component>
      <object_component id="oc-35">
         <name>.stack</name>
         <uninitialized>true</uninitialized>
         <run_address>0x50</run_address>
         <size>0x0</size>
         <input_file_ref idref="fl-16"/>
      </object_component>
      <object_component id="oc-7a">
         <name>.stack</name>
         <uninitialized>true</uninitialized>
         <run_address>0x50</run_address>
         <size>0x0</size>
      </object_component>
      <object_component id="oc-27">
         <name>.ebss</name>
         <uninitialized>true</uninitialized>
         <run_address>0x8c00</run_address>
         <size>0x200</size>
         <input_file_ref idref="fl-5"/>
      </object_component>
      <object_component id="oc-40">
         <name>.ebss</name>
         <uninitialized>true</uninitialized>
         <run_address>0x8e04</run_address>
         <size>0x4</size>
         <input_file_ref idref="fl-18"/>
      </object_component>
      <object_component id="oc-4a">
         <name>.ebss</name>
         <uninitialized>true</uninitialized>
         <run_address>0x8e00</run_address>
         <size>0x4</size>
         <input_file_ref idref="fl-1a"/>
      </object_component>
      <object_component id="oc-5a">
         <name>.econst:.string:_CRC_TABLE</name>
         <load_address>0x3f6558</load_address>
         <run_address>0x3f6558</run_address>
         <size>0x100</size>
         <input_file_ref idref="fl-5"/>
      </object_component>
      <object_component id="oc-28">
         <name>.econst</name>
         <load_address>0x3f6658</load_address>
         <run_address>0x3f6658</run_address>
         <size>0x100</size>
         <input_file_ref idref="fl-5"/>
      </object_component>
      <object_component id="oc-58">
         <name>.switch:_adcRead</name>
         <load_address>0x3f681a</load_address>
         <run_address>0x3f681a</run_address>
         <size>0x20</size>
         <input_file_ref idref="fl-5"/>
      </object_component>
      <object_component id="oc-36">
         <name>.reset</name>
         <load_address>0x3fffc0</load_address>
         <run_address>0x3fffc0</run_address>
         <size>0x2</size>
         <input_file_ref idref="fl-16"/>
      </object_component>
      <object_component id="oc-1a">
         <name>.debug_info</name>
         <load_address>0x0</load_address>
         <run_address>0x0</run_address>
         <size>0x133</size>
         <input_file_ref idref="fl-2"/>
      </object_component>
      <object_component id="oc-1d">
         <name>.debug_info</name>
         <load_address>0x133</load_address>
         <run_address>0x133</run_address>
         <size>0x47fc</size>
         <input_file_ref idref="fl-3"/>
      </object_component>
      <object_component id="oc-21">
         <name>.debug_info</name>
         <load_address>0x492f</load_address>
         <run_address>0x492f</run_address>
         <size>0x2f6a</size>
         <input_file_ref idref="fl-4"/>
      </object_component>
      <object_component id="oc-25">
         <name>.debug_info</name>
         <load_address>0x7899</load_address>
         <run_address>0x7899</run_address>
         <size>0x15072</size>
         <input_file_ref idref="fl-5"/>
      </object_component>
      <object_component id="oc-2d">
         <name>.debug_info</name>
         <load_address>0x1c90b</load_address>
         <run_address>0x1c90b</run_address>
         <size>0x3ba</size>
         <input_file_ref idref="fl-6"/>
      </object_component>
      <object_component id="oc-31">
         <name>.debug_info</name>
         <load_address>0x1ccc5</load_address>
         <run_address>0x1ccc5</run_address>
         <size>0x601</size>
         <input_file_ref idref="fl-7"/>
      </object_component>
      <object_component id="oc-37">
         <name>.debug_info</name>
         <load_address>0x1d2c6</load_address>
         <run_address>0x1d2c6</run_address>
         <size>0xde</size>
         <input_file_ref idref="fl-16"/>
      </object_component>
      <object_component id="oc-3a">
         <name>.debug_info</name>
         <load_address>0x1d3a4</load_address>
         <run_address>0x1d3a4</run_address>
         <size>0x3c6</size>
         <input_file_ref idref="fl-17"/>
      </object_component>
      <object_component id="oc-3e">
         <name>.debug_info</name>
         <load_address>0x1d76a</load_address>
         <run_address>0x1d76a</run_address>
         <size>0x488</size>
         <input_file_ref idref="fl-18"/>
      </object_component>
      <object_component id="oc-45">
         <name>.debug_info</name>
         <load_address>0x1dbf2</load_address>
         <run_address>0x1dbf2</run_address>
         <size>0xc0</size>
         <input_file_ref idref="fl-19"/>
      </object_component>
      <object_component id="oc-48">
         <name>.debug_info</name>
         <load_address>0x1dcb2</load_address>
         <run_address>0x1dcb2</run_address>
         <size>0x4ae</size>
         <input_file_ref idref="fl-1a"/>
      </object_component>
      <object_component id="oc-4e">
         <name>.debug_info</name>
         <load_address>0x1e160</load_address>
         <run_address>0x1e160</run_address>
         <size>0x46f</size>
         <input_file_ref idref="fl-1b"/>
      </object_component>
      <object_component id="oc-7b">
         <name>.debug_info</name>
         <load_address>0x1e5cf</load_address>
         <run_address>0x1e5cf</run_address>
         <size>0x6f</size>
      </object_component>
      <object_component id="oc-1b">
         <name>.debug_line</name>
         <load_address>0x0</load_address>
         <run_address>0x0</run_address>
         <size>0x5c</size>
         <input_file_ref idref="fl-2"/>
      </object_component>
      <object_component id="oc-1f">
         <name>.debug_line</name>
         <load_address>0x5c</load_address>
         <run_address>0x5c</run_address>
         <size>0x6ee</size>
         <input_file_ref idref="fl-3"/>
      </object_component>
      <object_component id="oc-23">
         <name>.debug_line</name>
         <load_address>0x74a</load_address>
         <run_address>0x74a</run_address>
         <size>0x215</size>
         <input_file_ref idref="fl-4"/>
      </object_component>
      <object_component id="oc-2b">
         <name>.debug_line</name>
         <load_address>0x95f</load_address>
         <run_address>0x95f</run_address>
         <size>0x1e45</size>
         <input_file_ref idref="fl-5"/>
      </object_component>
      <object_component id="oc-2f">
         <name>.debug_line</name>
         <load_address>0x27a4</load_address>
         <run_address>0x27a4</run_address>
         <size>0x66</size>
         <input_file_ref idref="fl-6"/>
      </object_component>
      <object_component id="oc-33">
         <name>.debug_line</name>
         <load_address>0x280a</load_address>
         <run_address>0x280a</run_address>
         <size>0x92</size>
         <input_file_ref idref="fl-7"/>
      </object_component>
      <object_component id="oc-38">
         <name>.debug_line</name>
         <load_address>0x289c</load_address>
         <run_address>0x289c</run_address>
         <size>0x71</size>
         <input_file_ref idref="fl-16"/>
      </object_component>
      <object_component id="oc-3c">
         <name>.debug_line</name>
         <load_address>0x290d</load_address>
         <run_address>0x290d</run_address>
         <size>0x49</size>
         <input_file_ref idref="fl-17"/>
      </object_component>
      <object_component id="oc-42">
         <name>.debug_line</name>
         <load_address>0x2956</load_address>
         <run_address>0x2956</run_address>
         <size>0x62</size>
         <input_file_ref idref="fl-18"/>
      </object_component>
      <object_component id="oc-46">
         <name>.debug_line</name>
         <load_address>0x29b8</load_address>
         <run_address>0x29b8</run_address>
         <size>0xaa</size>
         <input_file_ref idref="fl-19"/>
      </object_component>
      <object_component id="oc-4c">
         <name>.debug_line</name>
         <load_address>0x2a62</load_address>
         <run_address>0x2a62</run_address>
         <size>0x5b</size>
         <input_file_ref idref="fl-1a"/>
      </object_component>
      <object_component id="oc-50">
         <name>.debug_line</name>
         <load_address>0x2abd</load_address>
         <run_address>0x2abd</run_address>
         <size>0x50</size>
         <input_file_ref idref="fl-1b"/>
      </object_component>
      <object_component id="oc-1c">
         <name>.debug_abbrev</name>
         <load_address>0x0</load_address>
         <run_address>0x0</run_address>
         <size>0x20</size>
         <input_file_ref idref="fl-2"/>
      </object_component>
      <object_component id="oc-20">
         <name>.debug_abbrev</name>
         <load_address>0x20</load_address>
         <run_address>0x20</run_address>
         <size>0x15f</size>
         <input_file_ref idref="fl-3"/>
      </object_component>
      <object_component id="oc-24">
         <name>.debug_abbrev</name>
         <load_address>0x17f</load_address>
         <run_address>0x17f</run_address>
         <size>0x15f</size>
         <input_file_ref idref="fl-4"/>
      </object_component>
      <object_component id="oc-2c">
         <name>.debug_abbrev</name>
         <load_address>0x2de</load_address>
         <run_address>0x2de</run_address>
         <size>0x2d5</size>
         <input_file_ref idref="fl-5"/>
      </object_component>
      <object_component id="oc-30">
         <name>.debug_abbrev</name>
         <load_address>0x5b3</load_address>
         <run_address>0x5b3</run_address>
         <size>0x8a</size>
         <input_file_ref idref="fl-6"/>
      </object_component>
      <object_component id="oc-34">
         <name>.debug_abbrev</name>
         <load_address>0x63d</load_address>
         <run_address>0x63d</run_address>
         <size>0xaa</size>
         <input_file_ref idref="fl-7"/>
      </object_component>
      <object_component id="oc-39">
         <name>.debug_abbrev</name>
         <load_address>0x6e7</load_address>
         <run_address>0x6e7</run_address>
         <size>0x43</size>
         <input_file_ref idref="fl-16"/>
      </object_component>
      <object_component id="oc-3d">
         <name>.debug_abbrev</name>
         <load_address>0x72a</load_address>
         <run_address>0x72a</run_address>
         <size>0x92</size>
         <input_file_ref idref="fl-17"/>
      </object_component>
      <object_component id="oc-43">
         <name>.debug_abbrev</name>
         <load_address>0x7bc</load_address>
         <run_address>0x7bc</run_address>
         <size>0x10c</size>
         <input_file_ref idref="fl-18"/>
      </object_component>
      <object_component id="oc-47">
         <name>.debug_abbrev</name>
         <load_address>0x8c8</load_address>
         <run_address>0x8c8</run_address>
         <size>0x35</size>
         <input_file_ref idref="fl-19"/>
      </object_component>
      <object_component id="oc-4d">
         <name>.debug_abbrev</name>
         <load_address>0x8fd</load_address>
         <run_address>0x8fd</run_address>
         <size>0xa9</size>
         <input_file_ref idref="fl-1a"/>
      </object_component>
      <object_component id="oc-51">
         <name>.debug_abbrev</name>
         <load_address>0x9a6</load_address>
         <run_address>0x9a6</run_address>
         <size>0xed</size>
         <input_file_ref idref="fl-1b"/>
      </object_component>
      <object_component id="oc-7c">
         <name>.debug_abbrev</name>
         <load_address>0xa93</load_address>
         <run_address>0xa93</run_address>
         <size>0xd</size>
      </object_component>
      <object_component id="oc-1e">
         <name>.debug_frame</name>
         <load_address>0x0</load_address>
         <run_address>0x0</run_address>
         <size>0x6e2</size>
         <input_file_ref idref="fl-3"/>
      </object_component>
      <object_component id="oc-22">
         <name>.debug_frame</name>
         <load_address>0x6e2</load_address>
         <run_address>0x6e2</run_address>
         <size>0x19d</size>
         <input_file_ref idref="fl-4"/>
      </object_component>
      <object_component id="oc-2a">
         <name>.debug_frame</name>
         <load_address>0x87f</load_address>
         <run_address>0x87f</run_address>
         <size>0x18d4</size>
         <input_file_ref idref="fl-5"/>
      </object_component>
      <object_component id="oc-2e">
         <name>.debug_frame</name>
         <load_address>0x2153</load_address>
         <run_address>0x2153</run_address>
         <size>0x8e</size>
         <input_file_ref idref="fl-6"/>
      </object_component>
      <object_component id="oc-32">
         <name>.debug_frame</name>
         <load_address>0x21e1</load_address>
         <run_address>0x21e1</run_address>
         <size>0xbf</size>
         <input_file_ref idref="fl-7"/>
      </object_component>
      <object_component id="oc-3b">
         <name>.debug_frame</name>
         <load_address>0x22a0</load_address>
         <run_address>0x22a0</run_address>
         <size>0xad</size>
         <input_file_ref idref="fl-17"/>
      </object_component>
      <object_component id="oc-41">
         <name>.debug_frame</name>
         <load_address>0x234d</load_address>
         <run_address>0x234d</run_address>
         <size>0xc7</size>
         <input_file_ref idref="fl-18"/>
      </object_component>
      <object_component id="oc-4b">
         <name>.debug_frame</name>
         <load_address>0x2414</load_address>
         <run_address>0x2414</run_address>
         <size>0xd6</size>
         <input_file_ref idref="fl-1a"/>
      </object_component>
      <object_component id="oc-4f">
         <name>.debug_frame</name>
         <load_address>0x24ea</load_address>
         <run_address>0x24ea</run_address>
         <size>0xa6</size>
         <input_file_ref idref="fl-1b"/>
      </object_component>
   </object_component_list>
   <logical_group_list>
      <logical_group id="lg-2" display="no" color="cyan">
         <name>.cinit</name>
         <load_address>0x3f6758</load_address>
         <run_address>0x3f6758</run_address>
         <size>0xc2</size>
         <contents>
            <object_component_ref idref="oc-26"/>
            <object_component_ref idref="oc-49"/>
            <object_component_ref idref="oc-3f"/>
         </contents>
      </logical_group>
      <logical_group id="lg-3" display="no" color="cyan">
         <name>.pinit</name>
         <run_address>0x0</run_address>
         <size>0x0</size>
         <contents>
         </contents>
      </logical_group>
      <logical_group id="lg-4" display="no" color="cyan">
         <name>.text</name>
         <load_address>0x3f4000</load_address>
         <run_address>0x3f4000</run_address>
         <size>0x2557</size>
         <contents>
            <object_component_ref idref="oc-55"/>
            <object_component_ref idref="oc-29"/>
            <object_component_ref idref="oc-59"/>
            <object_component_ref idref="oc-57"/>
            <object_component_ref idref="oc-54"/>
            <object_component_ref idref="oc-44"/>
            <object_component_ref idref="oc-5b"/>
            <object_component_ref idref="oc-17"/>
            <object_component_ref idref="oc-52"/>
            <object_component_ref idref="oc-53"/>
            <object_component_ref idref="oc-56"/>
            <object_component_ref idref="oc-18"/>
         </contents>
      </logical_group>
      <logical_group id="lg-5" display="no" color="cyan">
         <name>codestart</name>
         <load_address>0x3f7ff6</load_address>
         <run_address>0x3f7ff6</run_address>
         <size>0x2</size>
         <contents>
            <object_component_ref idref="oc-19"/>
         </contents>
      </logical_group>
      <logical_group id="lg-6" display="no" color="cyan">
         <name>ramfuncs</name>
         <run_address>0x8000</run_address>
         <size>0x0</size>
         <contents>
         </contents>
      </logical_group>
      <logical_group id="lg-7" display="no" color="cyan">
         <name>csmpasswds</name>
         <run_address>0x0</run_address>
         <size>0x0</size>
         <contents>
         </contents>
      </logical_group>
      <logical_group id="lg-8" display="no" color="cyan">
         <name>csm_rsvd</name>
         <run_address>0x0</run_address>
         <size>0x0</size>
         <contents>
         </contents>
      </logical_group>
      <logical_group id="lg-9" display="no" color="cyan">
         <name>.stack</name>
         <run_address>0x50</run_address>
         <size>0x300</size>
         <contents>
            <object_component_ref idref="oc-35"/>
            <object_component_ref idref="oc-7a"/>
         </contents>
      </logical_group>
      <logical_group id="lg-a" display="no" color="cyan">
         <name>.ebss</name>
         <run_address>0x8c00</run_address>
         <size>0x208</size>
         <contents>
            <object_component_ref idref="oc-27"/>
            <object_component_ref idref="oc-40"/>
            <object_component_ref idref="oc-4a"/>
         </contents>
      </logical_group>
      <logical_group id="lg-b" display="no" color="cyan">
         <name>.esysmem</name>
         <run_address>0x0</run_address>
         <size>0x0</size>
         <contents>
         </contents>
      </logical_group>
      <logical_group id="lg-c" display="no" color="cyan">
         <name>.econst</name>
         <load_address>0x3f6558</load_address>
         <run_address>0x3f6558</run_address>
         <size>0x200</size>
         <contents>
            <object_component_ref idref="oc-5a"/>
            <object_component_ref idref="oc-28"/>
         </contents>
      </logical_group>
      <logical_group id="lg-d" display="no" color="cyan">
         <name>.switch</name>
         <load_address>0x3f681a</load_address>
         <run_address>0x3f681a</run_address>
         <size>0x20</size>
         <contents>
            <object_component_ref idref="oc-58"/>
         </contents>
      </logical_group>
      <logical_group id="lg-e" display="no" color="cyan">
         <name>IQmath</name>
         <run_address>0x0</run_address>
         <size>0x0</size>
         <contents>
         </contents>
      </logical_group>
      <logical_group id="lg-f" display="no" color="cyan">
         <name>IQmathTables</name>
         <run_address>0x0</run_address>
         <size>0x0</size>
         <contents>
         </contents>
      </logical_group>
      <logical_group id="lg-10" display="no" color="cyan">
         <name>FPUmathTables</name>
         <run_address>0x0</run_address>
         <size>0x0</size>
         <contents>
         </contents>
      </logical_group>
      <logical_group id="lg-11" display="no" color="cyan">
         <name>DMARAML5</name>
         <run_address>0x0</run_address>
         <size>0x0</size>
         <contents>
         </contents>
      </logical_group>
      <logical_group id="lg-12" display="no" color="cyan">
         <name>DMARAML6</name>
         <run_address>0x0</run_address>
         <size>0x0</size>
         <contents>
         </contents>
      </logical_group>
      <logical_group id="lg-13" display="no" color="cyan">
         <name>DMARAML7</name>
         <run_address>0x0</run_address>
         <size>0x0</size>
         <contents>
         </contents>
      </logical_group>
      <logical_group id="lg-14" display="no" color="cyan">
         <name>DMARAML8</name>
         <run_address>0x0</run_address>
         <size>0x0</size>
         <contents>
         </contents>
      </logical_group>
      <logical_group id="lg-15" display="no" color="cyan">
         <name>.reset</name>
         <load_address>0x3fffc0</load_address>
         <run_address>0x3fffc0</run_address>
         <size>0x2</size>
         <contents>
            <object_component_ref idref="oc-36"/>
         </contents>
      </logical_group>
      <logical_group id="lg-16" display="no" color="cyan">
         <name>vectors</name>
         <run_address>0x3fffc2</run_address>
         <size>0x0</size>
         <contents>
         </contents>
      </logical_group>
      <logical_group id="lg-71" display="never" color="cyan">
         <name>.debug_info</name>
         <load_address>0x0</load_address>
         <run_address>0x0</run_address>
         <size>0x1e63e</size>
         <contents>
            <object_component_ref idref="oc-1a"/>
            <object_component_ref idref="oc-1d"/>
            <object_component_ref idref="oc-21"/>
            <object_component_ref idref="oc-25"/>
            <object_component_ref idref="oc-2d"/>
            <object_component_ref idref="oc-31"/>
            <object_component_ref idref="oc-37"/>
            <object_component_ref idref="oc-3a"/>
            <object_component_ref idref="oc-3e"/>
            <object_component_ref idref="oc-45"/>
            <object_component_ref idref="oc-48"/>
            <object_component_ref idref="oc-4e"/>
            <object_component_ref idref="oc-7b"/>
         </contents>
      </logical_group>
      <logical_group id="lg-73" display="never" color="cyan">
         <name>.debug_line</name>
         <load_address>0x0</load_address>
         <run_address>0x0</run_address>
         <size>0x2b0d</size>
         <contents>
            <object_component_ref idref="oc-1b"/>
            <object_component_ref idref="oc-1f"/>
            <object_component_ref idref="oc-23"/>
            <object_component_ref idref="oc-2b"/>
            <object_component_ref idref="oc-2f"/>
            <object_component_ref idref="oc-33"/>
            <object_component_ref idref="oc-38"/>
            <object_component_ref idref="oc-3c"/>
            <object_component_ref idref="oc-42"/>
            <object_component_ref idref="oc-46"/>
            <object_component_ref idref="oc-4c"/>
            <object_component_ref idref="oc-50"/>
         </contents>
      </logical_group>
      <logical_group id="lg-75" display="never" color="cyan">
         <name>.debug_abbrev</name>
         <load_address>0x0</load_address>
         <run_address>0x0</run_address>
         <size>0xaa0</size>
         <contents>
            <object_component_ref idref="oc-1c"/>
            <object_component_ref idref="oc-20"/>
            <object_component_ref idref="oc-24"/>
            <object_component_ref idref="oc-2c"/>
            <object_component_ref idref="oc-30"/>
            <object_component_ref idref="oc-34"/>
            <object_component_ref idref="oc-39"/>
            <object_component_ref idref="oc-3d"/>
            <object_component_ref idref="oc-43"/>
            <object_component_ref idref="oc-47"/>
            <object_component_ref idref="oc-4d"/>
            <object_component_ref idref="oc-51"/>
            <object_component_ref idref="oc-7c"/>
         </contents>
      </logical_group>
      <logical_group id="lg-77" display="never" color="cyan">
         <name>.debug_frame</name>
         <load_address>0x0</load_address>
         <run_address>0x0</run_address>
         <size>0x2590</size>
         <contents>
            <object_component_ref idref="oc-1e"/>
            <object_component_ref idref="oc-22"/>
            <object_component_ref idref="oc-2a"/>
            <object_component_ref idref="oc-2e"/>
            <object_component_ref idref="oc-32"/>
            <object_component_ref idref="oc-3b"/>
            <object_component_ref idref="oc-41"/>
            <object_component_ref idref="oc-4b"/>
            <object_component_ref idref="oc-4f"/>
         </contents>
      </logical_group>
   </logical_group_list>
   <placement_map>
      <memory_area display="yes" color="green">
         <name>RAML0</name>
         <page_id>0x0</page_id>
         <origin>0x8000</origin>
         <length>0x800</length>
         <used_space>0x0</used_space>
         <unused_space>0x800</unused_space>
         <attributes>RWIX</attributes>
         <usage_details>
            <allocated_space>
               <start_address>0x8000</start_address>
               <size>0x0</size>
               <logical_group_ref idref="lg-6"/>
            </allocated_space>
            <available_space>
               <start_address>0x8000</start_address>
               <size>0x800</size>
            </available_space>
         </usage_details>
      </memory_area>
      <memory_area display="yes" color="green">
         <name>RAML1</name>
         <page_id>0x0</page_id>
         <origin>0x8800</origin>
         <length>0x400</length>
         <used_space>0x0</used_space>
         <unused_space>0x400</unused_space>
         <attributes>RWIX</attributes>
         <usage_details>
         </usage_details>
      </memory_area>
      <memory_area display="yes" color="green">
         <name>OTP</name>
         <page_id>0x0</page_id>
         <origin>0x3d7800</origin>
         <length>0x400</length>
         <used_space>0x0</used_space>
         <unused_space>0x400</unused_space>
         <attributes>RWIX</attributes>
         <usage_details>
         </usage_details>
      </memory_area>
      <memory_area display="yes" color="green">
         <name>FLASHH</name>
         <page_id>0x0</page_id>
         <origin>0x3d8000</origin>
         <length>0x4000</length>
         <used_space>0x0</used_space>
         <unused_space>0x4000</unused_space>
         <attributes>RWIX</attributes>
         <usage_details>
         </usage_details>
      </memory_area>
      <memory_area display="yes" color="green">
         <name>FLASHG</name>
         <page_id>0x0</page_id>
         <origin>0x3dc000</origin>
         <length>0x4000</length>
         <used_space>0x0</used_space>
         <unused_space>0x4000</unused_space>
         <attributes>RWIX</attributes>
         <usage_details>
         </usage_details>
      </memory_area>
      <memory_area display="yes" color="green">
         <name>FLASHF</name>
         <page_id>0x0</page_id>
         <origin>0x3e0000</origin>
         <length>0x4000</length>
         <used_space>0x0</used_space>
         <unused_space>0x4000</unused_space>
         <attributes>RWIX</attributes>
         <usage_details>
         </usage_details>
      </memory_area>
      <memory_area display="yes" color="green">
         <name>FLASHE</name>
         <page_id>0x0</page_id>
         <origin>0x3e4000</origin>
         <length>0x4000</length>
         <used_space>0x0</used_space>
         <unused_space>0x4000</unused_space>
         <attributes>RWIX</attributes>
         <usage_details>
         </usage_details>
      </memory_area>
      <memory_area display="yes" color="green">
         <name>FLASHD</name>
         <page_id>0x0</page_id>
         <origin>0x3e8000</origin>
         <length>0x4000</length>
         <used_space>0x0</used_space>
         <unused_space>0x4000</unused_space>
         <attributes>RWIX</attributes>
         <usage_details>
         </usage_details>
      </memory_area>
      <memory_area display="yes" color="green">
         <name>FLASHC</name>
         <page_id>0x0</page_id>
         <origin>0x3ec000</origin>
         <length>0x4000</length>
         <used_space>0x0</used_space>
         <unused_space>0x4000</unused_space>
         <attributes>RWIX</attributes>
         <usage_details>
         </usage_details>
      </memory_area>
      <memory_area display="yes" color="green">
         <name>FLASHA</name>
         <page_id>0x0</page_id>
         <origin>0x3f4000</origin>
         <length>0x3f80</length>
         <used_space>0x2839</used_space>
         <unused_space>0x1747</unused_space>
         <attributes>RWIX</attributes>
         <usage_details>
            <allocated_space>
               <start_address>0x3f4000</start_address>
               <size>0x2557</size>
               <logical_group_ref idref="lg-4"/>
            </allocated_space>
            <available_space>
               <start_address>0x3f6557</start_address>
               <size>0x1</size>
            </available_space>
            <allocated_space>
               <start_address>0x3f6558</start_address>
               <size>0x200</size>
               <logical_group_ref idref="lg-c"/>
            </allocated_space>
            <allocated_space>
               <start_address>0x3f6758</start_address>
               <size>0xc2</size>
               <logical_group_ref idref="lg-2"/>
            </allocated_space>
            <allocated_space>
               <start_address>0x3f681a</start_address>
               <size>0x20</size>
               <logical_group_ref idref="lg-d"/>
            </allocated_space>
            <available_space>
               <start_address>0x3f683a</start_address>
               <size>0x1746</size>
            </available_space>
         </usage_details>
      </memory_area>
      <memory_area display="yes" color="green">
         <name>CSM_RSVD</name>
         <page_id>0x0</page_id>
         <origin>0x3f7f80</origin>
         <length>0x76</length>
         <used_space>0x0</used_space>
         <unused_space>0x76</unused_space>
         <attributes>RWIX</attributes>
         <usage_details>
         </usage_details>
      </memory_area>
      <memory_area display="no" color="green">
         <name>BEGIN</name>
         <page_id>0x0</page_id>
         <origin>0x3f7ff6</origin>
         <length>0x2</length>
         <used_space>0x2</used_space>
         <unused_space>0x0</unused_space>
         <attributes>RWIX</attributes>
         <usage_details>
            <allocated_space>
               <start_address>0x3f7ff6</start_address>
               <size>0x2</size>
               <logical_group_ref idref="lg-5"/>
            </allocated_space>
         </usage_details>
      </memory_area>
      <memory_area display="no" color="green">
         <name>CSM_PWL_P0</name>
         <page_id>0x0</page_id>
         <origin>0x3f7ff8</origin>
         <length>0x8</length>
         <used_space>0x0</used_space>
         <unused_space>0x8</unused_space>
         <attributes>RWIX</attributes>
         <usage_details>
         </usage_details>
      </memory_area>
      <memory_area display="yes" color="green">
         <name>FPUTABLES</name>
         <page_id>0x0</page_id>
         <origin>0x3fd860</origin>
         <length>0x6a0</length>
         <used_space>0x0</used_space>
         <unused_space>0x6a0</unused_space>
         <attributes>RWIX</attributes>
         <usage_details>
         </usage_details>
      </memory_area>
      <memory_area display="yes" color="green">
         <name>IQTABLES</name>
         <page_id>0x0</page_id>
         <origin>0x3fdf00</origin>
         <length>0xb50</length>
         <used_space>0x0</used_space>
         <unused_space>0xb50</unused_space>
         <attributes>RWIX</attributes>
         <usage_details>
         </usage_details>
      </memory_area>
      <memory_area display="yes" color="green">
         <name>IQTABLES2</name>
         <page_id>0x0</page_id>
         <origin>0x3fea50</origin>
         <length>0x8c</length>
         <used_space>0x0</used_space>
         <unused_space>0x8c</unused_space>
         <attributes>RWIX</attributes>
         <usage_details>
         </usage_details>
      </memory_area>
      <memory_area display="yes" color="green">
         <name>IQTABLES3</name>
         <page_id>0x0</page_id>
         <origin>0x3feadc</origin>
         <length>0xaa</length>
         <used_space>0x0</used_space>
         <unused_space>0xaa</unused_space>
         <attributes>RWIX</attributes>
         <usage_details>
         </usage_details>
      </memory_area>
      <memory_area display="yes" color="green">
         <name>ROM</name>
         <page_id>0x0</page_id>
         <origin>0x3ff3b0</origin>
         <length>0xc10</length>
         <used_space>0x0</used_space>
         <unused_space>0xc10</unused_space>
         <attributes>RWIX</attributes>
         <usage_details>
         </usage_details>
      </memory_area>
      <memory_area display="no" color="green">
         <name>RESET</name>
         <page_id>0x0</page_id>
         <origin>0x3fffc0</origin>
         <length>0x2</length>
         <used_space>0x0</used_space>
         <unused_space>0x2</unused_space>
         <attributes>RWIX</attributes>
         <usage_details>
         </usage_details>
      </memory_area>
      <memory_area display="no" color="green">
         <name>VECTORS</name>
         <page_id>0x0</page_id>
         <origin>0x3fffc2</origin>
         <length>0x3e</length>
         <used_space>0x0</used_space>
         <unused_space>0x3e</unused_space>
         <attributes>RWIX</attributes>
         <usage_details>
         </usage_details>
      </memory_area>
      <memory_area display="no" color="green">
         <name>BOOT_RSVD</name>
         <page_id>0x1</page_id>
         <origin>0x0</origin>
         <length>0x50</length>
         <used_space>0x0</used_space>
         <unused_space>0x50</unused_space>
         <attributes>RWIX</attributes>
         <usage_details>
         </usage_details>
      </memory_area>
      <memory_area display="yes" color="green">
         <name>RAMM0</name>
         <page_id>0x1</page_id>
         <origin>0x50</origin>
         <length>0x3b0</length>
         <used_space>0x300</used_space>
         <unused_space>0xb0</unused_space>
         <attributes>RWIX</attributes>
         <usage_details>
            <allocated_space>
               <start_address>0x50</start_address>
               <size>0x300</size>
               <logical_group_ref idref="lg-9"/>
            </allocated_space>
            <available_space>
               <start_address>0x350</start_address>
               <size>0xb0</size>
            </available_space>
         </usage_details>
      </memory_area>
      <memory_area display="yes" color="green">
         <name>RAMM1</name>
         <page_id>0x1</page_id>
         <origin>0x400</origin>
         <length>0x400</length>
         <used_space>0x0</used_space>
         <unused_space>0x400</unused_space>
         <attributes>RWIX</attributes>
         <usage_details>
         </usage_details>
      </memory_area>
      <memory_area display="yes" color="green">
         <name>RAML2</name>
         <page_id>0x1</page_id>
         <origin>0x8c00</origin>
         <length>0x400</length>
         <used_space>0x208</used_space>
         <unused_space>0x1f8</unused_space>
         <attributes>RWIX</attributes>
         <usage_details>
            <allocated_space>
               <start_address>0x8c00</start_address>
               <size>0x208</size>
               <logical_group_ref idref="lg-a"/>
            </allocated_space>
            <available_space>
               <start_address>0x8e08</start_address>
               <size>0x1f8</size>
            </available_space>
         </usage_details>
      </memory_area>
      <memory_area display="yes" color="green">
         <name>RAML3</name>
         <page_id>0x1</page_id>
         <origin>0x9000</origin>
         <length>0x1000</length>
         <used_space>0x0</used_space>
         <unused_space>0x1000</unused_space>
         <attributes>RWIX</attributes>
         <usage_details>
         </usage_details>
      </memory_area>
      <memory_area display="yes" color="green">
         <name>RAML4</name>
         <page_id>0x1</page_id>
         <origin>0xa000</origin>
         <length>0x2000</length>
         <used_space>0x0</used_space>
         <unused_space>0x2000</unused_space>
         <attributes>RWIX</attributes>
         <usage_details>
         </usage_details>
      </memory_area>
      <memory_area display="yes" color="green">
         <name>RAML5</name>
         <page_id>0x1</page_id>
         <origin>0xc000</origin>
         <length>0x2000</length>
         <used_space>0x0</used_space>
         <unused_space>0x2000</unused_space>
         <attributes>RWIX</attributes>
         <usage_details>
         </usage_details>
      </memory_area>
      <memory_area display="yes" color="green">
         <name>RAML6</name>
         <page_id>0x1</page_id>
         <origin>0xe000</origin>
         <length>0x2000</length>
         <used_space>0x0</used_space>
         <unused_space>0x2000</unused_space>
         <attributes>RWIX</attributes>
         <usage_details>
         </usage_details>
      </memory_area>
      <memory_area display="yes" color="green">
         <name>RAML7</name>
         <page_id>0x1</page_id>
         <origin>0x10000</origin>
         <length>0x2000</length>
         <used_space>0x0</used_space>
         <unused_space>0x2000</unused_space>
         <attributes>RWIX</attributes>
         <usage_details>
         </usage_details>
      </memory_area>
      <memory_area display="yes" color="green">
         <name>RAML8</name>
         <page_id>0x1</page_id>
         <origin>0x12000</origin>
         <length>0x2000</length>
         <used_space>0x0</used_space>
         <unused_space>0x2000</unused_space>
         <attributes>RWIX</attributes>
         <usage_details>
         </usage_details>
      </memory_area>
      <memory_area display="yes" color="green">
         <name>USB_RAM</name>
         <page_id>0x1</page_id>
         <origin>0x40000</origin>
         <length>0x800</length>
         <used_space>0x0</used_space>
         <unused_space>0x800</unused_space>
         <attributes>RWIX</attributes>
         <usage_details>
         </usage_details>
      </memory_area>
      <memory_area display="yes" color="green">
         <name>FLASHB</name>
         <page_id>0x1</page_id>
         <origin>0x3f0000</origin>
         <length>0x4000</length>
         <used_space>0x0</used_space>
         <unused_space>0x4000</unused_space>
         <attributes>RWIX</attributes>
         <usage_details>
         </usage_details>
      </memory_area>
   </placement_map>
   <symbol_table>
      <symbol id="sm-0">
         <name>_RamfuncsLoadStart</name>
         <value>0x8000</value>
      </symbol>
      <symbol id="sm-1">
         <name>_RamfuncsLoadEnd</name>
         <value>0x8000</value>
      </symbol>
      <symbol id="sm-2">
         <name>_RamfuncsRunStart</name>
         <value>0x8000</value>
      </symbol>
      <symbol id="sm-3">
         <name>_RamfuncsLoadSize</name>
         <value>0x0</value>
      </symbol>
      <symbol id="sm-4">
         <name>cinit</name>
         <value>0x3f6758</value>
      </symbol>
      <symbol id="sm-5">
         <name>___cinit__</name>
         <value>0x3f6758</value>
      </symbol>
      <symbol id="sm-6">
         <name>pinit</name>
         <value>0xffffffff</value>
      </symbol>
      <symbol id="sm-7">
         <name>___pinit__</name>
         <value>0xffffffff</value>
      </symbol>
      <symbol id="sm-8">
         <name>binit</name>
         <value>0xffffffff</value>
      </symbol>
      <symbol id="sm-9">
         <name>___binit__</name>
         <value>0xffffffff</value>
      </symbol>
      <symbol id="sm-a">
         <name>__STACK_SIZE</name>
         <value>0x300</value>
      </symbol>
      <symbol id="sm-b">
         <name>__STACK_END</name>
         <value>0x350</value>
      </symbol>
      <symbol id="sm-c">
         <name>___c_args__</name>
         <value>0xffffffff</value>
      </symbol>
      <symbol id="sm-d">
         <name>.text</name>
         <value>0x3f4000</value>
      </symbol>
      <symbol id="sm-e">
         <name>___text__</name>
         <value>0x3f4000</value>
      </symbol>
      <symbol id="sm-f">
         <name>etext</name>
         <value>0x3f6557</value>
      </symbol>
      <symbol id="sm-10">
         <name>___etext__</name>
         <value>0x3f6557</value>
      </symbol>
      <symbol id="sm-4d">
         <name>code_start</name>
         <value>0x3f7ff6</value>
         <object_component_ref idref="oc-19"/>
      </symbol>
      <symbol id="sm-59">
         <name>_CLK_enableLinAClock</name>
         <value>0x3f60ae</value>
         <object_component_ref idref="oc-59"/>
      </symbol>
      <symbol id="sm-5a">
         <name>_CLK_enablePwmClock</name>
         <value>0x3f60eb</value>
         <object_component_ref idref="oc-59"/>
      </symbol>
      <symbol id="sm-5b">
         <name>_CLK_enableSpiaClock</name>
         <value>0x3f6108</value>
         <object_component_ref idref="oc-59"/>
      </symbol>
      <symbol id="sm-5c">
         <name>_CLK_enableSpibClock</name>
         <value>0x3f6115</value>
         <object_component_ref idref="oc-59"/>
      </symbol>
      <symbol id="sm-5d">
         <name>_CLK_enableOsc1HaltMode</name>
         <value>0x3f60c7</value>
         <object_component_ref idref="oc-59"/>
      </symbol>
      <symbol id="sm-5e">
         <name>_CLK_enableHrPwmClock</name>
         <value>0x3f6094</value>
         <object_component_ref idref="oc-59"/>
      </symbol>
      <symbol id="sm-5f">
         <name>_CLK_enableClaClock</name>
         <value>0x3f601f</value>
         <object_component_ref idref="oc-59"/>
      </symbol>
      <symbol id="sm-60">
         <name>_CLK_disableCrystalOsc</name>
         <value>0x3f5f2d</value>
         <object_component_ref idref="oc-59"/>
      </symbol>
      <symbol id="sm-61">
         <name>_CLK_enableAdcClock</name>
         <value>0x3f6012</value>
         <object_component_ref idref="oc-59"/>
      </symbol>
      <symbol id="sm-62">
         <name>_CLK_disableGpioInputClock</name>
         <value>0x3f5f60</value>
         <object_component_ref idref="oc-59"/>
      </symbol>
      <symbol id="sm-63">
         <name>_CLK_disableAdcClock</name>
         <value>0x3f5eec</value>
         <object_component_ref idref="oc-59"/>
      </symbol>
      <symbol id="sm-64">
         <name>_CLK_enableEqep1Clock</name>
         <value>0x3f6061</value>
         <object_component_ref idref="oc-59"/>
      </symbol>
      <symbol id="sm-65">
         <name>_CLK_disableEcanaClock</name>
         <value>0x3f5f39</value>
         <object_component_ref idref="oc-59"/>
      </symbol>
      <symbol id="sm-66">
         <name>_CLK_disableClaClock</name>
         <value>0x3f5ef9</value>
         <object_component_ref idref="oc-59"/>
      </symbol>
      <symbol id="sm-67">
         <name>_CLK_enableWatchDogHaltMode</name>
         <value>0x3f612f</value>
         <object_component_ref idref="oc-59"/>
      </symbol>
      <symbol id="sm-68">
         <name>_CLK_disableOsc2</name>
         <value>0x3f5fac</value>
         <object_component_ref idref="oc-59"/>
      </symbol>
      <symbol id="sm-69">
         <name>_CLK_disableOsc1</name>
         <value>0x3f5f94</value>
         <object_component_ref idref="oc-59"/>
      </symbol>
      <symbol id="sm-6a">
         <name>_CLK_setTimer2Src</name>
         <value>0x3f6196</value>
         <object_component_ref idref="oc-59"/>
      </symbol>
      <symbol id="sm-6b">
         <name>_CLK_enableTbClockSync</name>
         <value>0x3f6122</value>
         <object_component_ref idref="oc-59"/>
      </symbol>
      <symbol id="sm-6c">
         <name>_CLK_disableSciaClock</name>
         <value>0x3f5fd5</value>
         <object_component_ref idref="oc-59"/>
      </symbol>
      <symbol id="sm-6d">
         <name>_CLK_disableOsc2HaltMode</name>
         <value>0x3f5fb8</value>
         <object_component_ref idref="oc-59"/>
      </symbol>
      <symbol id="sm-6e">
         <name>_CLK_enableCompClock</name>
         <value>0x3f602c</value>
         <object_component_ref idref="oc-59"/>
      </symbol>
      <symbol id="sm-6f">
         <name>_CLK_enableCpuTimerClock</name>
         <value>0x3f603a</value>
         <object_component_ref idref="oc-59"/>
      </symbol>
      <symbol id="sm-70">
         <name>_CLK_disableTbClockSync</name>
         <value>0x3f5ff9</value>
         <object_component_ref idref="oc-59"/>
      </symbol>
      <symbol id="sm-71">
         <name>_CLK_disableCompClock</name>
         <value>0x3f5f12</value>
         <object_component_ref idref="oc-59"/>
      </symbol>
      <symbol id="sm-72">
         <name>_CLK_enableEcap1Clock</name>
         <value>0x3f606e</value>
         <object_component_ref idref="oc-59"/>
      </symbol>
      <symbol id="sm-73">
         <name>_CLK_enableSciaClock</name>
         <value>0x3f60fb</value>
         <object_component_ref idref="oc-59"/>
      </symbol>
      <symbol id="sm-74">
         <name>_CLK_setWatchDogSrc</name>
         <value>0x3f61a6</value>
         <object_component_ref idref="oc-59"/>
      </symbol>
      <symbol id="sm-75">
         <name>_CLK_disablePwmClock</name>
         <value>0x3f5fc4</value>
         <object_component_ref idref="oc-59"/>
      </symbol>
      <symbol id="sm-76">
         <name>_CLK_enableOsc2HaltMode</name>
         <value>0x3f60df</value>
         <object_component_ref idref="oc-59"/>
      </symbol>
      <symbol id="sm-77">
         <name>_CLK_setOscSrc</name>
         <value>0x3f6166</value>
         <object_component_ref idref="oc-59"/>
      </symbol>
      <symbol id="sm-78">
         <name>_CLK_setTimer2PreScale</name>
         <value>0x3f6186</value>
         <object_component_ref idref="oc-59"/>
      </symbol>
      <symbol id="sm-79">
         <name>_CLK_enableI2cClock</name>
         <value>0x3f60a1</value>
         <object_component_ref idref="oc-59"/>
      </symbol>
      <symbol id="sm-7a">
         <name>_CLK_setOsc2Src</name>
         <value>0x3f6176</value>
         <object_component_ref idref="oc-59"/>
      </symbol>
      <symbol id="sm-7b">
         <name>_CLK_enableOsc1</name>
         <value>0x3f60bb</value>
         <object_component_ref idref="oc-59"/>
      </symbol>
      <symbol id="sm-7c">
         <name>_CLK_enableOsc2</name>
         <value>0x3f60d3</value>
         <object_component_ref idref="oc-59"/>
      </symbol>
      <symbol id="sm-7d">
         <name>_CLK_disableCpuTimerClock</name>
         <value>0x3f5f1e</value>
         <object_component_ref idref="oc-59"/>
      </symbol>
      <symbol id="sm-7e">
         <name>_CLK_setLowSpdPreScaler</name>
         <value>0x3f6158</value>
         <object_component_ref idref="oc-59"/>
      </symbol>
      <symbol id="sm-7f">
         <name>_CLK_disableEqep1Clock</name>
         <value>0x3f5f53</value>
         <object_component_ref idref="oc-59"/>
      </symbol>
      <symbol id="sm-80">
         <name>_CLK_disableI2cClock</name>
         <value>0x3f5f7a</value>
         <object_component_ref idref="oc-59"/>
      </symbol>
      <symbol id="sm-81">
         <name>_CLK_disableOsc1HaltMode</name>
         <value>0x3f5fa0</value>
         <object_component_ref idref="oc-59"/>
      </symbol>
      <symbol id="sm-82">
         <name>_CLK_enableClkIn</name>
         <value>0x3f607b</value>
         <object_component_ref idref="oc-59"/>
      </symbol>
      <symbol id="sm-83">
         <name>_CLK_setClkOutPreScaler</name>
         <value>0x3f6148</value>
         <object_component_ref idref="oc-59"/>
      </symbol>
      <symbol id="sm-84">
         <name>_CLK_disableLinAClock</name>
         <value>0x3f5f87</value>
         <object_component_ref idref="oc-59"/>
      </symbol>
      <symbol id="sm-85">
         <name>_CLK_disableWatchDogHaltMode</name>
         <value>0x3f6006</value>
         <object_component_ref idref="oc-59"/>
      </symbol>
      <symbol id="sm-86">
         <name>_CLK_disableEcap1Clock</name>
         <value>0x3f5f46</value>
         <object_component_ref idref="oc-59"/>
      </symbol>
      <symbol id="sm-87">
         <name>_CLK_enableGpioInputClock</name>
         <value>0x3f6087</value>
         <object_component_ref idref="oc-59"/>
      </symbol>
      <symbol id="sm-88">
         <name>_CLK_enableCrystalOsc</name>
         <value>0x3f6048</value>
         <object_component_ref idref="oc-59"/>
      </symbol>
      <symbol id="sm-89">
         <name>_CLK_enableEcanaClock</name>
         <value>0x3f6054</value>
         <object_component_ref idref="oc-59"/>
      </symbol>
      <symbol id="sm-8a">
         <name>_CLK_disableClkIn</name>
         <value>0x3f5f06</value>
         <object_component_ref idref="oc-59"/>
      </symbol>
      <symbol id="sm-8b">
         <name>_CLK_disableHrPwmClock</name>
         <value>0x3f5f6d</value>
         <object_component_ref idref="oc-59"/>
      </symbol>
      <symbol id="sm-8c">
         <name>_CLK_init</name>
         <value>0x3f613b</value>
         <object_component_ref idref="oc-59"/>
      </symbol>
      <symbol id="sm-8d">
         <name>_CLK_disableSpibClock</name>
         <value>0x3f5fef</value>
         <object_component_ref idref="oc-59"/>
      </symbol>
      <symbol id="sm-8e">
         <name>_CLK_disableSpiaClock</name>
         <value>0x3f5fe2</value>
         <object_component_ref idref="oc-59"/>
      </symbol>
      <symbol id="sm-ac">
         <name>_GPIO_setExtInt</name>
         <value>0x3f623b</value>
         <object_component_ref idref="oc-57"/>
      </symbol>
      <symbol id="sm-ad">
         <name>_GPIO_setLow</name>
         <value>0x3f6299</value>
         <object_component_ref idref="oc-57"/>
      </symbol>
      <symbol id="sm-ae">
         <name>_GPIO_toggle</name>
         <value>0x3f6322</value>
         <object_component_ref idref="oc-57"/>
      </symbol>
      <symbol id="sm-af">
         <name>_GPIO_setMode</name>
         <value>0x3f62b7</value>
         <object_component_ref idref="oc-57"/>
      </symbol>
      <symbol id="sm-b0">
         <name>_GPIO_init</name>
         <value>0x3f61b6</value>
         <object_component_ref idref="oc-57"/>
      </symbol>
      <symbol id="sm-b1">
         <name>_GPIO_read</name>
         <value>0x3f624e</value>
         <object_component_ref idref="oc-57"/>
      </symbol>
      <symbol id="sm-b2">
         <name>_GPIO_setDirection</name>
         <value>0x3f61ff</value>
         <object_component_ref idref="oc-57"/>
      </symbol>
      <symbol id="sm-b3">
         <name>_GPIO_setHigh</name>
         <value>0x3f627b</value>
         <object_component_ref idref="oc-57"/>
      </symbol>
      <symbol id="sm-b4">
         <name>_GPIO_setPullup</name>
         <value>0x3f61c3</value>
         <object_component_ref idref="oc-57"/>
      </symbol>
      <symbol id="sm-1e0">
         <name>_ILLEGAL_ISR</name>
         <value>0x3f543e</value>
         <object_component_ref idref="oc-29"/>
      </symbol>
      <symbol id="sm-1e1">
         <name>_EPWM8_INT_ISR</name>
         <value>0x3f559c</value>
         <object_component_ref idref="oc-29"/>
      </symbol>
      <symbol id="sm-1e2">
         <name>_stepsCount</name>
         <value>0x8c11</value>
         <object_component_ref idref="oc-27"/>
      </symbol>
      <symbol id="sm-1e3">
         <name>_USB0_INT_ISR</name>
         <value>0x3f5600</value>
         <object_component_ref idref="oc-29"/>
      </symbol>
      <symbol id="sm-1e4">
         <name>_SAAD_CTRL_ALL</name>
         <value>0x8c52</value>
         <object_component_ref idref="oc-27"/>
      </symbol>
      <symbol id="sm-1e5">
         <name>_CTRLSUM_BITS</name>
         <value>0x8c04</value>
         <object_component_ref idref="oc-27"/>
      </symbol>
      <symbol id="sm-1e6">
         <name>_main</name>
         <value>0x3f5144</value>
         <object_component_ref idref="oc-55"/>
      </symbol>
      <symbol id="sm-1e7">
         <name>_adcInit</name>
         <value>0x3f454a</value>
         <object_component_ref idref="oc-55"/>
      </symbol>
      <symbol id="sm-1e8">
         <name>_EPWM6_INT_ISR</name>
         <value>0x3f5588</value>
         <object_component_ref idref="oc-29"/>
      </symbol>
      <symbol id="sm-1e9">
         <name>_ADCINT4_ISR</name>
         <value>0x3f56dc</value>
         <object_component_ref idref="oc-29"/>
      </symbol>
      <symbol id="sm-1ea">
         <name>_SCI_RX_isr</name>
         <value>0x3f5e3d</value>
         <object_component_ref idref="oc-29"/>
      </symbol>
      <symbol id="sm-1eb">
         <name>_cpu_timer2_isr</name>
         <value>0x3f596d</value>
         <object_component_ref idref="oc-29"/>
      </symbol>
      <symbol id="sm-1ec">
         <name>_crc8POS</name>
         <value>0x3f505d</value>
         <object_component_ref idref="oc-55"/>
      </symbol>
      <symbol id="sm-1ed">
         <name>_VELOCITY_BITS</name>
         <value>0x8c06</value>
         <object_component_ref idref="oc-27"/>
      </symbol>
      <symbol id="sm-1ee">
         <name>_spiDisableFF</name>
         <value>0x3f49ba</value>
         <object_component_ref idref="oc-55"/>
      </symbol>
      <symbol id="sm-1ef">
         <name>_spiDataFF</name>
         <value>0x8c6e</value>
         <object_component_ref idref="oc-27"/>
      </symbol>
      <symbol id="sm-1f0">
         <name>_DATALOG_ISR</name>
         <value>0x3f5416</value>
         <object_component_ref idref="oc-29"/>
      </symbol>
      <symbol id="sm-1f1">
         <name>_SPITXINTA_ISR</name>
         <value>0x3f5614</value>
         <object_component_ref idref="oc-29"/>
      </symbol>
      <symbol id="sm-1f2">
         <name>_SPIRXINTA_ISR</name>
         <value>0x3f560a</value>
         <object_component_ref idref="oc-29"/>
      </symbol>
      <symbol id="sm-1f3">
         <name>_DINTCH3_ISR</name>
         <value>0x3f565a</value>
         <object_component_ref idref="oc-29"/>
      </symbol>
      <symbol id="sm-1f4">
         <name>_interrupS</name>
         <value>0x8c46</value>
         <object_component_ref idref="oc-27"/>
      </symbol>
      <symbol id="sm-1f5">
         <name>_interrupsCtrlInit</name>
         <value>0x3f4a1e</value>
         <object_component_ref idref="oc-55"/>
      </symbol>
      <symbol id="sm-1f6">
         <name>_InitPll</name>
         <value>0x3f43e0</value>
         <object_component_ref idref="oc-55"/>
      </symbol>
      <symbol id="sm-1f7">
         <name>_spiSetupFF</name>
         <value>0x3f49ab</value>
         <object_component_ref idref="oc-55"/>
      </symbol>
      <symbol id="sm-1f8">
         <name>_ECAP3_INT_ISR</name>
         <value>0x3f55ba</value>
         <object_component_ref idref="oc-29"/>
      </symbol>
      <symbol id="sm-1f9">
         <name>_pwmSetupWTest</name>
         <value>0x3f4b74</value>
         <object_component_ref idref="oc-55"/>
      </symbol>
      <symbol id="sm-1fa">
         <name>_SAAD_TEST_RES</name>
         <value>0x8c0e</value>
         <object_component_ref idref="oc-27"/>
      </symbol>
      <symbol id="sm-1fb">
         <name>_INT13_ISR</name>
         <value>0x3f5402</value>
         <object_component_ref idref="oc-29"/>
      </symbol>
      <symbol id="sm-1fc">
         <name>_HRCAP4_INT_ISR</name>
         <value>0x3f55f6</value>
         <object_component_ref idref="oc-29"/>
      </symbol>
      <symbol id="sm-1fd">
         <name>_interrupsInit</name>
         <value>0x3f4a12</value>
         <object_component_ref idref="oc-55"/>
      </symbol>
      <symbol id="sm-1fe">
         <name>_DisableDog</name>
         <value>0x3f43d6</value>
         <object_component_ref idref="oc-55"/>
      </symbol>
      <symbol id="sm-1ff">
         <name>_notEnd</name>
         <value>0x8c12</value>
         <object_component_ref idref="oc-27"/>
      </symbol>
      <symbol id="sm-200">
         <name>_ADCINT5_ISR</name>
         <value>0x3f56e6</value>
         <object_component_ref idref="oc-29"/>
      </symbol>
      <symbol id="sm-201">
         <name>_MXINTA_ISR</name>
         <value>0x3f563c</value>
         <object_component_ref idref="oc-29"/>
      </symbol>
      <symbol id="sm-202">
         <name>_sciErrorParity</name>
         <value>0x8c26</value>
         <object_component_ref idref="oc-27"/>
      </symbol>
      <symbol id="sm-203">
         <name>_cpu_timer1_isr</name>
         <value>0x3f5a72</value>
         <object_component_ref idref="oc-29"/>
      </symbol>
      <symbol id="sm-204">
         <name>_EPWM8_TZINT_ISR</name>
         <value>0x3f554c</value>
         <object_component_ref idref="oc-29"/>
      </symbol>
      <symbol id="sm-205">
         <name>_POSITION_BITS</name>
         <value>0x8c0c</value>
         <object_component_ref idref="oc-27"/>
      </symbol>
      <symbol id="sm-206">
         <name>_EPWM4_INT_ISR</name>
         <value>0x3f5574</value>
         <object_component_ref idref="oc-29"/>
      </symbol>
      <symbol id="sm-207">
         <name>_SAAD_ST_BITS</name>
         <value>0x8c1f</value>
         <object_component_ref idref="oc-27"/>
      </symbol>
      <symbol id="sm-208">
         <name>_USER5_ISR</name>
         <value>0x3f5470</value>
         <object_component_ref idref="oc-29"/>
      </symbol>
      <symbol id="sm-209">
         <name>_CLA1_INT2_ISR</name>
         <value>0x3f5718</value>
         <object_component_ref idref="oc-29"/>
      </symbol>
      <symbol id="sm-20a">
         <name>_EMPTY_ISR</name>
         <value>0x3f577c</value>
         <object_component_ref idref="oc-29"/>
      </symbol>
      <symbol id="sm-20b">
         <name>_ADC_config</name>
         <value>0x3f4553</value>
         <object_component_ref idref="oc-55"/>
      </symbol>
      <symbol id="sm-20c">
         <name>_EPWM5_TZINT_ISR</name>
         <value>0x3f552e</value>
         <object_component_ref idref="oc-29"/>
      </symbol>
      <symbol id="sm-20d">
         <name>_sciFramePart</name>
         <value>0x8c1b</value>
         <object_component_ref idref="oc-27"/>
      </symbol>
      <symbol id="sm-20e">
         <name>_CLA1_INT8_ISR</name>
         <value>0x3f5754</value>
         <object_component_ref idref="oc-29"/>
      </symbol>
      <symbol id="sm-20f">
         <name>_EPWM4_TZINT_ISR</name>
         <value>0x3f5524</value>
         <object_component_ref idref="oc-29"/>
      </symbol>
      <symbol id="sm-210">
         <name>_ECAN0INTA_ISR</name>
         <value>0x3f56be</value>
         <object_component_ref idref="oc-29"/>
      </symbol>
      <symbol id="sm-211">
         <name>_posCoef</name>
         <value>0x8c32</value>
         <object_component_ref idref="oc-27"/>
      </symbol>
      <symbol id="sm-212">
         <name>_gCnt</name>
         <value>0x8c3a</value>
         <object_component_ref idref="oc-27"/>
      </symbol>
      <symbol id="sm-213">
         <name>_saadTestsPs</name>
         <value>0x8c00</value>
         <object_component_ref idref="oc-27"/>
      </symbol>
      <symbol id="sm-214">
         <name>_EPWM7_TZINT_ISR</name>
         <value>0x3f5542</value>
         <object_component_ref idref="oc-29"/>
      </symbol>
      <symbol id="sm-215">
         <name>_pwmSInit</name>
         <value>0x3f4b5f</value>
         <object_component_ref idref="oc-55"/>
      </symbol>
      <symbol id="sm-216">
         <name>_EPWM6_TZINT_ISR</name>
         <value>0x3f5538</value>
         <object_component_ref idref="oc-29"/>
      </symbol>
      <symbol id="sm-217">
         <name>_mode1cnt</name>
         <value>0x8c36</value>
         <object_component_ref idref="oc-27"/>
      </symbol>
      <symbol id="sm-218">
         <name>_EMUINT_ISR</name>
         <value>0x3f542a</value>
         <object_component_ref idref="oc-29"/>
      </symbol>
      <symbol id="sm-219">
         <name>_setIntOsc1</name>
         <value>0x3f44e1</value>
         <object_component_ref idref="oc-55"/>
      </symbol>
      <symbol id="sm-21a">
         <name>_setIntOsc2</name>
         <value>0x3f44f6</value>
         <object_component_ref idref="oc-55"/>
      </symbol>
      <symbol id="sm-21b">
         <name>_frameCountR</name>
         <value>0x8c60</value>
         <object_component_ref idref="oc-27"/>
      </symbol>
      <symbol id="sm-21c">
         <name>_frameCountT</name>
         <value>0x8c66</value>
         <object_component_ref idref="oc-27"/>
      </symbol>
      <symbol id="sm-21d">
         <name>_ECAP1_INT_ISR</name>
         <value>0x3f55a6</value>
         <object_component_ref idref="oc-29"/>
      </symbol>
      <symbol id="sm-21e">
         <name>_EPWM1_TZINT_ISR</name>
         <value>0x3f5506</value>
         <object_component_ref idref="oc-29"/>
      </symbol>
      <symbol id="sm-21f">
         <name>_ADCINT6_ISR</name>
         <value>0x3f56f0</value>
         <object_component_ref idref="oc-29"/>
      </symbol>
      <symbol id="sm-220">
         <name>_EQEP2_INT_ISR</name>
         <value>0x3f55e2</value>
         <object_component_ref idref="oc-29"/>
      </symbol>
      <symbol id="sm-221">
         <name>_cpu_timer0_isr</name>
         <value>0x3f579d</value>
         <object_component_ref idref="oc-29"/>
      </symbol>
      <symbol id="sm-222">
         <name>_sciSendCnt</name>
         <value>0x8c1d</value>
         <object_component_ref idref="oc-27"/>
      </symbol>
      <symbol id="sm-223">
         <name>_HRCAP2_INT_ISR</name>
         <value>0x3f55ce</value>
         <object_component_ref idref="oc-29"/>
      </symbol>
      <symbol id="sm-224">
         <name>_ADCINT8_ISR</name>
         <value>0x3f5704</value>
         <object_component_ref idref="oc-29"/>
      </symbol>
      <symbol id="sm-225">
         <name>_USER11_ISR</name>
         <value>0x3f54ac</value>
         <object_component_ref idref="oc-29"/>
      </symbol>
      <symbol id="sm-226">
         <name>_pwmHandle</name>
         <value>0x8c94</value>
         <object_component_ref idref="oc-27"/>
      </symbol>
      <symbol id="sm-227">
         <name>_EPWM3_TZINT_ISR</name>
         <value>0x3f551a</value>
         <object_component_ref idref="oc-29"/>
      </symbol>
      <symbol id="sm-228">
         <name>_sciaInit</name>
         <value>0x3f49c8</value>
         <object_component_ref idref="oc-55"/>
      </symbol>
      <symbol id="sm-229">
         <name>_COMMAND_BYTE_BITS</name>
         <value>0x8c08</value>
         <object_component_ref idref="oc-27"/>
      </symbol>
      <symbol id="sm-22a">
         <name>_USER4_ISR</name>
         <value>0x3f5466</value>
         <object_component_ref idref="oc-29"/>
      </symbol>
      <symbol id="sm-22b">
         <name>_EPWM2_TZINT_ISR</name>
         <value>0x3f5510</value>
         <object_component_ref idref="oc-29"/>
      </symbol>
      <symbol id="sm-22c">
         <name>_pidCalc</name>
         <value>0x3f5143</value>
         <object_component_ref idref="oc-55"/>
      </symbol>
      <symbol id="sm-22d">
         <name>_CLA1_INT3_ISR</name>
         <value>0x3f5722</value>
         <object_component_ref idref="oc-29"/>
      </symbol>
      <symbol id="sm-22e">
         <name>_CpuTimer1Regs</name>
         <value>0x8c6c</value>
         <object_component_ref idref="oc-27"/>
      </symbol>
      <symbol id="sm-22f">
         <name>_ConfigCpuTimer1</name>
         <value>0x3f4b14</value>
         <object_component_ref idref="oc-55"/>
      </symbol>
      <symbol id="sm-230">
         <name>_ConfigCpuTimer0</name>
         <value>0x3f4aee</value>
         <object_component_ref idref="oc-55"/>
      </symbol>
      <symbol id="sm-231">
         <name>_ConfigCpuTimer2</name>
         <value>0x3f4b39</value>
         <object_component_ref idref="oc-55"/>
      </symbol>
      <symbol id="sm-232">
         <name>_setupGPIOs</name>
         <value>0x3f413a</value>
         <object_component_ref idref="oc-55"/>
      </symbol>
      <symbol id="sm-233">
         <name>_EPWM2_INT_ISR</name>
         <value>0x3f5560</value>
         <object_component_ref idref="oc-29"/>
      </symbol>
      <symbol id="sm-234">
         <name>_mode</name>
         <value>0x8c1a</value>
         <object_component_ref idref="oc-27"/>
      </symbol>
      <symbol id="sm-235">
         <name>_TINT0_ISR</name>
         <value>0x3f54f2</value>
         <object_component_ref idref="oc-29"/>
      </symbol>
      <symbol id="sm-236">
         <name>_WAKEINT_ISR</name>
         <value>0x3f54fc</value>
         <object_component_ref idref="oc-29"/>
      </symbol>
      <symbol id="sm-237">
         <name>_ADCINT7_ISR</name>
         <value>0x3f56fa</value>
         <object_component_ref idref="oc-29"/>
      </symbol>
      <symbol id="sm-238">
         <name>_usDelay</name>
         <value>0x3f4120</value>
         <object_component_ref idref="oc-55"/>
      </symbol>
      <symbol id="sm-239">
         <name>_ADCINT9_ISR</name>
         <value>0x3f54e8</value>
         <object_component_ref idref="oc-29"/>
      </symbol>
      <symbol id="sm-23a">
         <name>_DINTCH4_ISR</name>
         <value>0x3f5664</value>
         <object_component_ref idref="oc-29"/>
      </symbol>
      <symbol id="sm-23b">
         <name>_START_BIT_BITS</name>
         <value>0x8c5c</value>
         <object_component_ref idref="oc-27"/>
      </symbol>
      <symbol id="sm-23c">
         <name>_USER10_ISR</name>
         <value>0x3f54a2</value>
         <object_component_ref idref="oc-29"/>
      </symbol>
      <symbol id="sm-23d">
         <name>_mcbspRegs</name>
         <value>0x8c58</value>
         <object_component_ref idref="oc-27"/>
      </symbol>
      <symbol id="sm-23e">
         <name>_USER7_ISR</name>
         <value>0x3f5484</value>
         <object_component_ref idref="oc-29"/>
      </symbol>
      <symbol id="sm-23f">
         <name>_COMMAND_BYTE</name>
         <value>0x8c09</value>
         <object_component_ref idref="oc-27"/>
      </symbol>
      <symbol id="sm-240">
         <name>_XINT1_ISR</name>
         <value>0x3f54d4</value>
         <object_component_ref idref="oc-29"/>
      </symbol>
      <symbol id="sm-241">
         <name>_CpuTimer0Regs</name>
         <value>0x8c6a</value>
         <object_component_ref idref="oc-27"/>
      </symbol>
      <symbol id="sm-242">
         <name>_setXTALOsc</name>
         <value>0x3f4511</value>
         <object_component_ref idref="oc-55"/>
      </symbol>
      <symbol id="sm-243">
         <name>_interrupSVectTable</name>
         <value>0x8c68</value>
         <object_component_ref idref="oc-27"/>
      </symbol>
      <symbol id="sm-244">
         <name>_INT14_ISR</name>
         <value>0x3f540c</value>
         <object_component_ref idref="oc-29"/>
      </symbol>
      <symbol id="sm-245">
         <name>_disablePWM</name>
         <value>0x3f501b</value>
         <object_component_ref idref="oc-55"/>
      </symbol>
      <symbol id="sm-246">
         <name>_interruptSEnable</name>
         <value>0x3f4a68</value>
         <object_component_ref idref="oc-55"/>
      </symbol>
      <symbol id="sm-247">
         <name>_PieVectTableInit</name>
         <value>0x3f6658</value>
         <object_component_ref idref="oc-28"/>
      </symbol>
      <symbol id="sm-248">
         <name>_gpioInit</name>
         <value>0x3f4131</value>
         <object_component_ref idref="oc-55"/>
      </symbol>
      <symbol id="sm-249">
         <name>_flashInit</name>
         <value>0x3f437a</value>
         <object_component_ref idref="oc-55"/>
      </symbol>
      <symbol id="sm-24a">
         <name>_adcRes</name>
         <value>0x8cd8</value>
         <object_component_ref idref="oc-27"/>
      </symbol>
      <symbol id="sm-24b">
         <name>_clkInit</name>
         <value>0x3f4720</value>
         <object_component_ref idref="oc-55"/>
      </symbol>
      <symbol id="sm-24c">
         <name>_crc8VEL</name>
         <value>0x3f507d</value>
         <object_component_ref idref="oc-55"/>
      </symbol>
      <symbol id="sm-24d">
         <name>_SAAD_ST</name>
         <value>0x8c22</value>
         <object_component_ref idref="oc-27"/>
      </symbol>
      <symbol id="sm-24e">
         <name>_EPWM7_INT_ISR</name>
         <value>0x3f5592</value>
         <object_component_ref idref="oc-29"/>
      </symbol>
      <symbol id="sm-24f">
         <name>_delay</name>
         <value>0x8c05</value>
         <object_component_ref idref="oc-27"/>
      </symbol>
      <symbol id="sm-250">
         <name>_gpioS</name>
         <value>0x8c3e</value>
         <object_component_ref idref="oc-27"/>
      </symbol>
      <symbol id="sm-251">
         <name>_DINTCH5_ISR</name>
         <value>0x3f566e</value>
         <object_component_ref idref="oc-29"/>
      </symbol>
      <symbol id="sm-252">
         <name>_mcbspaSetup</name>
         <value>0x3f4820</value>
         <object_component_ref idref="oc-55"/>
      </symbol>
      <symbol id="sm-253">
         <name>_flGyro</name>
         <value>0x8c0f</value>
         <object_component_ref idref="oc-27"/>
      </symbol>
      <symbol id="sm-254">
         <name>_USER6_ISR</name>
         <value>0x3f547a</value>
         <object_component_ref idref="oc-29"/>
      </symbol>
      <symbol id="sm-255">
         <name>_setExtOsc</name>
         <value>0x3f452c</value>
         <object_component_ref idref="oc-55"/>
      </symbol>
      <symbol id="sm-256">
         <name>_CLA1_INT1_ISR</name>
         <value>0x3f570e</value>
         <object_component_ref idref="oc-29"/>
      </symbol>
      <symbol id="sm-257">
         <name>_zeroStart</name>
         <value>0x3f51fc</value>
         <object_component_ref idref="oc-55"/>
      </symbol>
      <symbol id="sm-258">
         <name>_pwmRegS</name>
         <value>0x8c88</value>
         <object_component_ref idref="oc-27"/>
      </symbol>
      <symbol id="sm-259">
         <name>_systemSetup</name>
         <value>0x3f43aa</value>
         <object_component_ref idref="oc-55"/>
      </symbol>
      <symbol id="sm-25a">
         <name>_jj</name>
         <value>0x8c2e</value>
         <object_component_ref idref="oc-27"/>
      </symbol>
      <symbol id="sm-25b">
         <name>_setupGPIOsInterrupt</name>
         <value>0x3f436b</value>
         <object_component_ref idref="oc-55"/>
      </symbol>
      <symbol id="sm-25c">
         <name>_adcResRegs</name>
         <value>0x8c4e</value>
         <object_component_ref idref="oc-27"/>
      </symbol>
      <symbol id="sm-25d">
         <name>_ADCINT1_ISR</name>
         <value>0x3f54c0</value>
         <object_component_ref idref="oc-29"/>
      </symbol>
      <symbol id="sm-25e">
         <name>_mcbsp_write</name>
         <value>0x3f48be</value>
         <object_component_ref idref="oc-55"/>
      </symbol>
      <symbol id="sm-25f">
         <name>_MRINTA_ISR</name>
         <value>0x3f5632</value>
         <object_component_ref idref="oc-29"/>
      </symbol>
      <symbol id="sm-260">
         <name>_DINTCH6_ISR</name>
         <value>0x3f5678</value>
         <object_component_ref idref="oc-29"/>
      </symbol>
      <symbol id="sm-261">
         <name>_stopMotor</name>
         <value>0x3f513c</value>
         <object_component_ref idref="oc-55"/>
      </symbol>
      <symbol id="sm-262">
         <name>_temp</name>
         <value>0x8c2c</value>
         <object_component_ref idref="oc-27"/>
      </symbol>
      <symbol id="sm-263">
         <name>_alpha</name>
         <value>0x8c30</value>
         <object_component_ref idref="oc-27"/>
      </symbol>
      <symbol id="sm-264">
         <name>_USER12_ISR</name>
         <value>0x3f54b6</value>
         <object_component_ref idref="oc-29"/>
      </symbol>
      <symbol id="sm-265">
         <name>_USER1_ISR</name>
         <value>0x3f5448</value>
         <object_component_ref idref="oc-29"/>
      </symbol>
      <symbol id="sm-266">
         <name>_flashRegs</name>
         <value>0x8c64</value>
         <object_component_ref idref="oc-27"/>
      </symbol>
      <symbol id="sm-267">
         <name>_XINT3_ISR</name>
         <value>0x3f575e</value>
         <object_component_ref idref="oc-29"/>
      </symbol>
      <symbol id="sm-268">
         <name>_CLA1_INT6_ISR</name>
         <value>0x3f5740</value>
         <object_component_ref idref="oc-29"/>
      </symbol>
      <symbol id="sm-269">
         <name>_CpuTimer2Regs</name>
         <value>0x8c5e</value>
         <object_component_ref idref="oc-27"/>
      </symbol>
      <symbol id="sm-26a">
         <name>_EPWM5_INT_ISR</name>
         <value>0x3f557e</value>
         <object_component_ref idref="oc-29"/>
      </symbol>
      <symbol id="sm-26b">
         <name>_NMI_ISR</name>
         <value>0x3f5434</value>
         <object_component_ref idref="oc-29"/>
      </symbol>
      <symbol id="sm-26c">
         <name>_ServiceDog</name>
         <value>0x3f43c8</value>
         <object_component_ref idref="oc-55"/>
      </symbol>
      <symbol id="sm-26d">
         <name>_SCITXINTB_ISR</name>
         <value>0x3f56b4</value>
         <object_component_ref idref="oc-29"/>
      </symbol>
      <symbol id="sm-26e">
         <name>_SCIRXINTB_ISR</name>
         <value>0x3f56aa</value>
         <object_component_ref idref="oc-29"/>
      </symbol>
      <symbol id="sm-26f">
         <name>_makeTest</name>
         <value>0x3f5362</value>
         <object_component_ref idref="oc-55"/>
      </symbol>
      <symbol id="sm-270">
         <name>_ECAN1INTA_ISR</name>
         <value>0x3f56c8</value>
         <object_component_ref idref="oc-29"/>
      </symbol>
      <symbol id="sm-271">
         <name>_mcbspSetupSpi</name>
         <value>0x3f4867</value>
         <object_component_ref idref="oc-55"/>
      </symbol>
      <symbol id="sm-272">
         <name>_timerSConfig</name>
         <value>0x3f4adc</value>
         <object_component_ref idref="oc-55"/>
      </symbol>
      <symbol id="sm-273">
         <name>_spiData</name>
         <value>0x8c4a</value>
         <object_component_ref idref="oc-27"/>
      </symbol>
      <symbol id="sm-274">
         <name>_ADCINT2_ISR</name>
         <value>0x3f54ca</value>
         <object_component_ref idref="oc-29"/>
      </symbol>
      <symbol id="sm-275">
         <name>_sciaWrite</name>
         <value>0x3f4a08</value>
         <object_component_ref idref="oc-55"/>
      </symbol>
      <symbol id="sm-276">
         <name>_sciaRead</name>
         <value>0x3f4a03</value>
         <object_component_ref idref="oc-55"/>
      </symbol>
      <symbol id="sm-277">
         <name>_setPWMValuesArr</name>
         <value>0x3f5030</value>
         <object_component_ref idref="oc-55"/>
      </symbol>
      <symbol id="sm-278">
         <name>_SAAD_TESTS_BITS</name>
         <value>0x8c23</value>
         <object_component_ref idref="oc-27"/>
      </symbol>
      <symbol id="sm-279">
         <name>_ECAP2_INT_ISR</name>
         <value>0x3f55b0</value>
         <object_component_ref idref="oc-29"/>
      </symbol>
      <symbol id="sm-27a">
         <name>_START_BIT</name>
         <value>0x8c56</value>
         <object_component_ref idref="oc-27"/>
      </symbol>
      <symbol id="sm-27b">
         <name>_PIE_RESERVED</name>
         <value>0x3f5789</value>
         <object_component_ref idref="oc-29"/>
      </symbol>
      <symbol id="sm-27c">
         <name>_motor1</name>
         <value>0x8cc0</value>
         <object_component_ref idref="oc-27"/>
      </symbol>
      <symbol id="sm-27d">
         <name>_motor0</name>
         <value>0x8ca0</value>
         <object_component_ref idref="oc-27"/>
      </symbol>
      <symbol id="sm-27e">
         <name>_tempData1</name>
         <value>0x8c42</value>
         <object_component_ref idref="oc-27"/>
      </symbol>
      <symbol id="sm-27f">
         <name>_tempData2</name>
         <value>0x8c44</value>
         <object_component_ref idref="oc-27"/>
      </symbol>
      <symbol id="sm-280">
         <name>_AMCconf</name>
         <value>0x3f4901</value>
         <object_component_ref idref="oc-55"/>
      </symbol>
      <symbol id="sm-281">
         <name>_motorF</name>
         <value>0x8c15</value>
         <object_component_ref idref="oc-27"/>
      </symbol>
      <symbol id="sm-282">
         <name>_I2CINT1A_ISR</name>
         <value>0x3f5682</value>
         <object_component_ref idref="oc-29"/>
      </symbol>
      <symbol id="sm-283">
         <name>_XINT2_ISR</name>
         <value>0x3f54de</value>
         <object_component_ref idref="oc-29"/>
      </symbol>
      <symbol id="sm-284">
         <name>_CLA1_INT7_ISR</name>
         <value>0x3f574a</value>
         <object_component_ref idref="oc-29"/>
      </symbol>
      <symbol id="sm-285">
         <name>_spiaRegs</name>
         <value>0x8c40</value>
         <object_component_ref idref="oc-27"/>
      </symbol>
      <symbol id="sm-286">
         <name>_I2CINT2A_ISR</name>
         <value>0x3f568c</value>
         <object_component_ref idref="oc-29"/>
      </symbol>
      <symbol id="sm-287">
         <name>_DATA</name>
         <value>0x8c0b</value>
         <object_component_ref idref="oc-27"/>
      </symbol>
      <symbol id="sm-288">
         <name>_ch</name>
         <value>0x8c1c</value>
         <object_component_ref idref="oc-27"/>
      </symbol>
      <symbol id="sm-289">
         <name>_timer2cnt</name>
         <value>0x8c2a</value>
         <object_component_ref idref="oc-27"/>
      </symbol>
      <symbol id="sm-28a">
         <name>_send</name>
         <value>0x8c17</value>
         <object_component_ref idref="oc-27"/>
      </symbol>
      <symbol id="sm-28b">
         <name>_CTRLSUM</name>
         <value>0x8c01</value>
         <object_component_ref idref="oc-27"/>
      </symbol>
      <symbol id="sm-28c">
         <name>_RTOSINT_ISR</name>
         <value>0x3f5420</value>
         <object_component_ref idref="oc-29"/>
      </symbol>
      <symbol id="sm-28d">
         <name>_EPWM3_INT_ISR</name>
         <value>0x3f556a</value>
         <object_component_ref idref="oc-29"/>
      </symbol>
      <symbol id="sm-28e">
         <name>_mcbsp_read</name>
         <value>0x3f48d9</value>
         <object_component_ref idref="oc-55"/>
      </symbol>
      <symbol id="sm-28f">
         <name>_clkS</name>
         <value>0x8c54</value>
         <object_component_ref idref="oc-27"/>
      </symbol>
      <symbol id="sm-290">
         <name>_clkg_delay_loop</name>
         <value>0x3f4804</value>
         <object_component_ref idref="oc-55"/>
      </symbol>
      <symbol id="sm-291">
         <name>_setSci</name>
         <value>0x8c14</value>
         <object_component_ref idref="oc-27"/>
      </symbol>
      <symbol id="sm-292">
         <name>_ADCINT3_ISR</name>
         <value>0x3f56d2</value>
         <object_component_ref idref="oc-29"/>
      </symbol>
      <symbol id="sm-293">
         <name>_sciErrorCntFrameDown</name>
         <value>0x8c38</value>
         <object_component_ref idref="oc-27"/>
      </symbol>
      <symbol id="sm-294">
         <name>_crc8DATA</name>
         <value>0x3f509d</value>
         <object_component_ref idref="oc-55"/>
      </symbol>
      <symbol id="sm-295">
         <name>_SPITXINTB_ISR</name>
         <value>0x3f5628</value>
         <object_component_ref idref="oc-29"/>
      </symbol>
      <symbol id="sm-296">
         <name>_SPIRXINTB_ISR</name>
         <value>0x3f561e</value>
         <object_component_ref idref="oc-29"/>
      </symbol>
      <symbol id="sm-297">
         <name>_USER9_ISR</name>
         <value>0x3f5498</value>
         <object_component_ref idref="oc-29"/>
      </symbol>
      <symbol id="sm-298">
         <name>_getMaxPWMVal</name>
         <value>0x3f504f</value>
         <object_component_ref idref="oc-55"/>
      </symbol>
      <symbol id="sm-299">
         <name>_sciRxC</name>
         <value>0x8c76</value>
         <object_component_ref idref="oc-27"/>
      </symbol>
      <symbol id="sm-29a">
         <name>_flashSetup</name>
         <value>0x3f4380</value>
         <object_component_ref idref="oc-55"/>
      </symbol>
      <symbol id="sm-29b">
         <name>_alpha0</name>
         <value>0x8c34</value>
         <object_component_ref idref="oc-27"/>
      </symbol>
      <symbol id="sm-29c">
         <name>_USER3_ISR</name>
         <value>0x3f545c</value>
         <object_component_ref idref="oc-29"/>
      </symbol>
      <symbol id="sm-29d">
         <name>_POSITION</name>
         <value>0x8c0d</value>
         <object_component_ref idref="oc-27"/>
      </symbol>
      <symbol id="sm-29e">
         <name>_sciErrorCntCtrlSum</name>
         <value>0x8c3c</value>
         <object_component_ref idref="oc-27"/>
      </symbol>
      <symbol id="sm-29f">
         <name>_mcbspaInit</name>
         <value>0x3f481a</value>
         <object_component_ref idref="oc-55"/>
      </symbol>
      <symbol id="sm-2a0">
         <name>_apsR</name>
         <value>0x8c18</value>
         <object_component_ref idref="oc-27"/>
      </symbol>
      <symbol id="sm-2a1">
         <name>_CLA1_INT4_ISR</name>
         <value>0x3f572c</value>
         <object_component_ref idref="oc-29"/>
      </symbol>
      <symbol id="sm-2a2">
         <name>_apsL</name>
         <value>0x8c03</value>
         <object_component_ref idref="oc-27"/>
      </symbol>
      <symbol id="sm-2a3">
         <name>_sciaRegs</name>
         <value>0x8c4c</value>
         <object_component_ref idref="oc-27"/>
      </symbol>
      <symbol id="sm-2a4">
         <name>_pwmValues</name>
         <value>0x8c72</value>
         <object_component_ref idref="oc-27"/>
      </symbol>
      <symbol id="sm-2a5">
         <name>_calcPWM</name>
         <value>0x3f50bd</value>
         <object_component_ref idref="oc-55"/>
      </symbol>
      <symbol id="sm-2a6">
         <name>_EQEP1_INT_ISR</name>
         <value>0x3f55d8</value>
         <object_component_ref idref="oc-29"/>
      </symbol>
      <symbol id="sm-2a7">
         <name>_mcbspData</name>
         <value>0x8c62</value>
         <object_component_ref idref="oc-27"/>
      </symbol>
      <symbol id="sm-2a8">
         <name>_HRCAP3_INT_ISR</name>
         <value>0x3f55ec</value>
         <object_component_ref idref="oc-29"/>
      </symbol>
      <symbol id="sm-2a9">
         <name>_SAAD_TEST_RES_BITS</name>
         <value>0x8c1e</value>
         <object_component_ref idref="oc-27"/>
      </symbol>
      <symbol id="sm-2aa">
         <name>_adcRead</name>
         <value>0x3f46cd</value>
         <object_component_ref idref="oc-55"/>
      </symbol>
      <symbol id="sm-2ab">
         <name>_timerInit</name>
         <value>0x3f4ad0</value>
         <object_component_ref idref="oc-55"/>
      </symbol>
      <symbol id="sm-2ac">
         <name>_counter</name>
         <value>0x8c02</value>
         <object_component_ref idref="oc-27"/>
      </symbol>
      <symbol id="sm-2ad">
         <name>_spiSend</name>
         <value>0x8c16</value>
         <object_component_ref idref="oc-27"/>
      </symbol>
      <symbol id="sm-2ae">
         <name>_DATA_BITS</name>
         <value>0x8c0a</value>
         <object_component_ref idref="oc-27"/>
      </symbol>
      <symbol id="sm-2af">
         <name>_SPI_RX_isr</name>
         <value>0x3f5e51</value>
         <object_component_ref idref="oc-29"/>
      </symbol>
      <symbol id="sm-2b0">
         <name>_VELOCITY</name>
         <value>0x8c07</value>
         <object_component_ref idref="oc-27"/>
      </symbol>
      <symbol id="sm-2b1">
         <name>_setupPeripheralClks</name>
         <value>0x3f475a</value>
         <object_component_ref idref="oc-55"/>
      </symbol>
      <symbol id="sm-2b2">
         <name>_setupClks</name>
         <value>0x3f4729</value>
         <object_component_ref idref="oc-55"/>
      </symbol>
      <symbol id="sm-2b3">
         <name>_DINTCH1_ISR</name>
         <value>0x3f5646</value>
         <object_component_ref idref="oc-29"/>
      </symbol>
      <symbol id="sm-2b4">
         <name>_USER8_ISR</name>
         <value>0x3f548e</value>
         <object_component_ref idref="oc-29"/>
      </symbol>
      <symbol id="sm-2b5">
         <name>_EPWM1_INT_ISR</name>
         <value>0x3f5556</value>
         <object_component_ref idref="oc-29"/>
      </symbol>
      <symbol id="sm-2b6">
         <name>_pid</name>
         <value>0x8d00</value>
         <object_component_ref idref="oc-27"/>
      </symbol>
      <symbol id="sm-2b7">
         <name>_sciCounter</name>
         <value>0x8c19</value>
         <object_component_ref idref="oc-27"/>
      </symbol>
      <symbol id="sm-2b8">
         <name>_USER2_ISR</name>
         <value>0x3f5452</value>
         <object_component_ref idref="oc-29"/>
      </symbol>
      <symbol id="sm-2b9">
         <name>_sysCtrlRegs</name>
         <value>0x8c5a</value>
         <object_component_ref idref="oc-27"/>
      </symbol>
      <symbol id="sm-2ba">
         <name>_mcbspAddr</name>
         <value>0x3f48fd</value>
         <object_component_ref idref="oc-55"/>
      </symbol>
      <symbol id="sm-2bb">
         <name>_flPS</name>
         <value>0x8c10</value>
         <object_component_ref idref="oc-27"/>
      </symbol>
      <symbol id="sm-2bc">
         <name>_saadFrame</name>
         <value>0x8c80</value>
         <object_component_ref idref="oc-27"/>
      </symbol>
      <symbol id="sm-2bd">
         <name>_CLA1_INT5_ISR</name>
         <value>0x3f5736</value>
         <object_component_ref idref="oc-29"/>
      </symbol>
      <symbol id="sm-2be">
         <name>_LUF_ISR</name>
         <value>0x3f5772</value>
         <object_component_ref idref="oc-29"/>
      </symbol>
      <symbol id="sm-2bf">
         <name>_LVF_ISR</name>
         <value>0x3f5768</value>
         <object_component_ref idref="oc-29"/>
      </symbol>
      <symbol id="sm-2c0">
         <name>_interrupSDefVectTableInit</name>
         <value>0x3f4aa5</value>
         <object_component_ref idref="oc-55"/>
      </symbol>
      <symbol id="sm-2c1">
         <name>_SCITXINTA_ISR</name>
         <value>0x3f56a0</value>
         <object_component_ref idref="oc-29"/>
      </symbol>
      <symbol id="sm-2c2">
         <name>_SCIRXINTA_ISR</name>
         <value>0x3f5696</value>
         <object_component_ref idref="oc-29"/>
      </symbol>
      <symbol id="sm-2c3">
         <name>_j</name>
         <value>0x8c28</value>
         <object_component_ref idref="oc-27"/>
      </symbol>
      <symbol id="sm-2c4">
         <name>_i</name>
         <value>0x8c24</value>
         <object_component_ref idref="oc-27"/>
      </symbol>
      <symbol id="sm-2c5">
         <name>_setPWMValues</name>
         <value>0x3f4ff9</value>
         <object_component_ref idref="oc-55"/>
      </symbol>
      <symbol id="sm-2c6">
         <name>_sciaSetup</name>
         <value>0x3f49ce</value>
         <object_component_ref idref="oc-55"/>
      </symbol>
      <symbol id="sm-2c7">
         <name>_spiModule</name>
         <value>0x8d40</value>
         <object_component_ref idref="oc-27"/>
      </symbol>
      <symbol id="sm-2c8">
         <name>_interrupsCpuSetup</name>
         <value>0x3f4a73</value>
         <object_component_ref idref="oc-55"/>
      </symbol>
      <symbol id="sm-2c9">
         <name>_AMCconfArr</name>
         <value>0x8d80</value>
         <object_component_ref idref="oc-27"/>
      </symbol>
      <symbol id="sm-2ca">
         <name>_rsvd_ISR</name>
         <value>0x3f5793</value>
         <object_component_ref idref="oc-29"/>
      </symbol>
      <symbol id="sm-2cb">
         <name>_xIntruptRegs</name>
         <value>0x8c48</value>
         <object_component_ref idref="oc-27"/>
      </symbol>
      <symbol id="sm-2cc">
         <name>_HRCAP1_INT_ISR</name>
         <value>0x3f55c4</value>
         <object_component_ref idref="oc-29"/>
      </symbol>
      <symbol id="sm-2cd">
         <name>_delay_loop</name>
         <value>0x3f47ee</value>
         <object_component_ref idref="oc-55"/>
      </symbol>
      <symbol id="sm-2ce">
         <name>_SAAD_CTRL</name>
         <value>0x8c21</value>
         <object_component_ref idref="oc-27"/>
      </symbol>
      <symbol id="sm-2cf">
         <name>_spiInit</name>
         <value>0x3f49a5</value>
         <object_component_ref idref="oc-55"/>
      </symbol>
      <symbol id="sm-2d0">
         <name>_DINTCH2_ISR</name>
         <value>0x3f5650</value>
         <object_component_ref idref="oc-29"/>
      </symbol>
      <symbol id="sm-2d1">
         <name>_SAAD_CTRL_BITS</name>
         <value>0x8c20</value>
         <object_component_ref idref="oc-27"/>
      </symbol>
      <symbol id="sm-2d2">
         <name>_systemInit</name>
         <value>0x3f43a4</value>
         <object_component_ref idref="oc-55"/>
      </symbol>
      <symbol id="sm-2d3">
         <name>_saadTests</name>
         <value>0x8c13</value>
         <object_component_ref idref="oc-27"/>
      </symbol>
      <symbol id="sm-2d4">
         <name>_adcRegs</name>
         <value>0x8c50</value>
         <object_component_ref idref="oc-27"/>
      </symbol>
      <symbol id="sm-2d5">
         <name>_setUpPeripheralClocks</name>
         <value>0x3f443f</value>
         <object_component_ref idref="oc-55"/>
      </symbol>
      <symbol id="sm-2e9">
         <name>_pid_reg3_calc</name>
         <value>0x3f6340</value>
         <object_component_ref idref="oc-54"/>
      </symbol>
      <symbol id="sm-2fd">
         <name>_c_int00</name>
         <value>0x3f64ce</value>
         <object_component_ref idref="oc-17"/>
      </symbol>
      <symbol id="sm-2fe">
         <name>__stack</name>
         <value>0x50</value>
         <object_component_ref idref="oc-35"/>
      </symbol>
      <symbol id="sm-30a">
         <name>_cos</name>
         <value>0x3f646d</value>
         <object_component_ref idref="oc-5b"/>
      </symbol>
      <symbol id="sm-31b">
         <name>C$$EXIT</name>
         <value>0x3f652d</value>
         <object_component_ref idref="oc-53"/>
      </symbol>
      <symbol id="sm-31c">
         <name>_exit</name>
         <value>0x3f652f</value>
         <object_component_ref idref="oc-53"/>
      </symbol>
      <symbol id="sm-31d">
         <name>___TI_cleanup_ptr</name>
         <value>0x8e04</value>
         <object_component_ref idref="oc-40"/>
      </symbol>
      <symbol id="sm-31e">
         <name>_abort</name>
         <value>0x3f652d</value>
         <object_component_ref idref="oc-53"/>
      </symbol>
      <symbol id="sm-31f">
         <name>___TI_dtors_ptr</name>
         <value>0x8e06</value>
         <object_component_ref idref="oc-40"/>
      </symbol>
      <symbol id="sm-32c">
         <name>FS$$DIV</name>
         <value>0x3f63e5</value>
         <object_component_ref idref="oc-44"/>
      </symbol>
      <symbol id="sm-33a">
         <name>__unlock</name>
         <value>0x8e00</value>
         <object_component_ref idref="oc-4a"/>
      </symbol>
      <symbol id="sm-33b">
         <name>__lock</name>
         <value>0x8e02</value>
         <object_component_ref idref="oc-4a"/>
      </symbol>
      <symbol id="sm-33c">
         <name>__register_lock</name>
         <value>0x3f654a</value>
         <object_component_ref idref="oc-56"/>
      </symbol>
      <symbol id="sm-33d">
         <name>__nop</name>
         <value>0x3f654e</value>
         <object_component_ref idref="oc-56"/>
      </symbol>
      <symbol id="sm-33e">
         <name>__register_unlock</name>
         <value>0x3f6546</value>
         <object_component_ref idref="oc-56"/>
      </symbol>
      <symbol id="sm-34a">
         <name>__args_main</name>
         <value>0x3f6514</value>
         <object_component_ref idref="oc-52"/>
      </symbol>
      <symbol id="sm-34b">
         <name>__TI_args_main</name>
         <value>0x1</value>
      </symbol>
   </symbol_table>
   <title>Link successful</title>
</link_info>
