<?xml version="1.0"?>
<link_info>
   <banner>TMS320C2000 Linker PC v6.2.7</banner>
   <copyright>Copyright (c) 1996-2014 Texas Instruments Incorporated</copyright>
   <link_time>0x58d22553</link_time>
   <link_errors>0x0</link_errors>
   <output_file>motors.out</output_file>
   <entry_point>
      <name>_c_int00</name>
      <address>0x3f6a6e</address>
   </entry_point>
   <input_file_list>
      <input_file id="fl-2">
         <path>.\</path>
         <kind>object</kind>
         <file>F2806x_CodeStartBranch.obj</file>
         <name>F2806x_CodeStartBranch.obj</name>
      </input_file>
      <input_file id="fl-3">
         <path>.\</path>
         <kind>object</kind>
         <file>clk.obj</file>
         <name>clk.obj</name>
      </input_file>
      <input_file id="fl-4">
         <path>.\</path>
         <kind>object</kind>
         <file>gpio.obj</file>
         <name>gpio.obj</name>
      </input_file>
      <input_file id="fl-5">
         <path>.\</path>
         <kind>object</kind>
         <file>main.obj</file>
         <name>main.obj</name>
      </input_file>
      <input_file id="fl-6">
         <path>.\</path>
         <kind>object</kind>
         <file>memCopy.obj</file>
         <name>memCopy.obj</name>
      </input_file>
      <input_file id="fl-15">
         <path>c:\ti\ccsv6\tools\compiler\c2000_6.2.7\lib\</path>
         <kind>archive</kind>
         <file>rts2800_fpu32.lib</file>
         <name>boot.obj</name>
      </input_file>
      <input_file id="fl-16">
         <path>c:\ti\ccsv6\tools\compiler\c2000_6.2.7\lib\</path>
         <kind>archive</kind>
         <file>rts2800_fpu32.lib</file>
         <name>cos.obj</name>
      </input_file>
      <input_file id="fl-17">
         <path>c:\ti\ccsv6\tools\compiler\c2000_6.2.7\lib\</path>
         <kind>archive</kind>
         <file>rts2800_fpu32.lib</file>
         <name>exit.obj</name>
      </input_file>
      <input_file id="fl-18">
         <path>c:\ti\ccsv6\tools\compiler\c2000_6.2.7\lib\</path>
         <kind>archive</kind>
         <file>rts2800_fpu32.lib</file>
         <name>fs_div.obj</name>
      </input_file>
      <input_file id="fl-19">
         <path>c:\ti\ccsv6\tools\compiler\c2000_6.2.7\lib\</path>
         <kind>archive</kind>
         <file>rts2800_fpu32.lib</file>
         <name>sin.obj</name>
      </input_file>
      <input_file id="fl-1a">
         <path>c:\ti\ccsv6\tools\compiler\c2000_6.2.7\lib\</path>
         <kind>archive</kind>
         <file>rts2800_fpu32.lib</file>
         <name>_lock.obj</name>
      </input_file>
      <input_file id="fl-1b">
         <path>c:\ti\ccsv6\tools\compiler\c2000_6.2.7\lib\</path>
         <kind>archive</kind>
         <file>rts2800_fpu32.lib</file>
         <name>args_main.obj</name>
      </input_file>
   </input_file_list>
   <object_component_list>
      <object_component id="oc-26">
         <name>.cinit</name>
         <load_address>0x3f6cf8</load_address>
         <run_address>0x3f6cf8</run_address>
         <size>0x1a2</size>
         <input_file_ref idref="fl-5"/>
      </object_component>
      <object_component id="oc-49">
         <name>.cinit</name>
         <load_address>0x3f6e9a</load_address>
         <run_address>0x3f6e9a</run_address>
         <size>0xa</size>
         <input_file_ref idref="fl-1a"/>
      </object_component>
      <object_component id="oc-3b">
         <name>.cinit</name>
         <load_address>0x3f6ea4</load_address>
         <run_address>0x3f6ea4</run_address>
         <size>0xa</size>
         <input_file_ref idref="fl-17"/>
      </object_component>
      <object_component id="oc-54">
         <name>.text</name>
         <load_address>0x3f4000</load_address>
         <run_address>0x3f4000</run_address>
         <size>0x16f4</size>
         <input_file_ref idref="fl-5"/>
      </object_component>
      <object_component id="oc-29">
         <name>.text:retain</name>
         <load_address>0x3f56f4</load_address>
         <run_address>0x3f56f4</run_address>
         <size>0xde5</size>
         <input_file_ref idref="fl-5"/>
      </object_component>
      <object_component id="oc-58">
         <name>.text</name>
         <load_address>0x3f64d9</load_address>
         <run_address>0x3f64d9</run_address>
         <size>0x2ca</size>
         <input_file_ref idref="fl-3"/>
      </object_component>
      <object_component id="oc-55">
         <name>.text</name>
         <load_address>0x3f67a3</load_address>
         <run_address>0x3f67a3</run_address>
         <size>0x18a</size>
         <input_file_ref idref="fl-4"/>
      </object_component>
      <object_component id="oc-40">
         <name>.text</name>
         <load_address>0x3f692d</load_address>
         <run_address>0x3f692d</run_address>
         <size>0x88</size>
         <input_file_ref idref="fl-18"/>
      </object_component>
      <object_component id="oc-5a">
         <name>.text</name>
         <load_address>0x3f69b5</load_address>
         <run_address>0x3f69b5</run_address>
         <size>0x61</size>
         <input_file_ref idref="fl-16"/>
      </object_component>
      <object_component id="oc-5b">
         <name>.text</name>
         <load_address>0x3f6a16</load_address>
         <run_address>0x3f6a16</run_address>
         <size>0x58</size>
         <input_file_ref idref="fl-19"/>
      </object_component>
      <object_component id="oc-17">
         <name>.text</name>
         <load_address>0x3f6a6e</load_address>
         <run_address>0x3f6a6e</run_address>
         <size>0x46</size>
         <input_file_ref idref="fl-15"/>
      </object_component>
      <object_component id="oc-52">
         <name>.text</name>
         <load_address>0x3f6ab4</load_address>
         <run_address>0x3f6ab4</run_address>
         <size>0x19</size>
         <input_file_ref idref="fl-1b"/>
      </object_component>
      <object_component id="oc-53">
         <name>.text</name>
         <load_address>0x3f6acd</load_address>
         <run_address>0x3f6acd</run_address>
         <size>0x19</size>
         <input_file_ref idref="fl-17"/>
      </object_component>
      <object_component id="oc-56">
         <name>.text</name>
         <load_address>0x3f6ae6</load_address>
         <run_address>0x3f6ae6</run_address>
         <size>0x9</size>
         <input_file_ref idref="fl-1a"/>
      </object_component>
      <object_component id="oc-18">
         <name>.text</name>
         <load_address>0x3f6aef</load_address>
         <run_address>0x3f6aef</run_address>
         <size>0x8</size>
         <input_file_ref idref="fl-2"/>
      </object_component>
      <object_component id="oc-19">
         <name>codestart</name>
         <load_address>0x3f7ff6</load_address>
         <run_address>0x3f7ff6</run_address>
         <size>0x2</size>
         <input_file_ref idref="fl-2"/>
      </object_component>
      <object_component id="oc-31">
         <name>.stack</name>
         <uninitialized>true</uninitialized>
         <run_address>0x50</run_address>
         <size>0x0</size>
         <input_file_ref idref="fl-15"/>
      </object_component>
      <object_component id="oc-7a">
         <name>.stack</name>
         <uninitialized>true</uninitialized>
         <run_address>0x50</run_address>
         <size>0x0</size>
      </object_component>
      <object_component id="oc-27">
         <name>.ebss</name>
         <uninitialized>true</uninitialized>
         <run_address>0x9000</run_address>
         <size>0x400</size>
         <input_file_ref idref="fl-5"/>
      </object_component>
      <object_component id="oc-3c">
         <name>.ebss</name>
         <uninitialized>true</uninitialized>
         <run_address>0x9404</run_address>
         <size>0x4</size>
         <input_file_ref idref="fl-17"/>
      </object_component>
      <object_component id="oc-4a">
         <name>.ebss</name>
         <uninitialized>true</uninitialized>
         <run_address>0x9400</run_address>
         <size>0x4</size>
         <input_file_ref idref="fl-1a"/>
      </object_component>
      <object_component id="oc-59">
         <name>.econst:.string:_CRC_TABLE</name>
         <load_address>0x3f6af8</load_address>
         <run_address>0x3f6af8</run_address>
         <size>0x100</size>
         <input_file_ref idref="fl-5"/>
      </object_component>
      <object_component id="oc-28">
         <name>.econst</name>
         <load_address>0x3f6bf8</load_address>
         <run_address>0x3f6bf8</run_address>
         <size>0x100</size>
         <input_file_ref idref="fl-5"/>
      </object_component>
      <object_component id="oc-57">
         <name>.switch:_adcRead</name>
         <load_address>0x3f6eb0</load_address>
         <run_address>0x3f6eb0</run_address>
         <size>0x20</size>
         <input_file_ref idref="fl-5"/>
      </object_component>
      <object_component id="oc-32">
         <name>.reset</name>
         <load_address>0x3fffc0</load_address>
         <run_address>0x3fffc0</run_address>
         <size>0x2</size>
         <input_file_ref idref="fl-15"/>
      </object_component>
      <object_component id="oc-1a">
         <name>.debug_info</name>
         <load_address>0x0</load_address>
         <run_address>0x0</run_address>
         <size>0x12a</size>
         <input_file_ref idref="fl-2"/>
      </object_component>
      <object_component id="oc-1d">
         <name>.debug_info</name>
         <load_address>0x12a</load_address>
         <run_address>0x12a</run_address>
         <size>0x441e</size>
         <input_file_ref idref="fl-3"/>
      </object_component>
      <object_component id="oc-21">
         <name>.debug_info</name>
         <load_address>0x4548</load_address>
         <run_address>0x4548</run_address>
         <size>0x2eb6</size>
         <input_file_ref idref="fl-4"/>
      </object_component>
      <object_component id="oc-25">
         <name>.debug_info</name>
         <load_address>0x73fe</load_address>
         <run_address>0x73fe</run_address>
         <size>0x159ec</size>
         <input_file_ref idref="fl-5"/>
      </object_component>
      <object_component id="oc-2d">
         <name>.debug_info</name>
         <load_address>0x1cdea</load_address>
         <run_address>0x1cdea</run_address>
         <size>0x3a8</size>
         <input_file_ref idref="fl-6"/>
      </object_component>
      <object_component id="oc-33">
         <name>.debug_info</name>
         <load_address>0x1d192</load_address>
         <run_address>0x1d192</run_address>
         <size>0xde</size>
         <input_file_ref idref="fl-15"/>
      </object_component>
      <object_component id="oc-36">
         <name>.debug_info</name>
         <load_address>0x1d270</load_address>
         <run_address>0x1d270</run_address>
         <size>0x3c6</size>
         <input_file_ref idref="fl-16"/>
      </object_component>
      <object_component id="oc-3a">
         <name>.debug_info</name>
         <load_address>0x1d636</load_address>
         <run_address>0x1d636</run_address>
         <size>0x488</size>
         <input_file_ref idref="fl-17"/>
      </object_component>
      <object_component id="oc-41">
         <name>.debug_info</name>
         <load_address>0x1dabe</load_address>
         <run_address>0x1dabe</run_address>
         <size>0xc0</size>
         <input_file_ref idref="fl-18"/>
      </object_component>
      <object_component id="oc-44">
         <name>.debug_info</name>
         <load_address>0x1db7e</load_address>
         <run_address>0x1db7e</run_address>
         <size>0x3d8</size>
         <input_file_ref idref="fl-19"/>
      </object_component>
      <object_component id="oc-48">
         <name>.debug_info</name>
         <load_address>0x1df56</load_address>
         <run_address>0x1df56</run_address>
         <size>0x4ae</size>
         <input_file_ref idref="fl-1a"/>
      </object_component>
      <object_component id="oc-4e">
         <name>.debug_info</name>
         <load_address>0x1e404</load_address>
         <run_address>0x1e404</run_address>
         <size>0x46f</size>
         <input_file_ref idref="fl-1b"/>
      </object_component>
      <object_component id="oc-7b">
         <name>.debug_info</name>
         <load_address>0x1e873</load_address>
         <run_address>0x1e873</run_address>
         <size>0x6f</size>
      </object_component>
      <object_component id="oc-1b">
         <name>.debug_line</name>
         <load_address>0x0</load_address>
         <run_address>0x0</run_address>
         <size>0x5c</size>
         <input_file_ref idref="fl-2"/>
      </object_component>
      <object_component id="oc-1f">
         <name>.debug_line</name>
         <load_address>0x5c</load_address>
         <run_address>0x5c</run_address>
         <size>0x6e5</size>
         <input_file_ref idref="fl-3"/>
      </object_component>
      <object_component id="oc-23">
         <name>.debug_line</name>
         <load_address>0x741</load_address>
         <run_address>0x741</run_address>
         <size>0x20c</size>
         <input_file_ref idref="fl-4"/>
      </object_component>
      <object_component id="oc-2b">
         <name>.debug_line</name>
         <load_address>0x94d</load_address>
         <run_address>0x94d</run_address>
         <size>0x23d9</size>
         <input_file_ref idref="fl-5"/>
      </object_component>
      <object_component id="oc-2f">
         <name>.debug_line</name>
         <load_address>0x2d26</load_address>
         <run_address>0x2d26</run_address>
         <size>0x5d</size>
         <input_file_ref idref="fl-6"/>
      </object_component>
      <object_component id="oc-34">
         <name>.debug_line</name>
         <load_address>0x2d83</load_address>
         <run_address>0x2d83</run_address>
         <size>0x71</size>
         <input_file_ref idref="fl-15"/>
      </object_component>
      <object_component id="oc-38">
         <name>.debug_line</name>
         <load_address>0x2df4</load_address>
         <run_address>0x2df4</run_address>
         <size>0x49</size>
         <input_file_ref idref="fl-16"/>
      </object_component>
      <object_component id="oc-3e">
         <name>.debug_line</name>
         <load_address>0x2e3d</load_address>
         <run_address>0x2e3d</run_address>
         <size>0x62</size>
         <input_file_ref idref="fl-17"/>
      </object_component>
      <object_component id="oc-42">
         <name>.debug_line</name>
         <load_address>0x2e9f</load_address>
         <run_address>0x2e9f</run_address>
         <size>0xaa</size>
         <input_file_ref idref="fl-18"/>
      </object_component>
      <object_component id="oc-46">
         <name>.debug_line</name>
         <load_address>0x2f49</load_address>
         <run_address>0x2f49</run_address>
         <size>0x5c</size>
         <input_file_ref idref="fl-19"/>
      </object_component>
      <object_component id="oc-4c">
         <name>.debug_line</name>
         <load_address>0x2fa5</load_address>
         <run_address>0x2fa5</run_address>
         <size>0x5b</size>
         <input_file_ref idref="fl-1a"/>
      </object_component>
      <object_component id="oc-50">
         <name>.debug_line</name>
         <load_address>0x3000</load_address>
         <run_address>0x3000</run_address>
         <size>0x50</size>
         <input_file_ref idref="fl-1b"/>
      </object_component>
      <object_component id="oc-1c">
         <name>.debug_abbrev</name>
         <load_address>0x0</load_address>
         <run_address>0x0</run_address>
         <size>0x20</size>
         <input_file_ref idref="fl-2"/>
      </object_component>
      <object_component id="oc-20">
         <name>.debug_abbrev</name>
         <load_address>0x20</load_address>
         <run_address>0x20</run_address>
         <size>0x15f</size>
         <input_file_ref idref="fl-3"/>
      </object_component>
      <object_component id="oc-24">
         <name>.debug_abbrev</name>
         <load_address>0x17f</load_address>
         <run_address>0x17f</run_address>
         <size>0x15f</size>
         <input_file_ref idref="fl-4"/>
      </object_component>
      <object_component id="oc-2c">
         <name>.debug_abbrev</name>
         <load_address>0x2de</load_address>
         <run_address>0x2de</run_address>
         <size>0x2de</size>
         <input_file_ref idref="fl-5"/>
      </object_component>
      <object_component id="oc-30">
         <name>.debug_abbrev</name>
         <load_address>0x5bc</load_address>
         <run_address>0x5bc</run_address>
         <size>0x8a</size>
         <input_file_ref idref="fl-6"/>
      </object_component>
      <object_component id="oc-35">
         <name>.debug_abbrev</name>
         <load_address>0x646</load_address>
         <run_address>0x646</run_address>
         <size>0x43</size>
         <input_file_ref idref="fl-15"/>
      </object_component>
      <object_component id="oc-39">
         <name>.debug_abbrev</name>
         <load_address>0x689</load_address>
         <run_address>0x689</run_address>
         <size>0x92</size>
         <input_file_ref idref="fl-16"/>
      </object_component>
      <object_component id="oc-3f">
         <name>.debug_abbrev</name>
         <load_address>0x71b</load_address>
         <run_address>0x71b</run_address>
         <size>0x10c</size>
         <input_file_ref idref="fl-17"/>
      </object_component>
      <object_component id="oc-43">
         <name>.debug_abbrev</name>
         <load_address>0x827</load_address>
         <run_address>0x827</run_address>
         <size>0x35</size>
         <input_file_ref idref="fl-18"/>
      </object_component>
      <object_component id="oc-47">
         <name>.debug_abbrev</name>
         <load_address>0x85c</load_address>
         <run_address>0x85c</run_address>
         <size>0x92</size>
         <input_file_ref idref="fl-19"/>
      </object_component>
      <object_component id="oc-4d">
         <name>.debug_abbrev</name>
         <load_address>0x8ee</load_address>
         <run_address>0x8ee</run_address>
         <size>0xa9</size>
         <input_file_ref idref="fl-1a"/>
      </object_component>
      <object_component id="oc-51">
         <name>.debug_abbrev</name>
         <load_address>0x997</load_address>
         <run_address>0x997</run_address>
         <size>0xed</size>
         <input_file_ref idref="fl-1b"/>
      </object_component>
      <object_component id="oc-7c">
         <name>.debug_abbrev</name>
         <load_address>0xa84</load_address>
         <run_address>0xa84</run_address>
         <size>0xd</size>
      </object_component>
      <object_component id="oc-1e">
         <name>.debug_frame</name>
         <load_address>0x0</load_address>
         <run_address>0x0</run_address>
         <size>0x6e2</size>
         <input_file_ref idref="fl-3"/>
      </object_component>
      <object_component id="oc-22">
         <name>.debug_frame</name>
         <load_address>0x6e2</load_address>
         <run_address>0x6e2</run_address>
         <size>0x19d</size>
         <input_file_ref idref="fl-4"/>
      </object_component>
      <object_component id="oc-2a">
         <name>.debug_frame</name>
         <load_address>0x87f</load_address>
         <run_address>0x87f</run_address>
         <size>0x1a21</size>
         <input_file_ref idref="fl-5"/>
      </object_component>
      <object_component id="oc-2e">
         <name>.debug_frame</name>
         <load_address>0x22a0</load_address>
         <run_address>0x22a0</run_address>
         <size>0x8e</size>
         <input_file_ref idref="fl-6"/>
      </object_component>
      <object_component id="oc-37">
         <name>.debug_frame</name>
         <load_address>0x232e</load_address>
         <run_address>0x232e</run_address>
         <size>0xad</size>
         <input_file_ref idref="fl-16"/>
      </object_component>
      <object_component id="oc-3d">
         <name>.debug_frame</name>
         <load_address>0x23db</load_address>
         <run_address>0x23db</run_address>
         <size>0xc7</size>
         <input_file_ref idref="fl-17"/>
      </object_component>
      <object_component id="oc-45">
         <name>.debug_frame</name>
         <load_address>0x24a2</load_address>
         <run_address>0x24a2</run_address>
         <size>0xad</size>
         <input_file_ref idref="fl-19"/>
      </object_component>
      <object_component id="oc-4b">
         <name>.debug_frame</name>
         <load_address>0x254f</load_address>
         <run_address>0x254f</run_address>
         <size>0xd6</size>
         <input_file_ref idref="fl-1a"/>
      </object_component>
      <object_component id="oc-4f">
         <name>.debug_frame</name>
         <load_address>0x2625</load_address>
         <run_address>0x2625</run_address>
         <size>0xa6</size>
         <input_file_ref idref="fl-1b"/>
      </object_component>
   </object_component_list>
   <logical_group_list>
      <logical_group id="lg-2" display="no" color="cyan">
         <name>.cinit</name>
         <load_address>0x3f6cf8</load_address>
         <run_address>0x3f6cf8</run_address>
         <size>0x1b8</size>
         <contents>
            <object_component_ref idref="oc-26"/>
            <object_component_ref idref="oc-49"/>
            <object_component_ref idref="oc-3b"/>
         </contents>
      </logical_group>
      <logical_group id="lg-3" display="no" color="cyan">
         <name>.pinit</name>
         <run_address>0x0</run_address>
         <size>0x0</size>
         <contents>
         </contents>
      </logical_group>
      <logical_group id="lg-4" display="no" color="cyan">
         <name>.text</name>
         <load_address>0x3f4000</load_address>
         <run_address>0x3f4000</run_address>
         <size>0x2af7</size>
         <contents>
            <object_component_ref idref="oc-54"/>
            <object_component_ref idref="oc-29"/>
            <object_component_ref idref="oc-58"/>
            <object_component_ref idref="oc-55"/>
            <object_component_ref idref="oc-40"/>
            <object_component_ref idref="oc-5a"/>
            <object_component_ref idref="oc-5b"/>
            <object_component_ref idref="oc-17"/>
            <object_component_ref idref="oc-52"/>
            <object_component_ref idref="oc-53"/>
            <object_component_ref idref="oc-56"/>
            <object_component_ref idref="oc-18"/>
         </contents>
      </logical_group>
      <logical_group id="lg-5" display="no" color="cyan">
         <name>codestart</name>
         <load_address>0x3f7ff6</load_address>
         <run_address>0x3f7ff6</run_address>
         <size>0x2</size>
         <contents>
            <object_component_ref idref="oc-19"/>
         </contents>
      </logical_group>
      <logical_group id="lg-6" display="no" color="cyan">
         <name>ramfuncs</name>
         <run_address>0x8000</run_address>
         <size>0x0</size>
         <contents>
         </contents>
      </logical_group>
      <logical_group id="lg-7" display="no" color="cyan">
         <name>csmpasswds</name>
         <run_address>0x0</run_address>
         <size>0x0</size>
         <contents>
         </contents>
      </logical_group>
      <logical_group id="lg-8" display="no" color="cyan">
         <name>csm_rsvd</name>
         <run_address>0x0</run_address>
         <size>0x0</size>
         <contents>
         </contents>
      </logical_group>
      <logical_group id="lg-9" display="no" color="cyan">
         <name>.stack</name>
         <run_address>0x50</run_address>
         <size>0x300</size>
         <contents>
            <object_component_ref idref="oc-31"/>
            <object_component_ref idref="oc-7a"/>
         </contents>
      </logical_group>
      <logical_group id="lg-a" display="no" color="cyan">
         <name>.ebss</name>
         <run_address>0x9000</run_address>
         <size>0x408</size>
         <contents>
            <object_component_ref idref="oc-27"/>
            <object_component_ref idref="oc-3c"/>
            <object_component_ref idref="oc-4a"/>
         </contents>
      </logical_group>
      <logical_group id="lg-b" display="no" color="cyan">
         <name>.esysmem</name>
         <run_address>0x0</run_address>
         <size>0x0</size>
         <contents>
         </contents>
      </logical_group>
      <logical_group id="lg-c" display="no" color="cyan">
         <name>.econst</name>
         <load_address>0x3f6af8</load_address>
         <run_address>0x3f6af8</run_address>
         <size>0x200</size>
         <contents>
            <object_component_ref idref="oc-59"/>
            <object_component_ref idref="oc-28"/>
         </contents>
      </logical_group>
      <logical_group id="lg-d" display="no" color="cyan">
         <name>.switch</name>
         <load_address>0x3f6eb0</load_address>
         <run_address>0x3f6eb0</run_address>
         <size>0x20</size>
         <contents>
            <object_component_ref idref="oc-57"/>
         </contents>
      </logical_group>
      <logical_group id="lg-e" display="no" color="cyan">
         <name>IQmath</name>
         <run_address>0x0</run_address>
         <size>0x0</size>
         <contents>
         </contents>
      </logical_group>
      <logical_group id="lg-f" display="no" color="cyan">
         <name>IQmathTables</name>
         <run_address>0x0</run_address>
         <size>0x0</size>
         <contents>
         </contents>
      </logical_group>
      <logical_group id="lg-10" display="no" color="cyan">
         <name>FPUmathTables</name>
         <run_address>0x0</run_address>
         <size>0x0</size>
         <contents>
         </contents>
      </logical_group>
      <logical_group id="lg-11" display="no" color="cyan">
         <name>DMARAML5</name>
         <run_address>0x0</run_address>
         <size>0x0</size>
         <contents>
         </contents>
      </logical_group>
      <logical_group id="lg-12" display="no" color="cyan">
         <name>DMARAML6</name>
         <run_address>0x0</run_address>
         <size>0x0</size>
         <contents>
         </contents>
      </logical_group>
      <logical_group id="lg-13" display="no" color="cyan">
         <name>DMARAML7</name>
         <run_address>0x0</run_address>
         <size>0x0</size>
         <contents>
         </contents>
      </logical_group>
      <logical_group id="lg-14" display="no" color="cyan">
         <name>DMARAML8</name>
         <run_address>0x0</run_address>
         <size>0x0</size>
         <contents>
         </contents>
      </logical_group>
      <logical_group id="lg-15" display="no" color="cyan">
         <name>.reset</name>
         <load_address>0x3fffc0</load_address>
         <run_address>0x3fffc0</run_address>
         <size>0x2</size>
         <contents>
            <object_component_ref idref="oc-32"/>
         </contents>
      </logical_group>
      <logical_group id="lg-16" display="no" color="cyan">
         <name>vectors</name>
         <run_address>0x3fffc2</run_address>
         <size>0x0</size>
         <contents>
         </contents>
      </logical_group>
      <logical_group id="lg-71" display="never" color="cyan">
         <name>.debug_info</name>
         <load_address>0x0</load_address>
         <run_address>0x0</run_address>
         <size>0x1e8e2</size>
         <contents>
            <object_component_ref idref="oc-1a"/>
            <object_component_ref idref="oc-1d"/>
            <object_component_ref idref="oc-21"/>
            <object_component_ref idref="oc-25"/>
            <object_component_ref idref="oc-2d"/>
            <object_component_ref idref="oc-33"/>
            <object_component_ref idref="oc-36"/>
            <object_component_ref idref="oc-3a"/>
            <object_component_ref idref="oc-41"/>
            <object_component_ref idref="oc-44"/>
            <object_component_ref idref="oc-48"/>
            <object_component_ref idref="oc-4e"/>
            <object_component_ref idref="oc-7b"/>
         </contents>
      </logical_group>
      <logical_group id="lg-73" display="never" color="cyan">
         <name>.debug_line</name>
         <load_address>0x0</load_address>
         <run_address>0x0</run_address>
         <size>0x3050</size>
         <contents>
            <object_component_ref idref="oc-1b"/>
            <object_component_ref idref="oc-1f"/>
            <object_component_ref idref="oc-23"/>
            <object_component_ref idref="oc-2b"/>
            <object_component_ref idref="oc-2f"/>
            <object_component_ref idref="oc-34"/>
            <object_component_ref idref="oc-38"/>
            <object_component_ref idref="oc-3e"/>
            <object_component_ref idref="oc-42"/>
            <object_component_ref idref="oc-46"/>
            <object_component_ref idref="oc-4c"/>
            <object_component_ref idref="oc-50"/>
         </contents>
      </logical_group>
      <logical_group id="lg-75" display="never" color="cyan">
         <name>.debug_abbrev</name>
         <load_address>0x0</load_address>
         <run_address>0x0</run_address>
         <size>0xa91</size>
         <contents>
            <object_component_ref idref="oc-1c"/>
            <object_component_ref idref="oc-20"/>
            <object_component_ref idref="oc-24"/>
            <object_component_ref idref="oc-2c"/>
            <object_component_ref idref="oc-30"/>
            <object_component_ref idref="oc-35"/>
            <object_component_ref idref="oc-39"/>
            <object_component_ref idref="oc-3f"/>
            <object_component_ref idref="oc-43"/>
            <object_component_ref idref="oc-47"/>
            <object_component_ref idref="oc-4d"/>
            <object_component_ref idref="oc-51"/>
            <object_component_ref idref="oc-7c"/>
         </contents>
      </logical_group>
      <logical_group id="lg-77" display="never" color="cyan">
         <name>.debug_frame</name>
         <load_address>0x0</load_address>
         <run_address>0x0</run_address>
         <size>0x26cb</size>
         <contents>
            <object_component_ref idref="oc-1e"/>
            <object_component_ref idref="oc-22"/>
            <object_component_ref idref="oc-2a"/>
            <object_component_ref idref="oc-2e"/>
            <object_component_ref idref="oc-37"/>
            <object_component_ref idref="oc-3d"/>
            <object_component_ref idref="oc-45"/>
            <object_component_ref idref="oc-4b"/>
            <object_component_ref idref="oc-4f"/>
         </contents>
      </logical_group>
   </logical_group_list>
   <placement_map>
      <memory_area display="yes" color="green">
         <name>RAML0</name>
         <page_id>0x0</page_id>
         <origin>0x8000</origin>
         <length>0x800</length>
         <used_space>0x0</used_space>
         <unused_space>0x800</unused_space>
         <attributes>RWIX</attributes>
         <usage_details>
            <allocated_space>
               <start_address>0x8000</start_address>
               <size>0x0</size>
               <logical_group_ref idref="lg-6"/>
            </allocated_space>
            <available_space>
               <start_address>0x8000</start_address>
               <size>0x800</size>
            </available_space>
         </usage_details>
      </memory_area>
      <memory_area display="yes" color="green">
         <name>RAML1</name>
         <page_id>0x0</page_id>
         <origin>0x8800</origin>
         <length>0x400</length>
         <used_space>0x0</used_space>
         <unused_space>0x400</unused_space>
         <attributes>RWIX</attributes>
         <usage_details>
         </usage_details>
      </memory_area>
      <memory_area display="yes" color="green">
         <name>OTP</name>
         <page_id>0x0</page_id>
         <origin>0x3d7800</origin>
         <length>0x400</length>
         <used_space>0x0</used_space>
         <unused_space>0x400</unused_space>
         <attributes>RWIX</attributes>
         <usage_details>
         </usage_details>
      </memory_area>
      <memory_area display="yes" color="green">
         <name>FLASHH</name>
         <page_id>0x0</page_id>
         <origin>0x3d8000</origin>
         <length>0x4000</length>
         <used_space>0x0</used_space>
         <unused_space>0x4000</unused_space>
         <attributes>RWIX</attributes>
         <usage_details>
         </usage_details>
      </memory_area>
      <memory_area display="yes" color="green">
         <name>FLASHG</name>
         <page_id>0x0</page_id>
         <origin>0x3dc000</origin>
         <length>0x4000</length>
         <used_space>0x0</used_space>
         <unused_space>0x4000</unused_space>
         <attributes>RWIX</attributes>
         <usage_details>
         </usage_details>
      </memory_area>
      <memory_area display="yes" color="green">
         <name>FLASHF</name>
         <page_id>0x0</page_id>
         <origin>0x3e0000</origin>
         <length>0x4000</length>
         <used_space>0x0</used_space>
         <unused_space>0x4000</unused_space>
         <attributes>RWIX</attributes>
         <usage_details>
         </usage_details>
      </memory_area>
      <memory_area display="yes" color="green">
         <name>FLASHE</name>
         <page_id>0x0</page_id>
         <origin>0x3e4000</origin>
         <length>0x4000</length>
         <used_space>0x0</used_space>
         <unused_space>0x4000</unused_space>
         <attributes>RWIX</attributes>
         <usage_details>
         </usage_details>
      </memory_area>
      <memory_area display="yes" color="green">
         <name>FLASHD</name>
         <page_id>0x0</page_id>
         <origin>0x3e8000</origin>
         <length>0x4000</length>
         <used_space>0x0</used_space>
         <unused_space>0x4000</unused_space>
         <attributes>RWIX</attributes>
         <usage_details>
         </usage_details>
      </memory_area>
      <memory_area display="yes" color="green">
         <name>FLASHC</name>
         <page_id>0x0</page_id>
         <origin>0x3ec000</origin>
         <length>0x4000</length>
         <used_space>0x0</used_space>
         <unused_space>0x4000</unused_space>
         <attributes>RWIX</attributes>
         <usage_details>
         </usage_details>
      </memory_area>
      <memory_area display="yes" color="green">
         <name>FLASHA</name>
         <page_id>0x0</page_id>
         <origin>0x3f4000</origin>
         <length>0x3f80</length>
         <used_space>0x2ecf</used_space>
         <unused_space>0x10b1</unused_space>
         <attributes>RWIX</attributes>
         <usage_details>
            <allocated_space>
               <start_address>0x3f4000</start_address>
               <size>0x2af7</size>
               <logical_group_ref idref="lg-4"/>
            </allocated_space>
            <available_space>
               <start_address>0x3f6af7</start_address>
               <size>0x1</size>
            </available_space>
            <allocated_space>
               <start_address>0x3f6af8</start_address>
               <size>0x200</size>
               <logical_group_ref idref="lg-c"/>
            </allocated_space>
            <allocated_space>
               <start_address>0x3f6cf8</start_address>
               <size>0x1b8</size>
               <logical_group_ref idref="lg-2"/>
            </allocated_space>
            <allocated_space>
               <start_address>0x3f6eb0</start_address>
               <size>0x20</size>
               <logical_group_ref idref="lg-d"/>
            </allocated_space>
            <available_space>
               <start_address>0x3f6ed0</start_address>
               <size>0x10b0</size>
            </available_space>
         </usage_details>
      </memory_area>
      <memory_area display="yes" color="green">
         <name>CSM_RSVD</name>
         <page_id>0x0</page_id>
         <origin>0x3f7f80</origin>
         <length>0x76</length>
         <used_space>0x0</used_space>
         <unused_space>0x76</unused_space>
         <attributes>RWIX</attributes>
         <usage_details>
         </usage_details>
      </memory_area>
      <memory_area display="no" color="green">
         <name>BEGIN</name>
         <page_id>0x0</page_id>
         <origin>0x3f7ff6</origin>
         <length>0x2</length>
         <used_space>0x2</used_space>
         <unused_space>0x0</unused_space>
         <attributes>RWIX</attributes>
         <usage_details>
            <allocated_space>
               <start_address>0x3f7ff6</start_address>
               <size>0x2</size>
               <logical_group_ref idref="lg-5"/>
            </allocated_space>
         </usage_details>
      </memory_area>
      <memory_area display="no" color="green">
         <name>CSM_PWL_P0</name>
         <page_id>0x0</page_id>
         <origin>0x3f7ff8</origin>
         <length>0x8</length>
         <used_space>0x0</used_space>
         <unused_space>0x8</unused_space>
         <attributes>RWIX</attributes>
         <usage_details>
         </usage_details>
      </memory_area>
      <memory_area display="yes" color="green">
         <name>FPUTABLES</name>
         <page_id>0x0</page_id>
         <origin>0x3fd860</origin>
         <length>0x6a0</length>
         <used_space>0x0</used_space>
         <unused_space>0x6a0</unused_space>
         <attributes>RWIX</attributes>
         <usage_details>
         </usage_details>
      </memory_area>
      <memory_area display="yes" color="green">
         <name>IQTABLES</name>
         <page_id>0x0</page_id>
         <origin>0x3fdf00</origin>
         <length>0xb50</length>
         <used_space>0x0</used_space>
         <unused_space>0xb50</unused_space>
         <attributes>RWIX</attributes>
         <usage_details>
         </usage_details>
      </memory_area>
      <memory_area display="yes" color="green">
         <name>IQTABLES2</name>
         <page_id>0x0</page_id>
         <origin>0x3fea50</origin>
         <length>0x8c</length>
         <used_space>0x0</used_space>
         <unused_space>0x8c</unused_space>
         <attributes>RWIX</attributes>
         <usage_details>
         </usage_details>
      </memory_area>
      <memory_area display="yes" color="green">
         <name>IQTABLES3</name>
         <page_id>0x0</page_id>
         <origin>0x3feadc</origin>
         <length>0xaa</length>
         <used_space>0x0</used_space>
         <unused_space>0xaa</unused_space>
         <attributes>RWIX</attributes>
         <usage_details>
         </usage_details>
      </memory_area>
      <memory_area display="yes" color="green">
         <name>ROM</name>
         <page_id>0x0</page_id>
         <origin>0x3ff3b0</origin>
         <length>0xc10</length>
         <used_space>0x0</used_space>
         <unused_space>0xc10</unused_space>
         <attributes>RWIX</attributes>
         <usage_details>
         </usage_details>
      </memory_area>
      <memory_area display="no" color="green">
         <name>RESET</name>
         <page_id>0x0</page_id>
         <origin>0x3fffc0</origin>
         <length>0x2</length>
         <used_space>0x0</used_space>
         <unused_space>0x2</unused_space>
         <attributes>RWIX</attributes>
         <usage_details>
         </usage_details>
      </memory_area>
      <memory_area display="no" color="green">
         <name>VECTORS</name>
         <page_id>0x0</page_id>
         <origin>0x3fffc2</origin>
         <length>0x3e</length>
         <used_space>0x0</used_space>
         <unused_space>0x3e</unused_space>
         <attributes>RWIX</attributes>
         <usage_details>
         </usage_details>
      </memory_area>
      <memory_area display="no" color="green">
         <name>BOOT_RSVD</name>
         <page_id>0x1</page_id>
         <origin>0x0</origin>
         <length>0x50</length>
         <used_space>0x0</used_space>
         <unused_space>0x50</unused_space>
         <attributes>RWIX</attributes>
         <usage_details>
         </usage_details>
      </memory_area>
      <memory_area display="yes" color="green">
         <name>RAMM0</name>
         <page_id>0x1</page_id>
         <origin>0x50</origin>
         <length>0x3b0</length>
         <used_space>0x300</used_space>
         <unused_space>0xb0</unused_space>
         <attributes>RWIX</attributes>
         <usage_details>
            <allocated_space>
               <start_address>0x50</start_address>
               <size>0x300</size>
               <logical_group_ref idref="lg-9"/>
            </allocated_space>
            <available_space>
               <start_address>0x350</start_address>
               <size>0xb0</size>
            </available_space>
         </usage_details>
      </memory_area>
      <memory_area display="yes" color="green">
         <name>RAMM1</name>
         <page_id>0x1</page_id>
         <origin>0x400</origin>
         <length>0x400</length>
         <used_space>0x0</used_space>
         <unused_space>0x400</unused_space>
         <attributes>RWIX</attributes>
         <usage_details>
         </usage_details>
      </memory_area>
      <memory_area display="yes" color="green">
         <name>RAML2</name>
         <page_id>0x1</page_id>
         <origin>0x8c00</origin>
         <length>0x400</length>
         <used_space>0x0</used_space>
         <unused_space>0x400</unused_space>
         <attributes>RWIX</attributes>
         <usage_details>
         </usage_details>
      </memory_area>
      <memory_area display="yes" color="green">
         <name>RAML3</name>
         <page_id>0x1</page_id>
         <origin>0x9000</origin>
         <length>0x1000</length>
         <used_space>0x408</used_space>
         <unused_space>0xbf8</unused_space>
         <attributes>RWIX</attributes>
         <usage_details>
            <allocated_space>
               <start_address>0x9000</start_address>
               <size>0x408</size>
               <logical_group_ref idref="lg-a"/>
            </allocated_space>
            <available_space>
               <start_address>0x9408</start_address>
               <size>0xbf8</size>
            </available_space>
         </usage_details>
      </memory_area>
      <memory_area display="yes" color="green">
         <name>RAML4</name>
         <page_id>0x1</page_id>
         <origin>0xa000</origin>
         <length>0x2000</length>
         <used_space>0x0</used_space>
         <unused_space>0x2000</unused_space>
         <attributes>RWIX</attributes>
         <usage_details>
         </usage_details>
      </memory_area>
      <memory_area display="yes" color="green">
         <name>RAML5</name>
         <page_id>0x1</page_id>
         <origin>0xc000</origin>
         <length>0x2000</length>
         <used_space>0x0</used_space>
         <unused_space>0x2000</unused_space>
         <attributes>RWIX</attributes>
         <usage_details>
         </usage_details>
      </memory_area>
      <memory_area display="yes" color="green">
         <name>RAML6</name>
         <page_id>0x1</page_id>
         <origin>0xe000</origin>
         <length>0x2000</length>
         <used_space>0x0</used_space>
         <unused_space>0x2000</unused_space>
         <attributes>RWIX</attributes>
         <usage_details>
         </usage_details>
      </memory_area>
      <memory_area display="yes" color="green">
         <name>RAML7</name>
         <page_id>0x1</page_id>
         <origin>0x10000</origin>
         <length>0x2000</length>
         <used_space>0x0</used_space>
         <unused_space>0x2000</unused_space>
         <attributes>RWIX</attributes>
         <usage_details>
         </usage_details>
      </memory_area>
      <memory_area display="yes" color="green">
         <name>RAML8</name>
         <page_id>0x1</page_id>
         <origin>0x12000</origin>
         <length>0x2000</length>
         <used_space>0x0</used_space>
         <unused_space>0x2000</unused_space>
         <attributes>RWIX</attributes>
         <usage_details>
         </usage_details>
      </memory_area>
      <memory_area display="yes" color="green">
         <name>USB_RAM</name>
         <page_id>0x1</page_id>
         <origin>0x40000</origin>
         <length>0x800</length>
         <used_space>0x0</used_space>
         <unused_space>0x800</unused_space>
         <attributes>RWIX</attributes>
         <usage_details>
         </usage_details>
      </memory_area>
      <memory_area display="yes" color="green">
         <name>FLASHB</name>
         <page_id>0x1</page_id>
         <origin>0x3f0000</origin>
         <length>0x4000</length>
         <used_space>0x0</used_space>
         <unused_space>0x4000</unused_space>
         <attributes>RWIX</attributes>
         <usage_details>
         </usage_details>
      </memory_area>
   </placement_map>
   <symbol_table>
      <symbol id="sm-0">
         <name>_RamfuncsLoadStart</name>
         <value>0x8000</value>
      </symbol>
      <symbol id="sm-1">
         <name>_RamfuncsLoadEnd</name>
         <value>0x8000</value>
      </symbol>
      <symbol id="sm-2">
         <name>_RamfuncsRunStart</name>
         <value>0x8000</value>
      </symbol>
      <symbol id="sm-3">
         <name>_RamfuncsLoadSize</name>
         <value>0x0</value>
      </symbol>
      <symbol id="sm-4">
         <name>cinit</name>
         <value>0x3f6cf8</value>
      </symbol>
      <symbol id="sm-5">
         <name>___cinit__</name>
         <value>0x3f6cf8</value>
      </symbol>
      <symbol id="sm-6">
         <name>pinit</name>
         <value>0xffffffff</value>
      </symbol>
      <symbol id="sm-7">
         <name>___pinit__</name>
         <value>0xffffffff</value>
      </symbol>
      <symbol id="sm-8">
         <name>binit</name>
         <value>0xffffffff</value>
      </symbol>
      <symbol id="sm-9">
         <name>___binit__</name>
         <value>0xffffffff</value>
      </symbol>
      <symbol id="sm-a">
         <name>__STACK_SIZE</name>
         <value>0x300</value>
      </symbol>
      <symbol id="sm-b">
         <name>__STACK_END</name>
         <value>0x350</value>
      </symbol>
      <symbol id="sm-c">
         <name>___c_args__</name>
         <value>0xffffffff</value>
      </symbol>
      <symbol id="sm-d">
         <name>.text</name>
         <value>0x3f4000</value>
      </symbol>
      <symbol id="sm-e">
         <name>___text__</name>
         <value>0x3f4000</value>
      </symbol>
      <symbol id="sm-f">
         <name>etext</name>
         <value>0x3f6af7</value>
      </symbol>
      <symbol id="sm-10">
         <name>___etext__</name>
         <value>0x3f6af7</value>
      </symbol>
      <symbol id="sm-4d">
         <name>code_start</name>
         <value>0x3f7ff6</value>
         <object_component_ref idref="oc-19"/>
      </symbol>
      <symbol id="sm-59">
         <name>_CLK_enableLinAClock</name>
         <value>0x3f669b</value>
         <object_component_ref idref="oc-58"/>
      </symbol>
      <symbol id="sm-5a">
         <name>_CLK_enablePwmClock</name>
         <value>0x3f66d8</value>
         <object_component_ref idref="oc-58"/>
      </symbol>
      <symbol id="sm-5b">
         <name>_CLK_enableSpiaClock</name>
         <value>0x3f66f5</value>
         <object_component_ref idref="oc-58"/>
      </symbol>
      <symbol id="sm-5c">
         <name>_CLK_enableSpibClock</name>
         <value>0x3f6702</value>
         <object_component_ref idref="oc-58"/>
      </symbol>
      <symbol id="sm-5d">
         <name>_CLK_enableOsc1HaltMode</name>
         <value>0x3f66b4</value>
         <object_component_ref idref="oc-58"/>
      </symbol>
      <symbol id="sm-5e">
         <name>_CLK_enableHrPwmClock</name>
         <value>0x3f6681</value>
         <object_component_ref idref="oc-58"/>
      </symbol>
      <symbol id="sm-5f">
         <name>_CLK_enableClaClock</name>
         <value>0x3f660c</value>
         <object_component_ref idref="oc-58"/>
      </symbol>
      <symbol id="sm-60">
         <name>_CLK_disableCrystalOsc</name>
         <value>0x3f651a</value>
         <object_component_ref idref="oc-58"/>
      </symbol>
      <symbol id="sm-61">
         <name>_CLK_enableAdcClock</name>
         <value>0x3f65ff</value>
         <object_component_ref idref="oc-58"/>
      </symbol>
      <symbol id="sm-62">
         <name>_CLK_disableGpioInputClock</name>
         <value>0x3f654d</value>
         <object_component_ref idref="oc-58"/>
      </symbol>
      <symbol id="sm-63">
         <name>_CLK_disableAdcClock</name>
         <value>0x3f64d9</value>
         <object_component_ref idref="oc-58"/>
      </symbol>
      <symbol id="sm-64">
         <name>_CLK_enableEqep1Clock</name>
         <value>0x3f664e</value>
         <object_component_ref idref="oc-58"/>
      </symbol>
      <symbol id="sm-65">
         <name>_CLK_disableEcanaClock</name>
         <value>0x3f6526</value>
         <object_component_ref idref="oc-58"/>
      </symbol>
      <symbol id="sm-66">
         <name>_CLK_disableClaClock</name>
         <value>0x3f64e6</value>
         <object_component_ref idref="oc-58"/>
      </symbol>
      <symbol id="sm-67">
         <name>_CLK_enableWatchDogHaltMode</name>
         <value>0x3f671c</value>
         <object_component_ref idref="oc-58"/>
      </symbol>
      <symbol id="sm-68">
         <name>_CLK_disableOsc2</name>
         <value>0x3f6599</value>
         <object_component_ref idref="oc-58"/>
      </symbol>
      <symbol id="sm-69">
         <name>_CLK_disableOsc1</name>
         <value>0x3f6581</value>
         <object_component_ref idref="oc-58"/>
      </symbol>
      <symbol id="sm-6a">
         <name>_CLK_setTimer2Src</name>
         <value>0x3f6783</value>
         <object_component_ref idref="oc-58"/>
      </symbol>
      <symbol id="sm-6b">
         <name>_CLK_enableTbClockSync</name>
         <value>0x3f670f</value>
         <object_component_ref idref="oc-58"/>
      </symbol>
      <symbol id="sm-6c">
         <name>_CLK_disableSciaClock</name>
         <value>0x3f65c2</value>
         <object_component_ref idref="oc-58"/>
      </symbol>
      <symbol id="sm-6d">
         <name>_CLK_disableOsc2HaltMode</name>
         <value>0x3f65a5</value>
         <object_component_ref idref="oc-58"/>
      </symbol>
      <symbol id="sm-6e">
         <name>_CLK_enableCompClock</name>
         <value>0x3f6619</value>
         <object_component_ref idref="oc-58"/>
      </symbol>
      <symbol id="sm-6f">
         <name>_CLK_enableCpuTimerClock</name>
         <value>0x3f6627</value>
         <object_component_ref idref="oc-58"/>
      </symbol>
      <symbol id="sm-70">
         <name>_CLK_disableTbClockSync</name>
         <value>0x3f65e6</value>
         <object_component_ref idref="oc-58"/>
      </symbol>
      <symbol id="sm-71">
         <name>_CLK_disableCompClock</name>
         <value>0x3f64ff</value>
         <object_component_ref idref="oc-58"/>
      </symbol>
      <symbol id="sm-72">
         <name>_CLK_enableEcap1Clock</name>
         <value>0x3f665b</value>
         <object_component_ref idref="oc-58"/>
      </symbol>
      <symbol id="sm-73">
         <name>_CLK_enableSciaClock</name>
         <value>0x3f66e8</value>
         <object_component_ref idref="oc-58"/>
      </symbol>
      <symbol id="sm-74">
         <name>_CLK_setWatchDogSrc</name>
         <value>0x3f6793</value>
         <object_component_ref idref="oc-58"/>
      </symbol>
      <symbol id="sm-75">
         <name>_CLK_disablePwmClock</name>
         <value>0x3f65b1</value>
         <object_component_ref idref="oc-58"/>
      </symbol>
      <symbol id="sm-76">
         <name>_CLK_enableOsc2HaltMode</name>
         <value>0x3f66cc</value>
         <object_component_ref idref="oc-58"/>
      </symbol>
      <symbol id="sm-77">
         <name>_CLK_setOscSrc</name>
         <value>0x3f6753</value>
         <object_component_ref idref="oc-58"/>
      </symbol>
      <symbol id="sm-78">
         <name>_CLK_setTimer2PreScale</name>
         <value>0x3f6773</value>
         <object_component_ref idref="oc-58"/>
      </symbol>
      <symbol id="sm-79">
         <name>_CLK_enableI2cClock</name>
         <value>0x3f668e</value>
         <object_component_ref idref="oc-58"/>
      </symbol>
      <symbol id="sm-7a">
         <name>_CLK_setOsc2Src</name>
         <value>0x3f6763</value>
         <object_component_ref idref="oc-58"/>
      </symbol>
      <symbol id="sm-7b">
         <name>_CLK_enableOsc1</name>
         <value>0x3f66a8</value>
         <object_component_ref idref="oc-58"/>
      </symbol>
      <symbol id="sm-7c">
         <name>_CLK_enableOsc2</name>
         <value>0x3f66c0</value>
         <object_component_ref idref="oc-58"/>
      </symbol>
      <symbol id="sm-7d">
         <name>_CLK_disableCpuTimerClock</name>
         <value>0x3f650b</value>
         <object_component_ref idref="oc-58"/>
      </symbol>
      <symbol id="sm-7e">
         <name>_CLK_setLowSpdPreScaler</name>
         <value>0x3f6745</value>
         <object_component_ref idref="oc-58"/>
      </symbol>
      <symbol id="sm-7f">
         <name>_CLK_disableEqep1Clock</name>
         <value>0x3f6540</value>
         <object_component_ref idref="oc-58"/>
      </symbol>
      <symbol id="sm-80">
         <name>_CLK_disableI2cClock</name>
         <value>0x3f6567</value>
         <object_component_ref idref="oc-58"/>
      </symbol>
      <symbol id="sm-81">
         <name>_CLK_disableOsc1HaltMode</name>
         <value>0x3f658d</value>
         <object_component_ref idref="oc-58"/>
      </symbol>
      <symbol id="sm-82">
         <name>_CLK_enableClkIn</name>
         <value>0x3f6668</value>
         <object_component_ref idref="oc-58"/>
      </symbol>
      <symbol id="sm-83">
         <name>_CLK_setClkOutPreScaler</name>
         <value>0x3f6735</value>
         <object_component_ref idref="oc-58"/>
      </symbol>
      <symbol id="sm-84">
         <name>_CLK_disableLinAClock</name>
         <value>0x3f6574</value>
         <object_component_ref idref="oc-58"/>
      </symbol>
      <symbol id="sm-85">
         <name>_CLK_disableWatchDogHaltMode</name>
         <value>0x3f65f3</value>
         <object_component_ref idref="oc-58"/>
      </symbol>
      <symbol id="sm-86">
         <name>_CLK_disableEcap1Clock</name>
         <value>0x3f6533</value>
         <object_component_ref idref="oc-58"/>
      </symbol>
      <symbol id="sm-87">
         <name>_CLK_enableGpioInputClock</name>
         <value>0x3f6674</value>
         <object_component_ref idref="oc-58"/>
      </symbol>
      <symbol id="sm-88">
         <name>_CLK_enableCrystalOsc</name>
         <value>0x3f6635</value>
         <object_component_ref idref="oc-58"/>
      </symbol>
      <symbol id="sm-89">
         <name>_CLK_enableEcanaClock</name>
         <value>0x3f6641</value>
         <object_component_ref idref="oc-58"/>
      </symbol>
      <symbol id="sm-8a">
         <name>_CLK_disableClkIn</name>
         <value>0x3f64f3</value>
         <object_component_ref idref="oc-58"/>
      </symbol>
      <symbol id="sm-8b">
         <name>_CLK_disableHrPwmClock</name>
         <value>0x3f655a</value>
         <object_component_ref idref="oc-58"/>
      </symbol>
      <symbol id="sm-8c">
         <name>_CLK_init</name>
         <value>0x3f6728</value>
         <object_component_ref idref="oc-58"/>
      </symbol>
      <symbol id="sm-8d">
         <name>_CLK_disableSpibClock</name>
         <value>0x3f65dc</value>
         <object_component_ref idref="oc-58"/>
      </symbol>
      <symbol id="sm-8e">
         <name>_CLK_disableSpiaClock</name>
         <value>0x3f65cf</value>
         <object_component_ref idref="oc-58"/>
      </symbol>
      <symbol id="sm-ac">
         <name>_GPIO_setExtInt</name>
         <value>0x3f6828</value>
         <object_component_ref idref="oc-55"/>
      </symbol>
      <symbol id="sm-ad">
         <name>_GPIO_setLow</name>
         <value>0x3f6886</value>
         <object_component_ref idref="oc-55"/>
      </symbol>
      <symbol id="sm-ae">
         <name>_GPIO_toggle</name>
         <value>0x3f690f</value>
         <object_component_ref idref="oc-55"/>
      </symbol>
      <symbol id="sm-af">
         <name>_GPIO_setMode</name>
         <value>0x3f68a4</value>
         <object_component_ref idref="oc-55"/>
      </symbol>
      <symbol id="sm-b0">
         <name>_GPIO_init</name>
         <value>0x3f67a3</value>
         <object_component_ref idref="oc-55"/>
      </symbol>
      <symbol id="sm-b1">
         <name>_GPIO_read</name>
         <value>0x3f683b</value>
         <object_component_ref idref="oc-55"/>
      </symbol>
      <symbol id="sm-b2">
         <name>_GPIO_setDirection</name>
         <value>0x3f67ec</value>
         <object_component_ref idref="oc-55"/>
      </symbol>
      <symbol id="sm-b3">
         <name>_GPIO_setHigh</name>
         <value>0x3f6868</value>
         <object_component_ref idref="oc-55"/>
      </symbol>
      <symbol id="sm-b4">
         <name>_GPIO_setPullup</name>
         <value>0x3f67b0</value>
         <object_component_ref idref="oc-55"/>
      </symbol>
      <symbol id="sm-250">
         <name>_ILLEGAL_ISR</name>
         <value>0x3f5730</value>
         <object_component_ref idref="oc-29"/>
      </symbol>
      <symbol id="sm-251">
         <name>_EPWM8_INT_ISR</name>
         <value>0x3f588e</value>
         <object_component_ref idref="oc-29"/>
      </symbol>
      <symbol id="sm-252">
         <name>_USB0_INT_ISR</name>
         <value>0x3f58f2</value>
         <object_component_ref idref="oc-29"/>
      </symbol>
      <symbol id="sm-253">
         <name>_SAAD_CTRL_ALL</name>
         <value>0x9054</value>
         <object_component_ref idref="oc-27"/>
      </symbol>
      <symbol id="sm-254">
         <name>_CTRLSUM_BITS</name>
         <value>0x9000</value>
         <object_component_ref idref="oc-27"/>
      </symbol>
      <symbol id="sm-255">
         <name>_main</name>
         <value>0x3f52d6</value>
         <object_component_ref idref="oc-54"/>
      </symbol>
      <symbol id="sm-256">
         <name>_adcInit</name>
         <value>0x3f4656</value>
         <object_component_ref idref="oc-54"/>
      </symbol>
      <symbol id="sm-257">
         <name>_EPWM6_INT_ISR</name>
         <value>0x3f587a</value>
         <object_component_ref idref="oc-29"/>
      </symbol>
      <symbol id="sm-258">
         <name>_ADCINT4_ISR</name>
         <value>0x3f59ce</value>
         <object_component_ref idref="oc-29"/>
      </symbol>
      <symbol id="sm-259">
         <name>_SCI_RX_isr</name>
         <value>0x3f649a</value>
         <object_component_ref idref="oc-29"/>
      </symbol>
      <symbol id="sm-25a">
         <name>_cpu_timer2_isr</name>
         <value>0x3f5ef2</value>
         <object_component_ref idref="oc-29"/>
      </symbol>
      <symbol id="sm-25b">
         <name>_crc8POS</name>
         <value>0x3f4e3b</value>
         <object_component_ref idref="oc-54"/>
      </symbol>
      <symbol id="sm-25c">
         <name>_abcI</name>
         <value>0x90b0</value>
         <object_component_ref idref="oc-27"/>
      </symbol>
      <symbol id="sm-25d">
         <name>_VELOCITY_BITS</name>
         <value>0x9006</value>
         <object_component_ref idref="oc-27"/>
      </symbol>
      <symbol id="sm-25e">
         <name>_spiDisableFF</name>
         <value>0x3f4af0</value>
         <object_component_ref idref="oc-54"/>
      </symbol>
      <symbol id="sm-25f">
         <name>_DATALOG_ISR</name>
         <value>0x3f5708</value>
         <object_component_ref idref="oc-29"/>
      </symbol>
      <symbol id="sm-260">
         <name>_SPITXINTA_ISR</name>
         <value>0x3f5906</value>
         <object_component_ref idref="oc-29"/>
      </symbol>
      <symbol id="sm-261">
         <name>_SPIRXINTA_ISR</name>
         <value>0x3f58fc</value>
         <object_component_ref idref="oc-29"/>
      </symbol>
      <symbol id="sm-262">
         <name>_DINTCH3_ISR</name>
         <value>0x3f594c</value>
         <object_component_ref idref="oc-29"/>
      </symbol>
      <symbol id="sm-263">
         <name>_interrupS</name>
         <value>0x9062</value>
         <object_component_ref idref="oc-27"/>
      </symbol>
      <symbol id="sm-264">
         <name>_interrupsCtrlInit</name>
         <value>0x3f4b54</value>
         <object_component_ref idref="oc-54"/>
      </symbol>
      <symbol id="sm-265">
         <name>_InitPll</name>
         <value>0x3f44ec</value>
         <object_component_ref idref="oc-54"/>
      </symbol>
      <symbol id="sm-266">
         <name>_spiSetupFF</name>
         <value>0x3f4ae1</value>
         <object_component_ref idref="oc-54"/>
      </symbol>
      <symbol id="sm-267">
         <name>_ECAP3_INT_ISR</name>
         <value>0x3f58ac</value>
         <object_component_ref idref="oc-29"/>
      </symbol>
      <symbol id="sm-268">
         <name>_pwmSetupWTest</name>
         <value>0x3f4c9b</value>
         <object_component_ref idref="oc-54"/>
      </symbol>
      <symbol id="sm-269">
         <name>_SAAD_TEST_RES</name>
         <value>0x9004</value>
         <object_component_ref idref="oc-27"/>
      </symbol>
      <symbol id="sm-26a">
         <name>_refQ</name>
         <value>0x9076</value>
         <object_component_ref idref="oc-27"/>
      </symbol>
      <symbol id="sm-26b">
         <name>_INT13_ISR</name>
         <value>0x3f56f4</value>
         <object_component_ref idref="oc-29"/>
      </symbol>
      <symbol id="sm-26c">
         <name>_refD</name>
         <value>0x9072</value>
         <object_component_ref idref="oc-27"/>
      </symbol>
      <symbol id="sm-26d">
         <name>_HRCAP4_INT_ISR</name>
         <value>0x3f58e8</value>
         <object_component_ref idref="oc-29"/>
      </symbol>
      <symbol id="sm-26e">
         <name>_interrupsInit</name>
         <value>0x3f4b48</value>
         <object_component_ref idref="oc-54"/>
      </symbol>
      <symbol id="sm-26f">
         <name>_DisableDog</name>
         <value>0x3f44e2</value>
         <object_component_ref idref="oc-54"/>
      </symbol>
      <symbol id="sm-270">
         <name>_ADCINT5_ISR</name>
         <value>0x3f59d8</value>
         <object_component_ref idref="oc-29"/>
      </symbol>
      <symbol id="sm-271">
         <name>_MXINTA_ISR</name>
         <value>0x3f592e</value>
         <object_component_ref idref="oc-29"/>
      </symbol>
      <symbol id="sm-272">
         <name>_alBe</name>
         <value>0x9088</value>
         <object_component_ref idref="oc-27"/>
      </symbol>
      <symbol id="sm-273">
         <name>_cpu_timer1_isr</name>
         <value>0x3f5f93</value>
         <object_component_ref idref="oc-29"/>
      </symbol>
      <symbol id="sm-274">
         <name>_EPWM8_TZINT_ISR</name>
         <value>0x3f583e</value>
         <object_component_ref idref="oc-29"/>
      </symbol>
      <symbol id="sm-275">
         <name>_iTot</name>
         <value>0x907a</value>
         <object_component_ref idref="oc-27"/>
      </symbol>
      <symbol id="sm-276">
         <name>_POSITION_BITS</name>
         <value>0x900b</value>
         <object_component_ref idref="oc-27"/>
      </symbol>
      <symbol id="sm-277">
         <name>_EPWM4_INT_ISR</name>
         <value>0x3f5866</value>
         <object_component_ref idref="oc-29"/>
      </symbol>
      <symbol id="sm-278">
         <name>_SAAD_ST_BITS</name>
         <value>0x9003</value>
         <object_component_ref idref="oc-27"/>
      </symbol>
      <symbol id="sm-279">
         <name>_USER5_ISR</name>
         <value>0x3f5762</value>
         <object_component_ref idref="oc-29"/>
      </symbol>
      <symbol id="sm-27a">
         <name>_timer1cnt</name>
         <value>0x9066</value>
         <object_component_ref idref="oc-27"/>
      </symbol>
      <symbol id="sm-27b">
         <name>_abc</name>
         <value>0x90c0</value>
         <object_component_ref idref="oc-27"/>
      </symbol>
      <symbol id="sm-27c">
         <name>_CLA1_INT2_ISR</name>
         <value>0x3f5a0a</value>
         <object_component_ref idref="oc-29"/>
      </symbol>
      <symbol id="sm-27d">
         <name>_EMPTY_ISR</name>
         <value>0x3f5a6e</value>
         <object_component_ref idref="oc-29"/>
      </symbol>
      <symbol id="sm-27e">
         <name>_ADC_config</name>
         <value>0x3f465f</value>
         <object_component_ref idref="oc-54"/>
      </symbol>
      <symbol id="sm-27f">
         <name>_EPWM5_TZINT_ISR</name>
         <value>0x3f5820</value>
         <object_component_ref idref="oc-29"/>
      </symbol>
      <symbol id="sm-280">
         <name>_sciFramePart</name>
         <value>0x9020</value>
         <object_component_ref idref="oc-27"/>
      </symbol>
      <symbol id="sm-281">
         <name>_CLA1_INT8_ISR</name>
         <value>0x3f5a46</value>
         <object_component_ref idref="oc-29"/>
      </symbol>
      <symbol id="sm-282">
         <name>_EPWM4_TZINT_ISR</name>
         <value>0x3f5816</value>
         <object_component_ref idref="oc-29"/>
      </symbol>
      <symbol id="sm-283">
         <name>_ECAN0INTA_ISR</name>
         <value>0x3f59b0</value>
         <object_component_ref idref="oc-29"/>
      </symbol>
      <symbol id="sm-284">
         <name>_saadTestsPs</name>
         <value>0x901b</value>
         <object_component_ref idref="oc-27"/>
      </symbol>
      <symbol id="sm-285">
         <name>_EPWM7_TZINT_ISR</name>
         <value>0x3f5834</value>
         <object_component_ref idref="oc-29"/>
      </symbol>
      <symbol id="sm-286">
         <name>_pwmSInit</name>
         <value>0x3f4c86</value>
         <object_component_ref idref="oc-54"/>
      </symbol>
      <symbol id="sm-287">
         <name>_EPWM6_TZINT_ISR</name>
         <value>0x3f582a</value>
         <object_component_ref idref="oc-29"/>
      </symbol>
      <symbol id="sm-288">
         <name>_mode1cnt</name>
         <value>0x9032</value>
         <object_component_ref idref="oc-27"/>
      </symbol>
      <symbol id="sm-289">
         <name>_EMUINT_ISR</name>
         <value>0x3f571c</value>
         <object_component_ref idref="oc-29"/>
      </symbol>
      <symbol id="sm-28a">
         <name>_setIntOsc1</name>
         <value>0x3f45ed</value>
         <object_component_ref idref="oc-54"/>
      </symbol>
      <symbol id="sm-28b">
         <name>_setIntOsc2</name>
         <value>0x3f4602</value>
         <object_component_ref idref="oc-54"/>
      </symbol>
      <symbol id="sm-28c">
         <name>_ECAP1_INT_ISR</name>
         <value>0x3f5898</value>
         <object_component_ref idref="oc-29"/>
      </symbol>
      <symbol id="sm-28d">
         <name>_EPWM1_TZINT_ISR</name>
         <value>0x3f57f8</value>
         <object_component_ref idref="oc-29"/>
      </symbol>
      <symbol id="sm-28e">
         <name>_ADCINT6_ISR</name>
         <value>0x3f59e2</value>
         <object_component_ref idref="oc-29"/>
      </symbol>
      <symbol id="sm-28f">
         <name>_lockDevStart</name>
         <value>0x3f552c</value>
         <object_component_ref idref="oc-54"/>
      </symbol>
      <symbol id="sm-290">
         <name>_EQEP2_INT_ISR</name>
         <value>0x3f58d4</value>
         <object_component_ref idref="oc-29"/>
      </symbol>
      <symbol id="sm-291">
         <name>_cpu_timer0_isr</name>
         <value>0x3f5a8f</value>
         <object_component_ref idref="oc-29"/>
      </symbol>
      <symbol id="sm-292">
         <name>_sciSendCnt</name>
         <value>0x901c</value>
         <object_component_ref idref="oc-27"/>
      </symbol>
      <symbol id="sm-293">
         <name>_HRCAP2_INT_ISR</name>
         <value>0x3f58c0</value>
         <object_component_ref idref="oc-29"/>
      </symbol>
      <symbol id="sm-294">
         <name>_park</name>
         <value>0x3f500f</value>
         <object_component_ref idref="oc-54"/>
      </symbol>
      <symbol id="sm-295">
         <name>_moveMode</name>
         <value>0x9012</value>
         <object_component_ref idref="oc-27"/>
      </symbol>
      <symbol id="sm-296">
         <name>_ADCINT8_ISR</name>
         <value>0x3f59f6</value>
         <object_component_ref idref="oc-29"/>
      </symbol>
      <symbol id="sm-297">
         <name>_USER11_ISR</name>
         <value>0x3f579e</value>
         <object_component_ref idref="oc-29"/>
      </symbol>
      <symbol id="sm-298">
         <name>_pwmHandle</name>
         <value>0x90d8</value>
         <object_component_ref idref="oc-27"/>
      </symbol>
      <symbol id="sm-299">
         <name>_EPWM3_TZINT_ISR</name>
         <value>0x3f580c</value>
         <object_component_ref idref="oc-29"/>
      </symbol>
      <symbol id="sm-29a">
         <name>_sciaInit</name>
         <value>0x3f4afe</value>
         <object_component_ref idref="oc-54"/>
      </symbol>
      <symbol id="sm-29b">
         <name>_COMMAND_BYTE_BITS</name>
         <value>0x9007</value>
         <object_component_ref idref="oc-27"/>
      </symbol>
      <symbol id="sm-29c">
         <name>_USER4_ISR</name>
         <value>0x3f5758</value>
         <object_component_ref idref="oc-29"/>
      </symbol>
      <symbol id="sm-29d">
         <name>_EPWM2_TZINT_ISR</name>
         <value>0x3f5802</value>
         <object_component_ref idref="oc-29"/>
      </symbol>
      <symbol id="sm-29e">
         <name>_pidCalc</name>
         <value>0x3f4f15</value>
         <object_component_ref idref="oc-54"/>
      </symbol>
      <symbol id="sm-29f">
         <name>_CLA1_INT3_ISR</name>
         <value>0x3f5a14</value>
         <object_component_ref idref="oc-29"/>
      </symbol>
      <symbol id="sm-2a0">
         <name>_CpuTimer1Regs</name>
         <value>0x9064</value>
         <object_component_ref idref="oc-27"/>
      </symbol>
      <symbol id="sm-2a1">
         <name>_ConfigCpuTimer1</name>
         <value>0x3f4c3c</value>
         <object_component_ref idref="oc-54"/>
      </symbol>
      <symbol id="sm-2a2">
         <name>_ConfigCpuTimer0</name>
         <value>0x3f4c16</value>
         <object_component_ref idref="oc-54"/>
      </symbol>
      <symbol id="sm-2a3">
         <name>_ConfigCpuTimer2</name>
         <value>0x3f4c61</value>
         <object_component_ref idref="oc-54"/>
      </symbol>
      <symbol id="sm-2a4">
         <name>_setupGPIOs</name>
         <value>0x3f4246</value>
         <object_component_ref idref="oc-54"/>
      </symbol>
      <symbol id="sm-2a5">
         <name>_timeUp</name>
         <value>0x9038</value>
         <object_component_ref idref="oc-27"/>
      </symbol>
      <symbol id="sm-2a6">
         <name>_EPWM2_INT_ISR</name>
         <value>0x3f5852</value>
         <object_component_ref idref="oc-29"/>
      </symbol>
      <symbol id="sm-2a7">
         <name>_mode</name>
         <value>0x9014</value>
         <object_component_ref idref="oc-27"/>
      </symbol>
      <symbol id="sm-2a8">
         <name>_lockDevEn</name>
         <value>0x9015</value>
         <object_component_ref idref="oc-27"/>
      </symbol>
      <symbol id="sm-2a9">
         <name>_TINT0_ISR</name>
         <value>0x3f57e4</value>
         <object_component_ref idref="oc-29"/>
      </symbol>
      <symbol id="sm-2aa">
         <name>_WAKEINT_ISR</name>
         <value>0x3f57ee</value>
         <object_component_ref idref="oc-29"/>
      </symbol>
      <symbol id="sm-2ab">
         <name>_vel</name>
         <value>0x902c</value>
         <object_component_ref idref="oc-27"/>
      </symbol>
      <symbol id="sm-2ac">
         <name>_saadFrameSend</name>
         <value>0x90a8</value>
         <object_component_ref idref="oc-27"/>
      </symbol>
      <symbol id="sm-2ad">
         <name>_ADCINT7_ISR</name>
         <value>0x3f59ec</value>
         <object_component_ref idref="oc-29"/>
      </symbol>
      <symbol id="sm-2ae">
         <name>_usDelay</name>
         <value>0x3f422c</value>
         <object_component_ref idref="oc-54"/>
      </symbol>
      <symbol id="sm-2af">
         <name>_timer0cnt</name>
         <value>0x902e</value>
         <object_component_ref idref="oc-27"/>
      </symbol>
      <symbol id="sm-2b0">
         <name>_ADCINT9_ISR</name>
         <value>0x3f57da</value>
         <object_component_ref idref="oc-29"/>
      </symbol>
      <symbol id="sm-2b1">
         <name>_parkInv</name>
         <value>0x3f504a</value>
         <object_component_ref idref="oc-54"/>
      </symbol>
      <symbol id="sm-2b2">
         <name>_DINTCH4_ISR</name>
         <value>0x3f5956</value>
         <object_component_ref idref="oc-29"/>
      </symbol>
      <symbol id="sm-2b3">
         <name>_START_BIT_BITS</name>
         <value>0x9046</value>
         <object_component_ref idref="oc-27"/>
      </symbol>
      <symbol id="sm-2b4">
         <name>_USER10_ISR</name>
         <value>0x3f5794</value>
         <object_component_ref idref="oc-29"/>
      </symbol>
      <symbol id="sm-2b5">
         <name>_mcbspRegs</name>
         <value>0x9044</value>
         <object_component_ref idref="oc-27"/>
      </symbol>
      <symbol id="sm-2b6">
         <name>_USER7_ISR</name>
         <value>0x3f5776</value>
         <object_component_ref idref="oc-29"/>
      </symbol>
      <symbol id="sm-2b7">
         <name>_COMMAND_BYTE</name>
         <value>0x9008</value>
         <object_component_ref idref="oc-27"/>
      </symbol>
      <symbol id="sm-2b8">
         <name>_XINT1_ISR</name>
         <value>0x3f57c6</value>
         <object_component_ref idref="oc-29"/>
      </symbol>
      <symbol id="sm-2b9">
         <name>_CpuTimer0Regs</name>
         <value>0x906a</value>
         <object_component_ref idref="oc-27"/>
      </symbol>
      <symbol id="sm-2ba">
         <name>_setXTALOsc</name>
         <value>0x3f461d</value>
         <object_component_ref idref="oc-54"/>
      </symbol>
      <symbol id="sm-2bb">
         <name>_interrupSVectTable</name>
         <value>0x905e</value>
         <object_component_ref idref="oc-27"/>
      </symbol>
      <symbol id="sm-2bc">
         <name>_INT14_ISR</name>
         <value>0x3f56fe</value>
         <object_component_ref idref="oc-29"/>
      </symbol>
      <symbol id="sm-2bd">
         <name>_disablePWM</name>
         <value>0x3f4df9</value>
         <object_component_ref idref="oc-54"/>
      </symbol>
      <symbol id="sm-2be">
         <name>_interruptSEnable</name>
         <value>0x3f4b9e</value>
         <object_component_ref idref="oc-54"/>
      </symbol>
      <symbol id="sm-2bf">
         <name>_speed</name>
         <value>0x903e</value>
         <object_component_ref idref="oc-27"/>
      </symbol>
      <symbol id="sm-2c0">
         <name>_PieVectTableInit</name>
         <value>0x3f6bf8</value>
         <object_component_ref idref="oc-28"/>
      </symbol>
      <symbol id="sm-2c1">
         <name>_pidQ</name>
         <value>0x9300</value>
         <object_component_ref idref="oc-27"/>
      </symbol>
      <symbol id="sm-2c2">
         <name>_pidD</name>
         <value>0x9200</value>
         <object_component_ref idref="oc-27"/>
      </symbol>
      <symbol id="sm-2c3">
         <name>_gpioInit</name>
         <value>0x3f423d</value>
         <object_component_ref idref="oc-54"/>
      </symbol>
      <symbol id="sm-2c4">
         <name>_GYRO_X_isr</name>
         <value>0x3f64ae</value>
         <object_component_ref idref="oc-29"/>
      </symbol>
      <symbol id="sm-2c5">
         <name>_flashInit</name>
         <value>0x3f4486</value>
         <object_component_ref idref="oc-54"/>
      </symbol>
      <symbol id="sm-2c6">
         <name>_adcRes</name>
         <value>0x9100</value>
         <object_component_ref idref="oc-27"/>
      </symbol>
      <symbol id="sm-2c7">
         <name>_clkInit</name>
         <value>0x3f4843</value>
         <object_component_ref idref="oc-54"/>
      </symbol>
      <symbol id="sm-2c8">
         <name>_crc8VEL</name>
         <value>0x3f4e5b</value>
         <object_component_ref idref="oc-54"/>
      </symbol>
      <symbol id="sm-2c9">
         <name>_clarkeInv</name>
         <value>0x3f5085</value>
         <object_component_ref idref="oc-54"/>
      </symbol>
      <symbol id="sm-2ca">
         <name>_SAAD_ST</name>
         <value>0x9001</value>
         <object_component_ref idref="oc-27"/>
      </symbol>
      <symbol id="sm-2cb">
         <name>_xData</name>
         <value>0x9017</value>
         <object_component_ref idref="oc-27"/>
      </symbol>
      <symbol id="sm-2cc">
         <name>_saadFrameResive</name>
         <value>0x90a0</value>
         <object_component_ref idref="oc-27"/>
      </symbol>
      <symbol id="sm-2cd">
         <name>_EPWM7_INT_ISR</name>
         <value>0x3f5884</value>
         <object_component_ref idref="oc-29"/>
      </symbol>
      <symbol id="sm-2ce">
         <name>_delay</name>
         <value>0x9018</value>
         <object_component_ref idref="oc-27"/>
      </symbol>
      <symbol id="sm-2cf">
         <name>_gpioS</name>
         <value>0x905a</value>
         <object_component_ref idref="oc-27"/>
      </symbol>
      <symbol id="sm-2d0">
         <name>_DINTCH5_ISR</name>
         <value>0x3f5960</value>
         <object_component_ref idref="oc-29"/>
      </symbol>
      <symbol id="sm-2d1">
         <name>_time</name>
         <value>0x903a</value>
         <object_component_ref idref="oc-27"/>
      </symbol>
      <symbol id="sm-2d2">
         <name>_mcbspaSetup</name>
         <value>0x3f4943</value>
         <object_component_ref idref="oc-54"/>
      </symbol>
      <symbol id="sm-2d3">
         <name>_USER6_ISR</name>
         <value>0x3f576c</value>
         <object_component_ref idref="oc-29"/>
      </symbol>
      <symbol id="sm-2d4">
         <name>_setExtOsc</name>
         <value>0x3f4638</value>
         <object_component_ref idref="oc-54"/>
      </symbol>
      <symbol id="sm-2d5">
         <name>_CLA1_INT1_ISR</name>
         <value>0x3f5a00</value>
         <object_component_ref idref="oc-29"/>
      </symbol>
      <symbol id="sm-2d6">
         <name>_pwmRegS</name>
         <value>0x90cc</value>
         <object_component_ref idref="oc-27"/>
      </symbol>
      <symbol id="sm-2d7">
         <name>_calcSpeed</name>
         <value>0x3f559b</value>
         <object_component_ref idref="oc-54"/>
      </symbol>
      <symbol id="sm-2d8">
         <name>_systemSetup</name>
         <value>0x3f44b6</value>
         <object_component_ref idref="oc-54"/>
      </symbol>
      <symbol id="sm-2d9">
         <name>_jj</name>
         <value>0x9068</value>
         <object_component_ref idref="oc-27"/>
      </symbol>
      <symbol id="sm-2da">
         <name>_setupGPIOsInterrupt</name>
         <value>0x3f4477</value>
         <object_component_ref idref="oc-54"/>
      </symbol>
      <symbol id="sm-2db">
         <name>_alBeI</name>
         <value>0x9080</value>
         <object_component_ref idref="oc-27"/>
      </symbol>
      <symbol id="sm-2dc">
         <name>_adcResRegs</name>
         <value>0x9050</value>
         <object_component_ref idref="oc-27"/>
      </symbol>
      <symbol id="sm-2dd">
         <name>_ADCINT1_ISR</name>
         <value>0x3f57b2</value>
         <object_component_ref idref="oc-29"/>
      </symbol>
      <symbol id="sm-2de">
         <name>_mcbsp_write</name>
         <value>0x3f49e1</value>
         <object_component_ref idref="oc-54"/>
      </symbol>
      <symbol id="sm-2df">
         <name>_yData</name>
         <value>0x9019</value>
         <object_component_ref idref="oc-27"/>
      </symbol>
      <symbol id="sm-2e0">
         <name>_MRINTA_ISR</name>
         <value>0x3f5924</value>
         <object_component_ref idref="oc-29"/>
      </symbol>
      <symbol id="sm-2e1">
         <name>_DINTCH6_ISR</name>
         <value>0x3f596a</value>
         <object_component_ref idref="oc-29"/>
      </symbol>
      <symbol id="sm-2e2">
         <name>_stopMotor</name>
         <value>0x3f4f0e</value>
[...]
      </symbol>
      <symbol id="sm-2ea">
         <name>_CpuTimer2Regs</name>
         <value>0x9028</value>
         <object_component_ref idref="oc-27"/>
      </symbol>
      <symbol id="sm-2eb">
         <name>_EPWM5_INT_ISR</name>
         <value>0x3f5870</value>
         <object_component_ref idref="oc-29"/>
      </symbol>
      <symbol id="sm-2ec">
         <name>_NMI_ISR</name>
         <value>0x3f5726</value>
         <object_component_ref idref="oc-29"/>
      </symbol>
      <symbol id="sm-2ed">
         <name>_ServiceDog</name>
         <value>0x3f44d4</value>
         <object_component_ref idref="oc-54"/>
      </symbol>
      <symbol id="sm-2ee">
         <name>_SCITXINTB_ISR</name>
         <value>0x3f59a6</value>
         <object_component_ref idref="oc-29"/>
      </symbol>
      <symbol id="sm-2ef">
         <name>_SCIRXINTB_ISR</name>
         <value>0x3f599c</value>
         <object_component_ref idref="oc-29"/>
      </symbol>
      <symbol id="sm-2f0">
         <name>_makeTest</name>
         <value>0x3f512f</value>
         <object_component_ref idref="oc-54"/>
      </symbol>
      <symbol id="sm-2f1">
         <name>_ECAN1INTA_ISR</name>
         <value>0x3f59ba</value>
         <object_component_ref idref="oc-29"/>
      </symbol>
      <symbol id="sm-2f2">
         <name>_mcbspSetupSpi</name>
         <value>0x3f498a</value>
         <object_component_ref idref="oc-54"/>
      </symbol>
      <symbol id="sm-2f3">
         <name>_timerSConfig</name>
         <value>0x3f4c02</value>
         <object_component_ref idref="oc-54"/>
      </symbol>
      <symbol id="sm-2f4">
         <name>_spiData</name>
         <value>0x906c</value>
         <object_component_ref idref="oc-27"/>
      </symbol>
      <symbol id="sm-2f5">
         <name>_ADCINT2_ISR</name>
         <value>0x3f57bc</value>
         <object_component_ref idref="oc-29"/>
      </symbol>
      <symbol id="sm-2f6">
         <name>_sciaWrite</name>
         <value>0x3f4b3e</value>
         <object_component_ref idref="oc-54"/>
      </symbol>
      <symbol id="sm-2f7">
         <name>_sciaRead</name>
         <value>0x3f4b39</value>
         <object_component_ref idref="oc-54"/>
      </symbol>
      <symbol id="sm-2f8">
         <name>_setPWMValuesArr</name>
         <value>0x3f4e0e</value>
         <object_component_ref idref="oc-54"/>
      </symbol>
      <symbol id="sm-2f9">
         <name>_SAAD_TESTS_BITS</name>
         <value>0x9002</value>
         <object_component_ref idref="oc-27"/>
      </symbol>
      <symbol id="sm-2fa">
         <name>_ECAP2_INT_ISR</name>
         <value>0x3f58a2</value>
         <object_component_ref idref="oc-29"/>
      </symbol>
      <symbol id="sm-2fb">
         <name>_dt</name>
         <value>0x9034</value>
         <object_component_ref idref="oc-27"/>
      </symbol>
      <symbol id="sm-2fc">
         <name>_dq</name>
         <value>0x9098</value>
         <object_component_ref idref="oc-27"/>
      </symbol>
      <symbol id="sm-2fd">
         <name>_START_BIT</name>
         <value>0x9042</value>
         <object_component_ref idref="oc-27"/>
      </symbol>
      <symbol id="sm-2fe">
         <name>_PIE_RESERVED</name>
         <value>0x3f5a7b</value>
         <object_component_ref idref="oc-29"/>
      </symbol>
      <symbol id="sm-2ff">
         <name>_motor1</name>
         <value>0x9180</value>
         <object_component_ref idref="oc-27"/>
      </symbol>
      <symbol id="sm-300">
         <name>_motor0</name>
         <value>0x9140</value>
         <object_component_ref idref="oc-27"/>
      </symbol>
      <symbol id="sm-301">
         <name>_tempData1</name>
         <value>0x904c</value>
         <object_component_ref idref="oc-27"/>
      </symbol>
      <symbol id="sm-302">
         <name>_tempData2</name>
         <value>0x904e</value>
         <object_component_ref idref="oc-27"/>
      </symbol>
      <symbol id="sm-303">
         <name>_AMCconf</name>
         <value>0x3f4a24</value>
         <object_component_ref idref="oc-54"/>
      </symbol>
      <symbol id="sm-304">
         <name>_I2CINT1A_ISR</name>
         <value>0x3f5974</value>
         <object_component_ref idref="oc-29"/>
      </symbol>
      <symbol id="sm-305">
         <name>_XINT2_ISR</name>
         <value>0x3f57d0</value>
         <object_component_ref idref="oc-29"/>
      </symbol>
      <symbol id="sm-306">
         <name>_CLA1_INT7_ISR</name>
         <value>0x3f5a3c</value>
         <object_component_ref idref="oc-29"/>
      </symbol>
      <symbol id="sm-307">
         <name>_spiaRegs</name>
         <value>0x904a</value>
         <object_component_ref idref="oc-27"/>
      </symbol>
      <symbol id="sm-308">
         <name>_I2CINT2A_ISR</name>
         <value>0x3f597e</value>
         <object_component_ref idref="oc-29"/>
      </symbol>
      <symbol id="sm-309">
         <name>_DATA</name>
         <value>0x900a</value>
         <object_component_ref idref="oc-27"/>
      </symbol>
      <symbol id="sm-30a">
         <name>_acel</name>
         <value>0x9030</value>
         <object_component_ref idref="oc-27"/>
      </symbol>
      <symbol id="sm-30b">
         <name>_CTRLSUM</name>
         <value>0x901a</value>
         <object_component_ref idref="oc-27"/>
      </symbol>
      <symbol id="sm-30c">
         <name>_RTOSINT_ISR</name>
         <value>0x3f5712</value>
         <object_component_ref idref="oc-29"/>
      </symbol>
      <symbol id="sm-30d">
         <name>_EPWM3_INT_ISR</name>
         <value>0x3f585c</value>
         <object_component_ref idref="oc-29"/>
      </symbol>
      <symbol id="sm-30e">
         <name>_mcbsp_read</name>
         <value>0x3f49fc</value>
         <object_component_ref idref="oc-54"/>
      </symbol>
      <symbol id="sm-30f">
         <name>_lockDevStepCount</name>
         <value>0x9013</value>
         <object_component_ref idref="oc-27"/>
      </symbol>
      <symbol id="sm-310">
         <name>_clkS</name>
         <value>0x9056</value>
         <object_component_ref idref="oc-27"/>
      </symbol>
      <symbol id="sm-311">
         <name>_clkg_delay_loop</name>
         <value>0x3f4927</value>
         <object_component_ref idref="oc-54"/>
      </symbol>
      <symbol id="sm-312">
         <name>_setSci</name>
         <value>0x9010</value>
         <object_component_ref idref="oc-27"/>
      </symbol>
      <symbol id="sm-313">
         <name>_lockDevSend</name>
         <value>0x9016</value>
         <object_component_ref idref="oc-27"/>
      </symbol>
      <symbol id="sm-314">
         <name>_ADCINT3_ISR</name>
         <value>0x3f59c4</value>
         <object_component_ref idref="oc-29"/>
      </symbol>
      <symbol id="sm-315">
         <name>_crc8DATA</name>
         <value>0x3f4e7b</value>
         <object_component_ref idref="oc-54"/>
      </symbol>
      <symbol id="sm-316">
         <name>_SPITXINTB_ISR</name>
         <value>0x3f591a</value>
         <object_component_ref idref="oc-29"/>
      </symbol>
      <symbol id="sm-317">
         <name>_SPIRXINTB_ISR</name>
         <value>0x3f5910</value>
         <object_component_ref idref="oc-29"/>
      </symbol>
      <symbol id="sm-318">
         <name>_USER9_ISR</name>
         <value>0x3f578a</value>
         <object_component_ref idref="oc-29"/>
      </symbol>
      <symbol id="sm-319">
         <name>_getMaxPWMVal</name>
         <value>0x3f4e2d</value>
         <object_component_ref idref="oc-54"/>
      </symbol>
      <symbol id="sm-31a">
         <name>_flashSetup</name>
         <value>0x3f448c</value>
         <object_component_ref idref="oc-54"/>
      </symbol>
      <symbol id="sm-31b">
         <name>_alphaF</name>
         <value>0x3f51d3</value>
         <object_component_ref idref="oc-54"/>
      </symbol>
      <symbol id="sm-31c">
         <name>_alpha1</name>
         <value>0x9040</value>
         <object_component_ref idref="oc-27"/>
      </symbol>
      <symbol id="sm-31d">
         <name>_USER3_ISR</name>
         <value>0x3f574e</value>
         <object_component_ref idref="oc-29"/>
      </symbol>
      <symbol id="sm-31e">
         <name>_POSITION</name>
         <value>0x900c</value>
         <object_component_ref idref="oc-27"/>
      </symbol>
      <symbol id="sm-31f">
         <name>_mcbspaInit</name>
         <value>0x3f493d</value>
         <object_component_ref idref="oc-54"/>
      </symbol>
      <symbol id="sm-320">
         <name>_apsR</name>
         <value>0x900e</value>
         <object_component_ref idref="oc-27"/>
      </symbol>
      <symbol id="sm-321">
         <name>_pid_reg3_calc</name>
         <value>0x3f4f16</value>
         <object_component_ref idref="oc-54"/>
      </symbol>
      <symbol id="sm-322">
         <name>_CLA1_INT4_ISR</name>
         <value>0x3f5a1e</value>
         <object_component_ref idref="oc-29"/>
      </symbol>
      <symbol id="sm-323">
         <name>_apsL</name>
         <value>0x900d</value>
         <object_component_ref idref="oc-27"/>
      </symbol>
      <symbol id="sm-324">
         <name>_sciaRegs</name>
         <value>0x9060</value>
         <object_component_ref idref="oc-27"/>
      </symbol>
      <symbol id="sm-325">
         <name>_pwmValues</name>
         <value>0x906e</value>
         <object_component_ref idref="oc-27"/>
      </symbol>
      <symbol id="sm-326">
         <name>_calcPWM</name>
         <value>0x3f4e9b</value>
         <object_component_ref idref="oc-54"/>
      </symbol>
      <symbol id="sm-327">
         <name>_EQEP1_INT_ISR</name>
         <value>0x3f58ca</value>
         <object_component_ref idref="oc-29"/>
      </symbol>
      <symbol id="sm-328">
         <name>_mcbspData</name>
         <value>0x9024</value>
         <object_component_ref idref="oc-27"/>
      </symbol>
      <symbol id="sm-329">
         <name>_HRCAP3_INT_ISR</name>
         <value>0x3f58de</value>
         <object_component_ref idref="oc-29"/>
      </symbol>
      <symbol id="sm-32a">
         <name>_SAAD_TEST_RES_BITS</name>
         <value>0x9005</value>
         <object_component_ref idref="oc-27"/>
      </symbol>
      <symbol id="sm-32b">
         <name>_adcRead</name>
         <value>0x3f47d9</value>
         <object_component_ref idref="oc-54"/>
      </symbol>
      <symbol id="sm-32c">
         <name>_timerInit</name>
         <value>0x3f4bf4</value>
         <object_component_ref idref="oc-54"/>
      </symbol>
      <symbol id="sm-32d">
         <name>_counter</name>
         <value>0x901f</value>
         <object_component_ref idref="oc-27"/>
      </symbol>
      <symbol id="sm-32e">
         <name>_DATA_BITS</name>
         <value>0x9009</value>
         <object_component_ref idref="oc-27"/>
      </symbol>
      <symbol id="sm-32f">
         <name>_SPI_RX_isr</name>
         <value>0x3f54da</value>
         <object_component_ref idref="oc-54"/>
      </symbol>
      <symbol id="sm-330">
         <name>_VELOCITY</name>
         <value>0x9022</value>
         <object_component_ref idref="oc-27"/>
      </symbol>
      <symbol id="sm-331">
         <name>_setupPeripheralClks</name>
         <value>0x3f487d</value>
         <object_component_ref idref="oc-54"/>
      </symbol>
      <symbol id="sm-332">
         <name>_setupClks</name>
         <value>0x3f484c</value>
         <object_component_ref idref="oc-54"/>
      </symbol>
      <symbol id="sm-333">
         <name>_sendDubSCI</name>
         <value>0x900f</value>
         <object_component_ref idref="oc-27"/>
      </symbol>
      <symbol id="sm-334">
         <name>_DINTCH1_ISR</name>
         <value>0x3f5938</value>
         <object_component_ref idref="oc-29"/>
      </symbol>
      <symbol id="sm-335">
         <name>_USER8_ISR</name>
         <value>0x3f5780</value>
         <object_component_ref idref="oc-29"/>
      </symbol>
      <symbol id="sm-336">
         <name>_EPWM1_INT_ISR</name>
         <value>0x3f5848</value>
         <object_component_ref idref="oc-29"/>
      </symbol>
      <symbol id="sm-337">
         <name>_sciCounter</name>
         <value>0x901e</value>
         <object_component_ref idref="oc-27"/>
      </symbol>
      <symbol id="sm-338">
         <name>_USER2_ISR</name>
         <value>0x3f5744</value>
         <object_component_ref idref="oc-29"/>
      </symbol>
      <symbol id="sm-339">
         <name>_sysCtrlRegs</name>
         <value>0x9058</value>
         <object_component_ref idref="oc-27"/>
      </symbol>
      <symbol id="sm-33a">
         <name>_pidVel</name>
         <value>0x9280</value>
         <object_component_ref idref="oc-27"/>
      </symbol>
      <symbol id="sm-33b">
         <name>_mcbspAddr</name>
         <value>0x3f4a20</value>
         <object_component_ref idref="oc-54"/>
      </symbol>
      <symbol id="sm-33c">
         <name>_CLA1_INT5_ISR</name>
         <value>0x3f5a28</value>
         <object_component_ref idref="oc-29"/>
      </symbol>
      <symbol id="sm-33d">
         <name>_LUF_ISR</name>
         <value>0x3f5a64</value>
         <object_component_ref idref="oc-29"/>
      </symbol>
      <symbol id="sm-33e">
         <name>_LVF_ISR</name>
         <value>0x3f5a5a</value>
         <object_component_ref idref="oc-29"/>
      </symbol>
      <symbol id="sm-33f">
         <name>_interrupSDefVectTableInit</name>
         <value>0x3f4bc9</value>
         <object_component_ref idref="oc-54"/>
      </symbol>
      <symbol id="sm-340">
         <name>_SCITXINTA_ISR</name>
         <value>0x3f5992</value>
         <object_component_ref idref="oc-29"/>
      </symbol>
      <symbol id="sm-341">
         <name>_SCIRXINTA_ISR</name>
         <value>0x3f5988</value>
         <object_component_ref idref="oc-29"/>
      </symbol>
      <symbol id="sm-342">
         <name>_j</name>
         <value>0x9026</value>
         <object_component_ref idref="oc-27"/>
      </symbol>
      <symbol id="sm-343">
         <name>_i</name>
         <value>0x9048</value>
         <object_component_ref idref="oc-27"/>
      </symbol>
      <symbol id="sm-344">
         <name>_setPWMValues</name>
         <value>0x3f4dd7</value>
         <object_component_ref idref="oc-54"/>
      </symbol>
      <symbol id="sm-345">
         <name>_sciaSetup</name>
         <value>0x3f4b04</value>
         <object_component_ref idref="oc-54"/>
      </symbol>
      <symbol id="sm-346">
         <name>_spiModule</name>
         <value>0x91c0</value>
         <object_component_ref idref="oc-27"/>
      </symbol>
      <symbol id="sm-347">
         <name>_interrupsCpuSetup</name>
         <value>0x3f4ba9</value>
         <object_component_ref idref="oc-54"/>
      </symbol>
      <symbol id="sm-348">
         <name>_AMCconfArr</name>
         <value>0x9380</value>
         <object_component_ref idref="oc-27"/>
      </symbol>
      <symbol id="sm-349">
         <name>_rsvd_ISR</name>
         <value>0x3f5a85</value>
         <object_component_ref idref="oc-29"/>
      </symbol>
      <symbol id="sm-34a">
         <name>_sendSCI</name>
         <value>0x9011</value>
         <object_component_ref idref="oc-27"/>
      </symbol>
      <symbol id="sm-34b">
         <name>_xIntruptRegs</name>
         <value>0x905c</value>
         <object_component_ref idref="oc-27"/>
      </symbol>
      <symbol id="sm-34c">
         <name>_HRCAP1_INT_ISR</name>
         <value>0x3f58b6</value>
         <object_component_ref idref="oc-29"/>
      </symbol>
      <symbol id="sm-34d">
         <name>_delay_loop</name>
         <value>0x3f4911</value>
         <object_component_ref idref="oc-54"/>
      </symbol>
      <symbol id="sm-34e">
         <name>_clarke</name>
         <value>0x3f4fdb</value>
         <object_component_ref idref="oc-54"/>
      </symbol>
      <symbol id="sm-34f">
         <name>_SAAD_CTRL</name>
         <value>0x9021</value>
         <object_component_ref idref="oc-27"/>
      </symbol>
      <symbol id="sm-350">
         <name>_spiInit</name>
         <value>0x3f4adb</value>
         <object_component_ref idref="oc-54"/>
      </symbol>
      <symbol id="sm-351">
         <name>_DINTCH2_ISR</name>
         <value>0x3f5942</value>
         <object_component_ref idref="oc-29"/>
      </symbol>
      <symbol id="sm-352">
         <name>_SAAD_CTRL_BITS</name>
         <value>0x9023</value>
         <object_component_ref idref="oc-27"/>
      </symbol>
      <symbol id="sm-353">
         <name>_systemInit</name>
         <value>0x3f44b0</value>
         <object_component_ref idref="oc-54"/>
      </symbol>
      <symbol id="sm-354">
         <name>_dqP</name>
         <value>0x9090</value>
         <object_component_ref idref="oc-27"/>
      </symbol>
      <symbol id="sm-355">
         <name>_saadTests</name>
         <value>0x901d</value>
         <object_component_ref idref="oc-27"/>
      </symbol>
      <symbol id="sm-356">
         <name>_adcRegs</name>
         <value>0x9052</value>
         <object_component_ref idref="oc-27"/>
      </symbol>
      <symbol id="sm-357">
         <name>_adc_X_ISR</name>
         <value>0x3f64c2</value>
         <object_component_ref idref="oc-29"/>
      </symbol>
      <symbol id="sm-358">
         <name>_setUpPeripheralClocks</name>
         <value>0x3f454b</value>
         <object_component_ref idref="oc-54"/>
      </symbol>
      <symbol id="sm-373">
         <name>_c_int00</name>
         <value>0x3f6a6e</value>
         <object_component_ref idref="oc-17"/>
      </symbol>
      <symbol id="sm-374">
         <name>__stack</name>
         <value>0x50</value>
         <object_component_ref idref="oc-31"/>
      </symbol>
      <symbol id="sm-380">
         <name>_cos</name>
         <value>0x3f69b5</value>
         <object_component_ref idref="oc-5a"/>
      </symbol>
      <symbol id="sm-391">
         <name>C$$EXIT</name>
         <value>0x3f6acd</value>
         <object_component_ref idref="oc-53"/>
      </symbol>
      <symbol id="sm-392">
         <name>_exit</name>
         <value>0x3f6acf</value>
         <object_component_ref idref="oc-53"/>
      </symbol>
      <symbol id="sm-393">
         <name>___TI_cleanup_ptr</name>
         <value>0x9404</value>
         <object_component_ref idref="oc-3c"/>
      </symbol>
      <symbol id="sm-394">
         <name>_abort</name>
         <value>0x3f6acd</value>
         <object_component_ref idref="oc-53"/>
      </symbol>
      <symbol id="sm-395">
         <name>___TI_dtors_ptr</name>
         <value>0x9406</value>
         <object_component_ref idref="oc-3c"/>
      </symbol>
      <symbol id="sm-3a2">
         <name>FS$$DIV</name>
         <value>0x3f692d</value>
         <object_component_ref idref="oc-40"/>
      </symbol>
      <symbol id="sm-3ad">
         <name>_sin</name>
         <value>0x3f6a16</value>
         <object_component_ref idref="oc-5b"/>
      </symbol>
      <symbol id="sm-3bb">
         <name>__unlock</name>
         <value>0x9400</value>
         <object_component_ref idref="oc-4a"/>
      </symbol>
      <symbol id="sm-3bc">
         <name>__lock</name>
         <value>0x9402</value>
         <object_component_ref idref="oc-4a"/>
      </symbol>
      <symbol id="sm-3bd">
         <name>__register_lock</name>
         <value>0x3f6aea</value>
         <object_component_ref idref="oc-56"/>
      </symbol>
      <symbol id="sm-3be">
         <name>__nop</name>
         <value>0x3f6aee</value>
         <object_component_ref idref="oc-56"/>
      </symbol>
      <symbol id="sm-3bf">
         <name>__register_unlock</name>
         <value>0x3f6ae6</value>
         <object_component_ref idref="oc-56"/>
      </symbol>
      <symbol id="sm-3cb">
         <name>__args_main</name>
         <value>0x3f6ab4</value>
         <object_component_ref idref="oc-52"/>
      </symbol>
      <symbol id="sm-3cc">
         <name>__TI_args_main</name>
         <value>0x1</value>
      </symbol>
   </symbol_table>
   <title>Link successful</title>
</link_info>
