******************************************************************************
             TMS320C2000 Linker PC v6.2.7                      
******************************************************************************
>> Linked Thu Dec 29 09:43:13 2016

OUTPUT FILE NAME:   <motors.out>
ENTRY POINT SYMBOL: "_c_int00"  address: 003f65b2


MEMORY CONFIGURATION

         name            origin    length      used     unused   attr    fill
----------------------  --------  ---------  --------  --------  ----  --------
PAGE 0:
  RAML0                 00008000   00000800  00000000  00000800  RWIX
  RAML1                 00008800   00000400  00000000  00000400  RWIX
  OTP                   003d7800   00000400  00000000  00000400  RWIX
  FLASHH                003d8000   00004000  00000000  00004000  RWIX
  FLASHG                003dc000   00004000  00000000  00004000  RWIX
  FLASHF                003e0000   00004000  00000000  00004000  RWIX
  FLASHE                003e4000   00004000  00000000  00004000  RWIX
  FLASHD                003e8000   00004000  00000000  00004000  RWIX
  FLASHC                003ec000   00004000  00000000  00004000  RWIX
  FLASHA                003f4000   00003f80  0000291d  00001663  RWIX
  CSM_RSVD              003f7f80   00000076  00000000  00000076  RWIX
  BEGIN                 003f7ff6   00000002  00000002  00000000  RWIX
  CSM_PWL_P0            003f7ff8   00000008  00000000  00000008  RWIX
  FPUTABLES             003fd860   000006a0  00000000  000006a0  RWIX
  IQTABLES              003fdf00   00000b50  00000000  00000b50  RWIX
  IQTABLES2             003fea50   0000008c  00000000  0000008c  RWIX
  IQTABLES3             003feadc   000000aa  00000000  000000aa  RWIX
  ROM                   003ff3b0   00000c10  00000000  00000c10  RWIX
  RESET                 003fffc0   00000002  00000000  00000002  RWIX
  VECTORS               003fffc2   0000003e  00000000  0000003e  RWIX

PAGE 1:
  BOOT_RSVD             00000000   00000050  00000000  00000050  RWIX
  RAMM0                 00000050   000003b0  00000300  000000b0  RWIX
  RAMM1                 00000400   00000400  00000000  00000400  RWIX
  RAML2                 00008c00   00000400  00000248  000001b8  RWIX
  RAML3                 00009000   00001000  00000000  00001000  RWIX
  RAML4                 0000a000   00002000  00000000  00002000  RWIX
  RAML5                 0000c000   00002000  00000000  00002000  RWIX
  RAML6                 0000e000   00002000  00000000  00002000  RWIX
  RAML7                 00010000   00002000  00000000  00002000  RWIX
  RAML8                 00012000   00002000  00000000  00002000  RWIX
  USB_RAM               00040000   00000800  00000000  00000800  RWIX
  FLASHB                003f0000   00004000  00000000  00004000  RWIX


SECTION ALLOCATION MAP

 output                                  attributes/
section   page    origin      length       input sections
--------  ----  ----------  ----------   ----------------
.pinit     0    003f4000    00000000     UNINITIALIZED

ramfuncs   0    00008000    00000000     UNINITIALIZED

.text      0    003f4000    0000263b     
                  003f4000    000014b5     main.obj (.text)
                  003f54b5    00000b1b     main.obj (.text:retain)
                  003f5fd0    000002ca     clk.obj (.text)
                  003f629a    0000018a     gpio.obj (.text)
                  003f6424    000000a5     pid_reg3.obj (.text)
                  003f64c9    00000088     rts2800_fpu32.lib : fs_div.obj (.text)
                  003f6551    00000061                       : cos.obj (.text)
                  003f65b2    00000046                       : boot.obj (.text)
                  003f65f8    00000019                       : args_main.obj (.text)
                  003f6611    00000019                       : exit.obj (.text)
                  003f662a    00000009                       : _lock.obj (.text)
                  003f6633    00000008     F2806x_CodeStartBranch.obj (.text)

.econst    0    003f663c    00000200     
                  003f663c    00000100     main.obj (.econst:.string:_CRC_TABLE)
                  003f673c    00000100     main.obj (.econst)

.cinit     0    003f683c    000000c2     
                  003f683c    000000ac     main.obj (.cinit)
                  003f68e8    0000000a     rts2800_fpu32.lib : _lock.obj (.cinit)
                  003f68f2    0000000a                       : exit.obj (.cinit)
                  003f68fc    00000002     --HOLE-- [fill = 0]

.switch    0    003f68fe    00000020     
                  003f68fe    00000020     main.obj (.switch:_adcRead)

codestart 
*          0    003f7ff6    00000002     
                  003f7ff6    00000002     F2806x_CodeStartBranch.obj (codestart)

.reset     0    003fffc0    00000002     DSECT
                  003fffc0    00000002     rts2800_fpu32.lib : boot.obj (.reset)

vectors    0    003fffc2    00000000     DSECT

.stack     1    00000050    00000300     UNINITIALIZED
                  00000050    00000300     --HOLE--

.ebss      1    00008c00    00000248     UNINITIALIZED
                  00008c00    00000240     main.obj (.ebss)
                  00008e40    00000004     rts2800_fpu32.lib : _lock.obj (.ebss)
                  00008e44    00000004                       : exit.obj (.ebss)


GLOBAL DATA SYMBOLS: SORTED BY DATA PAGE

address     data page           name
--------    ----------------    ----
00000050       1 (00000040)     __stack

00008c00     230 (00008c00)     _saadTestsPs
00008c01     230 (00008c00)     _CTRLSUM_BITS
00008c02     230 (00008c00)     _apsL
00008c03     230 (00008c00)     _apsR
00008c04     230 (00008c00)     _delay
00008c05     230 (00008c00)     _counter
00008c06     230 (00008c00)     _CTRLSUM
00008c07     230 (00008c00)     _VELOCITY_BITS
00008c08     230 (00008c00)     _VELOCITY
00008c09     230 (00008c00)     _COMMAND_BYTE_BITS
00008c0a     230 (00008c00)     _COMMAND_BYTE
00008c0b     230 (00008c00)     _DATA_BITS
00008c0c     230 (00008c00)     _DATA
00008c0d     230 (00008c00)     _POSITION_BITS
00008c0e     230 (00008c00)     _POSITION
00008c0f     230 (00008c00)     _notEnd
00008c10     230 (00008c00)     _flGyro
00008c11     230 (00008c00)     _mode
00008c12     230 (00008c00)     _stepsCount
00008c13     230 (00008c00)     _sciFramePart
00008c14     230 (00008c00)     _sendSCI
00008c15     230 (00008c00)     _flPS
00008c16     230 (00008c00)     _motorF
00008c17     230 (00008c00)     _sciCounter
00008c18     230 (00008c00)     _saadTests
00008c19     230 (00008c00)     _SAAD_TEST_RES
00008c1a     230 (00008c00)     _sciSendCnt
00008c1b     230 (00008c00)     _ch
00008c1c     230 (00008c00)     _setSci
00008c1d     230 (00008c00)     _gyroEn
00008c1e     230 (00008c00)     _stabilize
00008c1f     230 (00008c00)     _SAAD_CTRL
00008c20     230 (00008c00)     _SAAD_CTRL_BITS
00008c21     230 (00008c00)     _SAAD_ST_BITS
00008c22     230 (00008c00)     _SAAD_TESTS_BITS
00008c23     230 (00008c00)     _SAAD_ST
00008c24     230 (00008c00)     _SAAD_TEST_RES_BITS
00008c26     230 (00008c00)     _jj
00008c28     230 (00008c00)     _timer1cnt
00008c2a     230 (00008c00)     _temp
00008c2c     230 (00008c00)     _timer2cnt
00008c2e     230 (00008c00)     _sciErrorCntCtrlSum
00008c30     230 (00008c00)     _mode1cnt
00008c32     230 (00008c00)     _j
00008c34     230 (00008c00)     _time
00008c36     230 (00008c00)     _i
00008c38     230 (00008c00)     _vel0
00008c3a     230 (00008c00)     _mode3cnt
00008c3c     230 (00008c00)     _timeUp
00008c3e     230 (00008c00)     _vel

00008c40     231 (00008c40)     _alpha0
00008c42     231 (00008c40)     _alpha
00008c44     231 (00008c40)     _gCnt
00008c46     231 (00008c40)     _sciaRegs
00008c48     231 (00008c40)     _sysCtrlRegs
00008c4a     231 (00008c40)     _spiaRegs
00008c4c     231 (00008c40)     _spiData
00008c4e     231 (00008c40)     _interrupSVectTable
00008c50     231 (00008c40)     _frameCountR
00008c52     231 (00008c40)     _interrupS
00008c54     231 (00008c40)     _tempData2
00008c56     231 (00008c40)     _gpioS
00008c58     231 (00008c40)     _mcbspRegs
00008c5a     231 (00008c40)     _tempData1
00008c5c     231 (00008c40)     _START_BIT_BITS
00008c5e     231 (00008c40)     _xIntruptRegs
00008c60     231 (00008c40)     _frameCountT
00008c62     231 (00008c40)     _mcbspData
00008c64     231 (00008c40)     _sciErrorParity
00008c66     231 (00008c40)     _flashRegs
00008c68     231 (00008c40)     _sciErrorCntFrameDown
00008c6a     231 (00008c40)     _acel
00008c6c     231 (00008c40)     _CpuTimer1Regs
00008c6e     231 (00008c40)     _CpuTimer2Regs
00008c70     231 (00008c40)     _START_BIT
00008c72     231 (00008c40)     _CpuTimer0Regs
00008c74     231 (00008c40)     _clkS
00008c76     231 (00008c40)     _SAAD_CTRL_ALL
00008c78     231 (00008c40)     _adcRegs
00008c7a     231 (00008c40)     _adcResRegs
00008c7c     231 (00008c40)     _pwmValues

00008c80     232 (00008c80)     _sciRxC
00008c84     232 (00008c80)     _saadFrameResive
00008c8c     232 (00008c80)     _saadFrameSend
00008c94     232 (00008c80)     _pwmHandle
00008ca0     232 (00008c80)     _pwmRegS

00008cc0     233 (00008cc0)     _motor0
00008cdc     233 (00008cc0)     _motor1

00008d00     234 (00008d00)     _adcRes

00008d40     235 (00008d40)     _pid

00008d80     236 (00008d80)     _spiModule

00008dc0     237 (00008dc0)     _AMCconfArr

00008e40     239 (00008e40)     __unlock
00008e42     239 (00008e40)     __lock
00008e44     239 (00008e40)     ___TI_cleanup_ptr
00008e46     239 (00008e40)     ___TI_dtors_ptr

003f673c    fd9c (003f6700)     _PieVectTableInit


GLOBAL SYMBOLS: SORTED ALPHABETICALLY BY Name 

address    name
--------   ----
003f4000   .text
003f6611   C$$EXIT
003f64c9   FS$$DIV
003f5573   _ADCINT1_ISR
003f557d   _ADCINT2_ISR
003f5785   _ADCINT3_ISR
003f578f   _ADCINT4_ISR
003f5799   _ADCINT5_ISR
003f57a3   _ADCINT6_ISR
003f57ad   _ADCINT7_ISR
003f57b7   _ADCINT8_ISR
003f559b   _ADCINT9_ISR
003f4527   _ADC_config
003f48d5   _AMCconf
00008dc0   _AMCconfArr
003f57c1   _CLA1_INT1_ISR
003f57cb   _CLA1_INT2_ISR
003f57d5   _CLA1_INT3_ISR
003f57df   _CLA1_INT4_ISR
003f57e9   _CLA1_INT5_ISR
003f57f3   _CLA1_INT6_ISR
003f57fd   _CLA1_INT7_ISR
003f5807   _CLA1_INT8_ISR
003f5fd0   _CLK_disableAdcClock
003f5fdd   _CLK_disableClaClock
003f5fea   _CLK_disableClkIn
003f5ff6   _CLK_disableCompClock
003f6002   _CLK_disableCpuTimerClock
003f6011   _CLK_disableCrystalOsc
003f601d   _CLK_disableEcanaClock
003f602a   _CLK_disableEcap1Clock
003f6037   _CLK_disableEqep1Clock
003f6044   _CLK_disableGpioInputClock
003f6051   _CLK_disableHrPwmClock
003f605e   _CLK_disableI2cClock
003f606b   _CLK_disableLinAClock
003f6078   _CLK_disableOsc1
003f6084   _CLK_disableOsc1HaltMode
003f6090   _CLK_disableOsc2
003f609c   _CLK_disableOsc2HaltMode
003f60a8   _CLK_disablePwmClock
003f60b9   _CLK_disableSciaClock
003f60c6   _CLK_disableSpiaClock
003f60d3   _CLK_disableSpibClock
003f60dd   _CLK_disableTbClockSync
003f60ea   _CLK_disableWatchDogHaltMode
003f60f6   _CLK_enableAdcClock
003f6103   _CLK_enableClaClock
003f615f   _CLK_enableClkIn
003f6110   _CLK_enableCompClock
003f611e   _CLK_enableCpuTimerClock
003f612c   _CLK_enableCrystalOsc
003f6138   _CLK_enableEcanaClock
003f6152   _CLK_enableEcap1Clock
003f6145   _CLK_enableEqep1Clock
003f616b   _CLK_enableGpioInputClock
003f6178   _CLK_enableHrPwmClock
003f6185   _CLK_enableI2cClock
003f6192   _CLK_enableLinAClock
003f619f   _CLK_enableOsc1
003f61ab   _CLK_enableOsc1HaltMode
003f61b7   _CLK_enableOsc2
003f61c3   _CLK_enableOsc2HaltMode
003f61cf   _CLK_enablePwmClock
003f61df   _CLK_enableSciaClock
003f61ec   _CLK_enableSpiaClock
003f61f9   _CLK_enableSpibClock
003f6206   _CLK_enableTbClockSync
003f6213   _CLK_enableWatchDogHaltMode
003f621f   _CLK_init
003f622c   _CLK_setClkOutPreScaler
003f623c   _CLK_setLowSpdPreScaler
003f625a   _CLK_setOsc2Src
003f624a   _CLK_setOscSrc
003f626a   _CLK_setTimer2PreScale
003f627a   _CLK_setTimer2Src
003f628a   _CLK_setWatchDogSrc
00008c0a   _COMMAND_BYTE
00008c09   _COMMAND_BYTE_BITS
00008c06   _CTRLSUM
00008c01   _CTRLSUM_BITS
003f4ad5   _ConfigCpuTimer0
003f4afb   _ConfigCpuTimer1
003f4b20   _ConfigCpuTimer2
00008c72   _CpuTimer0Regs
00008c6c   _CpuTimer1Regs
00008c6e   _CpuTimer2Regs
00008c0c   _DATA
003f54c9   _DATALOG_ISR
00008c0b   _DATA_BITS
003f56f9   _DINTCH1_ISR
003f5703   _DINTCH2_ISR
003f570d   _DINTCH3_ISR
003f5717   _DINTCH4_ISR
003f5721   _DINTCH5_ISR
003f572b   _DINTCH6_ISR
003f43aa   _DisableDog
003f5771   _ECAN0INTA_ISR
003f577b   _ECAN1INTA_ISR
003f5659   _ECAP1_INT_ISR
003f5663   _ECAP2_INT_ISR
003f566d   _ECAP3_INT_ISR
003f582f   _EMPTY_ISR
003f54dd   _EMUINT_ISR
003f5609   _EPWM1_INT_ISR
003f55b9   _EPWM1_TZINT_ISR
003f5613   _EPWM2_INT_ISR
003f55c3   _EPWM2_TZINT_ISR
003f561d   _EPWM3_INT_ISR
003f55cd   _EPWM3_TZINT_ISR
003f5627   _EPWM4_INT_ISR
003f55d7   _EPWM4_TZINT_ISR
003f5631   _EPWM5_INT_ISR
003f55e1   _EPWM5_TZINT_ISR
003f563b   _EPWM6_INT_ISR
003f55eb   _EPWM6_TZINT_ISR
003f5645   _EPWM7_INT_ISR
003f55f5   _EPWM7_TZINT_ISR
003f564f   _EPWM8_INT_ISR
003f55ff   _EPWM8_TZINT_ISR
003f568b   _EQEP1_INT_ISR
003f5695   _EQEP2_INT_ISR
003f629a   _GPIO_init
003f6332   _GPIO_read
003f62e3   _GPIO_setDirection
003f631f   _GPIO_setExtInt
003f635f   _GPIO_setHigh
003f637d   _GPIO_setLow
003f639b   _GPIO_setMode
003f62a7   _GPIO_setPullup
003f6406   _GPIO_toggle
003f5fb8   _GYRO_X_isr
003f5677   _HRCAP1_INT_ISR
003f5681   _HRCAP2_INT_ISR
003f569f   _HRCAP3_INT_ISR
003f56a9   _HRCAP4_INT_ISR
003f5735   _I2CINT1A_ISR
003f573f   _I2CINT2A_ISR
003f54f1   _ILLEGAL_ISR
003f54b5   _INT13_ISR
003f54bf   _INT14_ISR
003f43b4   _InitPll
003f5825   _LUF_ISR
003f581b   _LVF_ISR
003f56e5   _MRINTA_ISR
003f56ef   _MXINTA_ISR
003f54e7   _NMI_ISR
003f583c   _PIE_RESERVED
00008c0e   _POSITION
00008c0d   _POSITION_BITS
003f673c   _PieVectTableInit
003f54d3   _RTOSINT_ISR
00008000   _RamfuncsLoadEnd
00000000   _RamfuncsLoadSize
00008000   _RamfuncsLoadStart
00008000   _RamfuncsRunStart
00008c1f   _SAAD_CTRL
00008c76   _SAAD_CTRL_ALL
00008c20   _SAAD_CTRL_BITS
00008c23   _SAAD_ST
00008c21   _SAAD_ST_BITS
00008c22   _SAAD_TESTS_BITS
00008c19   _SAAD_TEST_RES
00008c24   _SAAD_TEST_RES_BITS
003f5749   _SCIRXINTA_ISR
003f575d   _SCIRXINTB_ISR
003f5753   _SCITXINTA_ISR
003f5767   _SCITXINTB_ISR
003f5f1d   _SCI_RX_isr
003f56bd   _SPIRXINTA_ISR
003f56d1   _SPIRXINTB_ISR
003f56c7   _SPITXINTA_ISR
003f56db   _SPITXINTB_ISR
003f5f31   _SPI_RX_isr
00008c70   _START_BIT
00008c5c   _START_BIT_BITS
003f439c   _ServiceDog
003f55a5   _TINT0_ISR
003f56b3   _USB0_INT_ISR
003f5555   _USER10_ISR
003f555f   _USER11_ISR
003f5569   _USER12_ISR
003f54fb   _USER1_ISR
003f5505   _USER2_ISR
003f550f   _USER3_ISR
003f5519   _USER4_ISR
003f5523   _USER5_ISR
003f552d   _USER6_ISR
003f5537   _USER7_ISR
003f5541   _USER8_ISR
003f554b   _USER9_ISR
00008c08   _VELOCITY
00008c07   _VELOCITY_BITS
003f55af   _WAKEINT_ISR
003f5587   _XINT1_ISR
003f5591   _XINT2_ISR
003f5811   _XINT3_ISR
00000350   __STACK_END
00000300   __STACK_SIZE
00000001   __TI_args_main
00008e44   ___TI_cleanup_ptr
00008e46   ___TI_dtors_ptr
ffffffff   ___binit__
ffffffff   ___c_args__
003f683c   ___cinit__
003f663b   ___etext__
ffffffff   ___pinit__
003f4000   ___text__
003f65f8   __args_main
00008e42   __lock
003f6632   __nop
003f662e   __register_lock
003f662a   __register_unlock
00000050   __stack
00008e40   __unlock
003f6611   _abort
00008c6a   _acel
003f451e   _adcInit
003f46a1   _adcRead
00008c78   _adcRegs
00008d00   _adcRes
00008c7a   _adcResRegs
00008c42   _alpha
00008c40   _alpha0
003f512e   _alphaF
00008c02   _apsL
00008c03   _apsR
003f65b2   _c_int00
003f50a4   _calcPWM
00008c1b   _ch
003f46f4   _clkInit
00008c74   _clkS
003f47d8   _clkg_delay_loop
003f6551   _cos
00008c05   _counter
003f5850   _cpu_timer0_isr
003f5c3b   _cpu_timer1_isr
003f5a7c   _cpu_timer2_isr
003f5084   _crc8DATA
003f5044   _crc8POS
003f5064   _crc8VEL
00008c04   _delay
003f47c2   _delay_loop
003f5002   _disablePWM
003f6613   _exit
00008c10   _flGyro
00008c15   _flPS
003f434e   _flashInit
00008c66   _flashRegs
003f4354   _flashSetup
00008c50   _frameCountR
00008c60   _frameCountT
00008c44   _gCnt
003f5036   _getMaxPWMVal
003f4105   _gpioInit
00008c56   _gpioS
00008c1d   _gyroEn
00008c36   _i
00008c52   _interrupS
003f4a8c   _interrupSDefVectTableInit
00008c4e   _interrupSVectTable
003f4a5a   _interrupsCpuSetup
003f4a05   _interrupsCtrlInit
003f49f9   _interrupsInit
003f4a4f   _interruptSEnable
00008c32   _j
00008c26   _jj
003f5231   _main
003f5413   _makeTest
003f48d1   _mcbspAddr
00008c62   _mcbspData
00008c58   _mcbspRegs
003f483b   _mcbspSetupSpi
003f48ad   _mcbsp_read
003f4892   _mcbsp_write
003f47ee   _mcbspaInit
003f47f4   _mcbspaSetup
00008c11   _mode
00008c30   _mode1cnt
00008c3a   _mode3cnt
00008cc0   _motor0
00008cdc   _motor1
00008c16   _motorF
00008c0f   _notEnd
00008d40   _pid
003f512d   _pidCalc
003f6424   _pid_reg3_calc
00008c94   _pwmHandle
00008ca0   _pwmRegS
003f4b46   _pwmSInit
003f4b5b   _pwmSetupWTest
00008c7c   _pwmValues
003f5846   _rsvd_ISR
00008c84   _saadFrameResive
00008c8c   _saadFrameSend
00008c18   _saadTests
00008c00   _saadTestsPs
00008c17   _sciCounter
00008c2e   _sciErrorCntCtrlSum
00008c68   _sciErrorCntFrameDown
00008c64   _sciErrorParity
00008c13   _sciFramePart
00008c80   _sciRxC
00008c1a   _sciSendCnt
003f49af   _sciaInit
003f49ea   _sciaRead
00008c46   _sciaRegs
003f49b5   _sciaSetup
003f49ef   _sciaWrite
00008c14   _sendSCI
003f4500   _setExtOsc
003f44b5   _setIntOsc1
003f44ca   _setIntOsc2
003f4fe0   _setPWMValues
003f5017   _setPWMValuesArr
00008c1c   _setSci
003f4413   _setUpPeripheralClocks
003f44e5   _setXTALOsc
003f46fd   _setupClks
003f410e   _setupGPIOs
003f433f   _setupGPIOsInterrupt
003f472e   _setupPeripheralClks
00008c4c   _spiData
003f49a1   _spiDisableFF
003f498c   _spiInit
00008d80   _spiModule
003f4992   _spiSetupFF
00008c4a   _spiaRegs
00008c1e   _stabilize
00008c12   _stepsCount
003f5126   _stopMotor
00008c48   _sysCtrlRegs
003f4378   _systemInit
003f437e   _systemSetup
00008c2a   _temp
00008c5a   _tempData1
00008c54   _tempData2
00008c34   _time
00008c3c   _timeUp
00008c28   _timer1cnt
00008c2c   _timer2cnt
003f4ab7   _timerInit
003f4ac3   _timerSConfig
003f40f4   _usDelay
00008c3e   _vel
00008c38   _vel0
00008c5e   _xIntruptRegs
003f52e5   _zeroStart
ffffffff   binit
003f683c   cinit
003f7ff6   code_start
003f663b   etext
ffffffff   pinit


GLOBAL SYMBOLS: SORTED BY Symbol Address 

address    name
--------   ----
00000000   _RamfuncsLoadSize
00000001   __TI_args_main
00000050   __stack
00000300   __STACK_SIZE
00000350   __STACK_END
00008000   _RamfuncsLoadEnd
00008000   _RamfuncsLoadStart
00008000   _RamfuncsRunStart
00008c00   _saadTestsPs
00008c01   _CTRLSUM_BITS
00008c02   _apsL
00008c03   _apsR
00008c04   _delay
00008c05   _counter
00008c06   _CTRLSUM
00008c07   _VELOCITY_BITS
00008c08   _VELOCITY
00008c09   _COMMAND_BYTE_BITS
00008c0a   _COMMAND_BYTE
00008c0b   _DATA_BITS
00008c0c   _DATA
00008c0d   _POSITION_BITS
00008c0e   _POSITION
00008c0f   _notEnd
00008c10   _flGyro
00008c11   _mode
00008c12   _stepsCount
00008c13   _sciFramePart
00008c14   _sendSCI
00008c15   _flPS
00008c16   _motorF
00008c17   _sciCounter
00008c18   _saadTests
00008c19   _SAAD_TEST_RES
00008c1a   _sciSendCnt
00008c1b   _ch
00008c1c   _setSci
00008c1d   _gyroEn
00008c1e   _stabilize
00008c1f   _SAAD_CTRL
00008c20   _SAAD_CTRL_BITS
00008c21   _SAAD_ST_BITS
00008c22   _SAAD_TESTS_BITS
00008c23   _SAAD_ST
00008c24   _SAAD_TEST_RES_BITS
00008c26   _jj
00008c28   _timer1cnt
00008c2a   _temp
00008c2c   _timer2cnt
00008c2e   _sciErrorCntCtrlSum
00008c30   _mode1cnt
00008c32   _j
00008c34   _time
00008c36   _i
00008c38   _vel0
00008c3a   _mode3cnt
00008c3c   _timeUp
00008c3e   _vel
00008c40   _alpha0
00008c42   _alpha
00008c44   _gCnt
00008c46   _sciaRegs
00008c48   _sysCtrlRegs
00008c4a   _spiaRegs
00008c4c   _spiData
00008c4e   _interrupSVectTable
00008c50   _frameCountR
00008c52   _interrupS
00008c54   _tempData2
00008c56   _gpioS
00008c58   _mcbspRegs
00008c5a   _tempData1
00008c5c   _START_BIT_BITS
00008c5e   _xIntruptRegs
00008c60   _frameCountT
00008c62   _mcbspData
00008c64   _sciErrorParity
00008c66   _flashRegs
00008c68   _sciErrorCntFrameDown
00008c6a   _acel
00008c6c   _CpuTimer1Regs
00008c6e   _CpuTimer2Regs
00008c70   _START_BIT
00008c72   _CpuTimer0Regs
00008c74   _clkS
00008c76   _SAAD_CTRL_ALL
00008c78   _adcRegs
00008c7a   _adcResRegs
00008c7c   _pwmValues
00008c80   _sciRxC
00008c84   _saadFrameResive
00008c8c   _saadFrameSend
00008c94   _pwmHandle
00008ca0   _pwmRegS
00008cc0   _motor0
00008cdc   _motor1
00008d00   _adcRes
00008d40   _pid
00008d80   _spiModule
00008dc0   _AMCconfArr
00008e40   __unlock
00008e42   __lock
00008e44   ___TI_cleanup_ptr
00008e46   ___TI_dtors_ptr
003f4000   .text
003f4000   ___text__
003f40f4   _usDelay
003f4105   _gpioInit
003f410e   _setupGPIOs
003f433f   _setupGPIOsInterrupt
003f434e   _flashInit
003f4354   _flashSetup
003f4378   _systemInit
003f437e   _systemSetup
003f439c   _ServiceDog
003f43aa   _DisableDog
003f43b4   _InitPll
003f4413   _setUpPeripheralClocks
003f44b5   _setIntOsc1
003f44ca   _setIntOsc2
003f44e5   _setXTALOsc
003f4500   _setExtOsc
003f451e   _adcInit
003f4527   _ADC_config
003f46a1   _adcRead
003f46f4   _clkInit
003f46fd   _setupClks
003f472e   _setupPeripheralClks
003f47c2   _delay_loop
003f47d8   _clkg_delay_loop
003f47ee   _mcbspaInit
003f47f4   _mcbspaSetup
003f483b   _mcbspSetupSpi
003f4892   _mcbsp_write
003f48ad   _mcbsp_read
003f48d1   _mcbspAddr
003f48d5   _AMCconf
003f498c   _spiInit
003f4992   _spiSetupFF
003f49a1   _spiDisableFF
003f49af   _sciaInit
003f49b5   _sciaSetup
003f49ea   _sciaRead
003f49ef   _sciaWrite
003f49f9   _interrupsInit
003f4a05   _interrupsCtrlInit
003f4a4f   _interruptSEnable
003f4a5a   _interrupsCpuSetup
003f4a8c   _interrupSDefVectTableInit
003f4ab7   _timerInit
003f4ac3   _timerSConfig
003f4ad5   _ConfigCpuTimer0
003f4afb   _ConfigCpuTimer1
003f4b20   _ConfigCpuTimer2
003f4b46   _pwmSInit
003f4b5b   _pwmSetupWTest
003f4fe0   _setPWMValues
003f5002   _disablePWM
003f5017   _setPWMValuesArr
003f5036   _getMaxPWMVal
003f5044   _crc8POS
003f5064   _crc8VEL
003f5084   _crc8DATA
003f50a4   _calcPWM
003f5126   _stopMotor
003f512d   _pidCalc
003f512e   _alphaF
003f5231   _main
003f52e5   _zeroStart
003f5413   _makeTest
003f54b5   _INT13_ISR
003f54bf   _INT14_ISR
003f54c9   _DATALOG_ISR
003f54d3   _RTOSINT_ISR
003f54dd   _EMUINT_ISR
003f54e7   _NMI_ISR
003f54f1   _ILLEGAL_ISR
003f54fb   _USER1_ISR
003f5505   _USER2_ISR
003f550f   _USER3_ISR
003f5519   _USER4_ISR
003f5523   _USER5_ISR
003f552d   _USER6_ISR
003f5537   _USER7_ISR
003f5541   _USER8_ISR
003f554b   _USER9_ISR
003f5555   _USER10_ISR
003f555f   _USER11_ISR
003f5569   _USER12_ISR
003f5573   _ADCINT1_ISR
003f557d   _ADCINT2_ISR
003f5587   _XINT1_ISR
003f5591   _XINT2_ISR
003f559b   _ADCINT9_ISR
003f55a5   _TINT0_ISR
003f55af   _WAKEINT_ISR
003f55b9   _EPWM1_TZINT_ISR
003f55c3   _EPWM2_TZINT_ISR
003f55cd   _EPWM3_TZINT_ISR
003f55d7   _EPWM4_TZINT_ISR
003f55e1   _EPWM5_TZINT_ISR
003f55eb   _EPWM6_TZINT_ISR
003f55f5   _EPWM7_TZINT_ISR
003f55ff   _EPWM8_TZINT_ISR
003f5609   _EPWM1_INT_ISR
003f5613   _EPWM2_INT_ISR
003f561d   _EPWM3_INT_ISR
003f5627   _EPWM4_INT_ISR
003f5631   _EPWM5_INT_ISR
003f563b   _EPWM6_INT_ISR
003f5645   _EPWM7_INT_ISR
003f564f   _EPWM8_INT_ISR
003f5659   _ECAP1_INT_ISR
003f5663   _ECAP2_INT_ISR
003f566d   _ECAP3_INT_ISR
003f5677   _HRCAP1_INT_ISR
003f5681   _HRCAP2_INT_ISR
003f568b   _EQEP1_INT_ISR
003f5695   _EQEP2_INT_ISR
003f569f   _HRCAP3_INT_ISR
003f56a9   _HRCAP4_INT_ISR
003f56b3   _USB0_INT_ISR
003f56bd   _SPIRXINTA_ISR
003f56c7   _SPITXINTA_ISR
003f56d1   _SPIRXINTB_ISR
003f56db   _SPITXINTB_ISR
003f56e5   _MRINTA_ISR
003f56ef   _MXINTA_ISR
003f56f9   _DINTCH1_ISR
003f5703   _DINTCH2_ISR
003f570d   _DINTCH3_ISR
003f5717   _DINTCH4_ISR
003f5721   _DINTCH5_ISR
003f572b   _DINTCH6_ISR
003f5735   _I2CINT1A_ISR
003f573f   _I2CINT2A_ISR
003f5749   _SCIRXINTA_ISR
003f5753   _SCITXINTA_ISR
003f575d   _SCIRXINTB_ISR
003f5767   _SCITXINTB_ISR
003f5771   _ECAN0INTA_ISR
003f577b   _ECAN1INTA_ISR
003f5785   _ADCINT3_ISR
003f578f   _ADCINT4_ISR
003f5799   _ADCINT5_ISR
003f57a3   _ADCINT6_ISR
003f57ad   _ADCINT7_ISR
003f57b7   _ADCINT8_ISR
003f57c1   _CLA1_INT1_ISR
003f57cb   _CLA1_INT2_ISR
003f57d5   _CLA1_INT3_ISR
003f57df   _CLA1_INT4_ISR
003f57e9   _CLA1_INT5_ISR
003f57f3   _CLA1_INT6_ISR
003f57fd   _CLA1_INT7_ISR
003f5807   _CLA1_INT8_ISR
003f5811   _XINT3_ISR
003f581b   _LVF_ISR
003f5825   _LUF_ISR
003f582f   _EMPTY_ISR
003f583c   _PIE_RESERVED
003f5846   _rsvd_ISR
003f5850   _cpu_timer0_isr
003f5a7c   _cpu_timer2_isr
003f5c3b   _cpu_timer1_isr
003f5f1d   _SCI_RX_isr
003f5f31   _SPI_RX_isr
003f5fb8   _GYRO_X_isr
003f5fd0   _CLK_disableAdcClock
003f5fdd   _CLK_disableClaClock
003f5fea   _CLK_disableClkIn
003f5ff6   _CLK_disableCompClock
003f6002   _CLK_disableCpuTimerClock
003f6011   _CLK_disableCrystalOsc
003f601d   _CLK_disableEcanaClock
003f602a   _CLK_disableEcap1Clock
003f6037   _CLK_disableEqep1Clock
003f6044   _CLK_disableGpioInputClock
003f6051   _CLK_disableHrPwmClock
003f605e   _CLK_disableI2cClock
003f606b   _CLK_disableLinAClock
003f6078   _CLK_disableOsc1
003f6084   _CLK_disableOsc1HaltMode
003f6090   _CLK_disableOsc2
003f609c   _CLK_disableOsc2HaltMode
003f60a8   _CLK_disablePwmClock
003f60b9   _CLK_disableSciaClock
003f60c6   _CLK_disableSpiaClock
003f60d3   _CLK_disableSpibClock
003f60dd   _CLK_disableTbClockSync
003f60ea   _CLK_disableWatchDogHaltMode
003f60f6   _CLK_enableAdcClock
003f6103   _CLK_enableClaClock
003f6110   _CLK_enableCompClock
003f611e   _CLK_enableCpuTimerClock
003f612c   _CLK_enableCrystalOsc
003f6138   _CLK_enableEcanaClock
003f6145   _CLK_enableEqep1Clock
003f6152   _CLK_enableEcap1Clock
003f615f   _CLK_enableClkIn
003f616b   _CLK_enableGpioInputClock
003f6178   _CLK_enableHrPwmClock
003f6185   _CLK_enableI2cClock
003f6192   _CLK_enableLinAClock
003f619f   _CLK_enableOsc1
003f61ab   _CLK_enableOsc1HaltMode
003f61b7   _CLK_enableOsc2
003f61c3   _CLK_enableOsc2HaltMode
003f61cf   _CLK_enablePwmClock
003f61df   _CLK_enableSciaClock
003f61ec   _CLK_enableSpiaClock
003f61f9   _CLK_enableSpibClock
003f6206   _CLK_enableTbClockSync
003f6213   _CLK_enableWatchDogHaltMode
003f621f   _CLK_init
003f622c   _CLK_setClkOutPreScaler
003f623c   _CLK_setLowSpdPreScaler
003f624a   _CLK_setOscSrc
003f625a   _CLK_setOsc2Src
003f626a   _CLK_setTimer2PreScale
003f627a   _CLK_setTimer2Src
003f628a   _CLK_setWatchDogSrc
003f629a   _GPIO_init
003f62a7   _GPIO_setPullup
003f62e3   _GPIO_setDirection
003f631f   _GPIO_setExtInt
003f6332   _GPIO_read
003f635f   _GPIO_setHigh
003f637d   _GPIO_setLow
003f639b   _GPIO_setMode
003f6406   _GPIO_toggle
003f6424   _pid_reg3_calc
003f64c9   FS$$DIV
003f6551   _cos
003f65b2   _c_int00
003f65f8   __args_main
003f6611   C$$EXIT
003f6611   _abort
003f6613   _exit
003f662a   __register_unlock
003f662e   __register_lock
003f6632   __nop
003f663b   ___etext__
003f663b   etext
003f673c   _PieVectTableInit
003f683c   ___cinit__
003f683c   cinit
003f7ff6   code_start
ffffffff   ___binit__
ffffffff   ___c_args__
ffffffff   ___pinit__
ffffffff   binit
ffffffff   pinit

[353 symbols]
