******************************************************************************
             TMS320C2000 Linker PC v6.2.7                      
******************************************************************************
>> Linked Thu Dec 15 16:29:25 2016

OUTPUT FILE NAME:   <motors.out>
ENTRY POINT SYMBOL: "_c_int00"  address: 003f6437


MEMORY CONFIGURATION

         name            origin    length      used     unused   attr    fill
----------------------  --------  ---------  --------  --------  ----  --------
PAGE 0:
  RAML0                 00008000   00000800  00000000  00000800  RWIX
  RAML1                 00008800   00000400  00000000  00000400  RWIX
  OTP                   003d7800   00000400  00000000  00000400  RWIX
  FLASHH                003d8000   00004000  00000000  00004000  RWIX
  FLASHG                003dc000   00004000  00000000  00004000  RWIX
  FLASHF                003e0000   00004000  00000000  00004000  RWIX
  FLASHE                003e4000   00004000  00000000  00004000  RWIX
  FLASHD                003e8000   00004000  00000000  00004000  RWIX
  FLASHC                003ec000   00004000  00000000  00004000  RWIX
  FLASHA                003f4000   00003f80  000027a2  000017de  RWIX
  CSM_RSVD              003f7f80   00000076  00000000  00000076  RWIX
  BEGIN                 003f7ff6   00000002  00000002  00000000  RWIX
  CSM_PWL_P0            003f7ff8   00000008  00000000  00000008  RWIX
  FPUTABLES             003fd860   000006a0  00000000  000006a0  RWIX
  IQTABLES              003fdf00   00000b50  00000000  00000b50  RWIX
  IQTABLES2             003fea50   0000008c  00000000  0000008c  RWIX
  IQTABLES3             003feadc   000000aa  00000000  000000aa  RWIX
  ROM                   003ff3b0   00000c10  00000000  00000c10  RWIX
  RESET                 003fffc0   00000002  00000000  00000002  RWIX
  VECTORS               003fffc2   0000003e  00000000  0000003e  RWIX

PAGE 1:
  BOOT_RSVD             00000000   00000050  00000000  00000050  RWIX
  RAMM0                 00000050   000003b0  00000300  000000b0  RWIX
  RAMM1                 00000400   00000400  00000000  00000400  RWIX
  RAML2                 00008c00   00000400  00000208  000001f8  RWIX
  RAML3                 00009000   00001000  00000000  00001000  RWIX
  RAML4                 0000a000   00002000  00000000  00002000  RWIX
  RAML5                 0000c000   00002000  00000000  00002000  RWIX
  RAML6                 0000e000   00002000  00000000  00002000  RWIX
  RAML7                 00010000   00002000  00000000  00002000  RWIX
  RAML8                 00012000   00002000  00000000  00002000  RWIX
  USB_RAM               00040000   00000800  00000000  00000800  RWIX
  FLASHB                003f0000   00004000  00000000  00004000  RWIX


SECTION ALLOCATION MAP

 output                                  attributes/
section   page    origin      length       input sections
--------  ----  ----------  ----------   ----------------
.pinit     0    003f4000    00000000     UNINITIALIZED

ramfuncs   0    00008000    00000000     UNINITIALIZED

.text      0    003f4000    000024c0     
                  003f4000    000013f1     main.obj (.text)
                  003f53f1    00000a64     main.obj (.text:retain)
                  003f5e55    000002ca     clk.obj (.text)
                  003f611f    0000018a     gpio.obj (.text)
                  003f62a9    000000a5     pid_reg3.obj (.text)
                  003f634e    00000088     rts2800_fpu32.lib : fs_div.obj (.text)
                  003f63d6    00000061                       : cos.obj (.text)
                  003f6437    00000046                       : boot.obj (.text)
                  003f647d    00000019                       : args_main.obj (.text)
                  003f6496    00000019                       : exit.obj (.text)
                  003f64af    00000009                       : _lock.obj (.text)
                  003f64b8    00000008     F2806x_CodeStartBranch.obj (.text)

.econst    0    003f64c0    00000200     
                  003f64c0    00000100     main.obj (.econst:.string:_CRC_TABLE)
                  003f65c0    00000100     main.obj (.econst)

.cinit     0    003f66c0    000000c2     
                  003f66c0    000000ac     main.obj (.cinit)
                  003f676c    0000000a     rts2800_fpu32.lib : _lock.obj (.cinit)
                  003f6776    0000000a                       : exit.obj (.cinit)
                  003f6780    00000002     --HOLE-- [fill = 0]

.switch    0    003f6782    00000020     
                  003f6782    00000020     main.obj (.switch:_adcRead)

codestart 
*          0    003f7ff6    00000002     
                  003f7ff6    00000002     F2806x_CodeStartBranch.obj (codestart)

.reset     0    003fffc0    00000002     DSECT
                  003fffc0    00000002     rts2800_fpu32.lib : boot.obj (.reset)

vectors    0    003fffc2    00000000     DSECT

.stack     1    00000050    00000300     UNINITIALIZED
                  00000050    00000300     --HOLE--

.ebss      1    00008c00    00000208     UNINITIALIZED
                  00008c00    00000200     main.obj (.ebss)
                  00008e00    00000004     rts2800_fpu32.lib : _lock.obj (.ebss)
                  00008e04    00000004                       : exit.obj (.ebss)


GLOBAL DATA SYMBOLS: SORTED BY DATA PAGE

address     data page           name
--------    ----------------    ----
00000050       1 (00000040)     __stack

00008c00     230 (00008c00)     _DATA_BITS
00008c01     230 (00008c00)     _DATA
00008c02     230 (00008c00)     _SAAD_TEST_RES
00008c03     230 (00008c00)     _COMMAND_BYTE_BITS
00008c04     230 (00008c00)     _SAAD_TESTS_BITS
00008c05     230 (00008c00)     _SAAD_TEST_RES_BITS
00008c06     230 (00008c00)     _SAAD_ST
00008c07     230 (00008c00)     _POSITION_BITS
00008c08     230 (00008c00)     _POSITION
00008c09     230 (00008c00)     _VELOCITY_BITS
00008c0a     230 (00008c00)     _VELOCITY
00008c0b     230 (00008c00)     _COMMAND_BYTE
00008c0c     230 (00008c00)     _counter
00008c0d     230 (00008c00)     _stepsCount
00008c0e     230 (00008c00)     _notEnd
00008c0f     230 (00008c00)     _delay
00008c10     230 (00008c00)     _apsR
00008c11     230 (00008c00)     _apsL
00008c12     230 (00008c00)     _ch
00008c13     230 (00008c00)     _sciFramePart
00008c14     230 (00008c00)     _motorF
00008c15     230 (00008c00)     _CTRLSUM_BITS
00008c16     230 (00008c00)     _CTRLSUM
00008c17     230 (00008c00)     _saadTestsPs
00008c18     230 (00008c00)     _gyroEn
00008c19     230 (00008c00)     _flPS
00008c1a     230 (00008c00)     _flGyro
00008c1b     230 (00008c00)     _mode
00008c1c     230 (00008c00)     _saadTests
00008c1d     230 (00008c00)     _setSci
00008c1e     230 (00008c00)     _sciSendCnt
00008c1f     230 (00008c00)     _SAAD_CTRL
00008c20     230 (00008c00)     _SAAD_CTRL_BITS
00008c21     230 (00008c00)     _sciCounter
00008c22     230 (00008c00)     _SAAD_ST_BITS
00008c23     230 (00008c00)     _sendSCI
00008c24     230 (00008c00)     _timer2cnt
00008c26     230 (00008c00)     _mcbspData
00008c28     230 (00008c00)     _flashRegs
00008c2a     230 (00008c00)     _jj
00008c2c     230 (00008c00)     _j
00008c2e     230 (00008c00)     _frameCountR
00008c30     230 (00008c00)     _gCnt
00008c32     230 (00008c00)     _sciErrorParity
00008c34     230 (00008c00)     _mode1cnt
00008c36     230 (00008c00)     _alpha
00008c38     230 (00008c00)     _i
00008c3a     230 (00008c00)     _temp
00008c3c     230 (00008c00)     _sciErrorCntCtrlSum
00008c3e     230 (00008c00)     _sciErrorCntFrameDown

00008c40     231 (00008c40)     _frameCountT
00008c42     231 (00008c40)     _SAAD_CTRL_ALL
00008c44     231 (00008c40)     _START_BIT_BITS
00008c46     231 (00008c40)     _adcResRegs
00008c48     231 (00008c40)     _clkS
00008c4a     231 (00008c40)     _tempData1
00008c4c     231 (00008c40)     _tempData2
00008c4e     231 (00008c40)     _START_BIT
00008c50     231 (00008c40)     _mcbspRegs
00008c52     231 (00008c40)     _sysCtrlRegs
00008c54     231 (00008c40)     _adcRegs
00008c56     231 (00008c40)     _gpioS
00008c58     231 (00008c40)     _spiaRegs
00008c5a     231 (00008c40)     _interrupSVectTable
00008c5c     231 (00008c40)     _xIntruptRegs
00008c5e     231 (00008c40)     _CpuTimer0Regs
00008c60     231 (00008c40)     _CpuTimer1Regs
00008c62     231 (00008c40)     _spiData
00008c64     231 (00008c40)     _CpuTimer2Regs
00008c66     231 (00008c40)     _interrupS
00008c68     231 (00008c40)     _sciaRegs
00008c6a     231 (00008c40)     _pwmValues
00008c6e     231 (00008c40)     _sciRxC
00008c72     231 (00008c40)     _saadFrame

00008c80     232 (00008c80)     _pwmHandle
00008c8c     232 (00008c80)     _pwmRegS
00008c98     232 (00008c80)     _motor0

00008cc0     233 (00008cc0)     _motor1
00008cd8     233 (00008cc0)     _adcRes

00008d00     234 (00008d00)     _pid

00008d40     235 (00008d40)     _spiModule

00008d80     236 (00008d80)     _AMCconfArr

00008e00     238 (00008e00)     __unlock
00008e02     238 (00008e00)     __lock
00008e04     238 (00008e00)     ___TI_cleanup_ptr
00008e06     238 (00008e00)     ___TI_dtors_ptr

003f65c0    fd97 (003f65c0)     _PieVectTableInit


GLOBAL SYMBOLS: SORTED ALPHABETICALLY BY Name 

address    name
--------   ----
003f4000   .text
003f6496   C$$EXIT
003f634e   FS$$DIV
003f54af   _ADCINT1_ISR
003f54b9   _ADCINT2_ISR
003f56c1   _ADCINT3_ISR
003f56cb   _ADCINT4_ISR
003f56d5   _ADCINT5_ISR
003f56df   _ADCINT6_ISR
003f56e9   _ADCINT7_ISR
003f56f3   _ADCINT8_ISR
003f54d7   _ADCINT9_ISR
003f4527   _ADC_config
003f48d5   _AMCconf
00008d80   _AMCconfArr
003f56fd   _CLA1_INT1_ISR
003f5707   _CLA1_INT2_ISR
003f5711   _CLA1_INT3_ISR
003f571b   _CLA1_INT4_ISR
003f5725   _CLA1_INT5_ISR
003f572f   _CLA1_INT6_ISR
003f5739   _CLA1_INT7_ISR
003f5743   _CLA1_INT8_ISR
003f5e55   _CLK_disableAdcClock
003f5e62   _CLK_disableClaClock
003f5e6f   _CLK_disableClkIn
003f5e7b   _CLK_disableCompClock
003f5e87   _CLK_disableCpuTimerClock
003f5e96   _CLK_disableCrystalOsc
003f5ea2   _CLK_disableEcanaClock
003f5eaf   _CLK_disableEcap1Clock
003f5ebc   _CLK_disableEqep1Clock
003f5ec9   _CLK_disableGpioInputClock
003f5ed6   _CLK_disableHrPwmClock
003f5ee3   _CLK_disableI2cClock
003f5ef0   _CLK_disableLinAClock
003f5efd   _CLK_disableOsc1
003f5f09   _CLK_disableOsc1HaltMode
003f5f15   _CLK_disableOsc2
003f5f21   _CLK_disableOsc2HaltMode
003f5f2d   _CLK_disablePwmClock
003f5f3e   _CLK_disableSciaClock
003f5f4b   _CLK_disableSpiaClock
003f5f58   _CLK_disableSpibClock
003f5f62   _CLK_disableTbClockSync
003f5f6f   _CLK_disableWatchDogHaltMode
003f5f7b   _CLK_enableAdcClock
003f5f88   _CLK_enableClaClock
003f5fe4   _CLK_enableClkIn
003f5f95   _CLK_enableCompClock
003f5fa3   _CLK_enableCpuTimerClock
003f5fb1   _CLK_enableCrystalOsc
003f5fbd   _CLK_enableEcanaClock
003f5fd7   _CLK_enableEcap1Clock
003f5fca   _CLK_enableEqep1Clock
003f5ff0   _CLK_enableGpioInputClock
003f5ffd   _CLK_enableHrPwmClock
003f600a   _CLK_enableI2cClock
003f6017   _CLK_enableLinAClock
003f6024   _CLK_enableOsc1
003f6030   _CLK_enableOsc1HaltMode
003f603c   _CLK_enableOsc2
003f6048   _CLK_enableOsc2HaltMode
003f6054   _CLK_enablePwmClock
003f6064   _CLK_enableSciaClock
003f6071   _CLK_enableSpiaClock
003f607e   _CLK_enableSpibClock
003f608b   _CLK_enableTbClockSync
003f6098   _CLK_enableWatchDogHaltMode
003f60a4   _CLK_init
003f60b1   _CLK_setClkOutPreScaler
003f60c1   _CLK_setLowSpdPreScaler
003f60df   _CLK_setOsc2Src
003f60cf   _CLK_setOscSrc
003f60ef   _CLK_setTimer2PreScale
003f60ff   _CLK_setTimer2Src
003f610f   _CLK_setWatchDogSrc
00008c0b   _COMMAND_BYTE
00008c03   _COMMAND_BYTE_BITS
00008c16   _CTRLSUM
00008c15   _CTRLSUM_BITS
003f4ac0   _ConfigCpuTimer0
003f4ae6   _ConfigCpuTimer1
003f4b0b   _ConfigCpuTimer2
00008c5e   _CpuTimer0Regs
00008c60   _CpuTimer1Regs
00008c64   _CpuTimer2Regs
00008c01   _DATA
003f5405   _DATALOG_ISR
00008c00   _DATA_BITS
003f5635   _DINTCH1_ISR
003f563f   _DINTCH2_ISR
003f5649   _DINTCH3_ISR
003f5653   _DINTCH4_ISR
003f565d   _DINTCH5_ISR
003f5667   _DINTCH6_ISR
003f43aa   _DisableDog
003f56ad   _ECAN0INTA_ISR
003f56b7   _ECAN1INTA_ISR
003f5595   _ECAP1_INT_ISR
003f559f   _ECAP2_INT_ISR
003f55a9   _ECAP3_INT_ISR
003f576b   _EMPTY_ISR
003f5419   _EMUINT_ISR
003f5545   _EPWM1_INT_ISR
003f54f5   _EPWM1_TZINT_ISR
003f554f   _EPWM2_INT_ISR
003f54ff   _EPWM2_TZINT_ISR
003f5559   _EPWM3_INT_ISR
003f5509   _EPWM3_TZINT_ISR
003f5563   _EPWM4_INT_ISR
003f5513   _EPWM4_TZINT_ISR
003f556d   _EPWM5_INT_ISR
003f551d   _EPWM5_TZINT_ISR
003f5577   _EPWM6_INT_ISR
003f5527   _EPWM6_TZINT_ISR
003f5581   _EPWM7_INT_ISR
003f5531   _EPWM7_TZINT_ISR
003f558b   _EPWM8_INT_ISR
003f553b   _EPWM8_TZINT_ISR
003f55c7   _EQEP1_INT_ISR
003f55d1   _EQEP2_INT_ISR
003f611f   _GPIO_init
003f61b7   _GPIO_read
003f6168   _GPIO_setDirection
003f61a4   _GPIO_setExtInt
003f61e4   _GPIO_setHigh
003f6202   _GPIO_setLow
003f6220   _GPIO_setMode
003f612c   _GPIO_setPullup
003f628b   _GPIO_toggle
003f5e3d   _GYRO_X_isr
003f55b3   _HRCAP1_INT_ISR
003f55bd   _HRCAP2_INT_ISR
003f55db   _HRCAP3_INT_ISR
003f55e5   _HRCAP4_INT_ISR
003f5671   _I2CINT1A_ISR
003f567b   _I2CINT2A_ISR
003f542d   _ILLEGAL_ISR
003f53f1   _INT13_ISR
003f53fb   _INT14_ISR
003f43b4   _InitPll
003f5761   _LUF_ISR
003f5757   _LVF_ISR
003f5621   _MRINTA_ISR
003f562b   _MXINTA_ISR
003f5423   _NMI_ISR
003f5778   _PIE_RESERVED
00008c08   _POSITION
00008c07   _POSITION_BITS
003f65c0   _PieVectTableInit
003f540f   _RTOSINT_ISR
00008000   _RamfuncsLoadEnd
00000000   _RamfuncsLoadSize
00008000   _RamfuncsLoadStart
00008000   _RamfuncsRunStart
00008c1f   _SAAD_CTRL
00008c42   _SAAD_CTRL_ALL
00008c20   _SAAD_CTRL_BITS
00008c06   _SAAD_ST
00008c22   _SAAD_ST_BITS
00008c04   _SAAD_TESTS_BITS
00008c02   _SAAD_TEST_RES
00008c05   _SAAD_TEST_RES_BITS
003f5685   _SCIRXINTA_ISR
003f5699   _SCIRXINTB_ISR
003f568f   _SCITXINTA_ISR
003f56a3   _SCITXINTB_ISR
003f5dc0   _SCI_RX_isr
003f55f9   _SPIRXINTA_ISR
003f560d   _SPIRXINTB_ISR
003f5603   _SPITXINTA_ISR
003f5617   _SPITXINTB_ISR
003f5dd4   _SPI_RX_isr
00008c4e   _START_BIT
00008c44   _START_BIT_BITS
003f439c   _ServiceDog
003f54e1   _TINT0_ISR
003f55ef   _USB0_INT_ISR
003f5491   _USER10_ISR
003f549b   _USER11_ISR
003f54a5   _USER12_ISR
003f5437   _USER1_ISR
003f5441   _USER2_ISR
003f544b   _USER3_ISR
003f5455   _USER4_ISR
003f545f   _USER5_ISR
003f5469   _USER6_ISR
003f5473   _USER7_ISR
003f547d   _USER8_ISR
003f5487   _USER9_ISR
00008c0a   _VELOCITY
00008c09   _VELOCITY_BITS
003f54eb   _WAKEINT_ISR
003f54c3   _XINT1_ISR
003f54cd   _XINT2_ISR
003f574d   _XINT3_ISR
00000350   __STACK_END
00000300   __STACK_SIZE
00000001   __TI_args_main
00008e04   ___TI_cleanup_ptr
00008e06   ___TI_dtors_ptr
ffffffff   ___binit__
ffffffff   ___c_args__
003f66c0   ___cinit__
003f64c0   ___etext__
ffffffff   ___pinit__
003f4000   ___text__
003f647d   __args_main
00008e02   __lock
003f64b7   __nop
003f64b3   __register_lock
003f64af   __register_unlock
00000050   __stack
00008e00   __unlock
003f6496   _abort
003f451e   _adcInit
003f46a1   _adcRead
00008c54   _adcRegs
00008cd8   _adcRes
00008c46   _adcResRegs
00008c36   _alpha
003f5116   _alphaF
00008c11   _apsL
00008c10   _apsR
003f6437   _c_int00
003f508f   _calcPWM
00008c12   _ch
003f46f4   _clkInit
00008c48   _clkS
003f47d8   _clkg_delay_loop
003f63d6   _cos
00008c0c   _counter
003f578c   _cpu_timer0_isr
003f5a1b   _cpu_timer1_isr
003f5919   _cpu_timer2_isr
003f506f   _crc8DATA
003f502f   _crc8POS
003f504f   _crc8VEL
00008c0f   _delay
003f47c2   _delay_loop
003f4fed   _disablePWM
003f6498   _exit
00008c1a   _flGyro
00008c19   _flPS
003f434e   _flashInit
00008c28   _flashRegs
003f4354   _flashSetup
00008c2e   _frameCountR
00008c40   _frameCountT
00008c30   _gCnt
003f5021   _getMaxPWMVal
003f4105   _gpioInit
00008c56   _gpioS
00008c18   _gyroEn
00008c38   _i
00008c66   _interrupS
003f4a77   _interrupSDefVectTableInit
00008c5a   _interrupSVectTable
003f4a45   _interrupsCpuSetup
003f49f0   _interrupsCtrlInit
003f49e4   _interrupsInit
003f4a3a   _interruptSEnable
00008c2c   _j
00008c2a   _jj
003f5191   _main
003f534f   _makeTest
003f48d1   _mcbspAddr
00008c26   _mcbspData
00008c50   _mcbspRegs
003f483b   _mcbspSetupSpi
003f48ad   _mcbsp_read
003f4892   _mcbsp_write
003f47ee   _mcbspaInit
003f47f4   _mcbspaSetup
00008c1b   _mode
00008c34   _mode1cnt
00008c98   _motor0
00008cc0   _motor1
00008c14   _motorF
00008c0e   _notEnd
00008d00   _pid
003f5115   _pidCalc
003f62a9   _pid_reg3_calc
00008c80   _pwmHandle
00008c8c   _pwmRegS
003f4b31   _pwmSInit
003f4b46   _pwmSetupWTest
00008c6a   _pwmValues
003f5782   _rsvd_ISR
00008c72   _saadFrame
00008c1c   _saadTests
00008c17   _saadTestsPs
00008c21   _sciCounter
00008c3c   _sciErrorCntCtrlSum
00008c3e   _sciErrorCntFrameDown
00008c32   _sciErrorParity
00008c13   _sciFramePart
00008c6e   _sciRxC
00008c1e   _sciSendCnt
003f499a   _sciaInit
003f49d5   _sciaRead
00008c68   _sciaRegs
003f49a0   _sciaSetup
003f49da   _sciaWrite
00008c23   _sendSCI
003f4500   _setExtOsc
003f44b5   _setIntOsc1
003f44ca   _setIntOsc2
003f4fcb   _setPWMValues
003f5002   _setPWMValuesArr
00008c1d   _setSci
003f4413   _setUpPeripheralClocks
003f44e5   _setXTALOsc
003f46fd   _setupClks
003f410e   _setupGPIOs
003f433f   _setupGPIOsInterrupt
003f472e   _setupPeripheralClks
00008c62   _spiData
003f498c   _spiDisableFF
003f4977   _spiInit
00008d40   _spiModule
003f497d   _spiSetupFF
00008c58   _spiaRegs
00008c0d   _stepsCount
003f510e   _stopMotor
00008c52   _sysCtrlRegs
003f4378   _systemInit
003f437e   _systemSetup
00008c3a   _temp
00008c4a   _tempData1
00008c4c   _tempData2
00008c24   _timer2cnt
003f4aa2   _timerInit
003f4aae   _timerSConfig
003f40f4   _usDelay
00008c5c   _xIntruptRegs
003f521a   _zeroStart
ffffffff   binit
003f66c0   cinit
003f7ff6   code_start
003f64c0   etext
ffffffff   pinit


GLOBAL SYMBOLS: SORTED BY Symbol Address 

address    name
--------   ----
00000000   _RamfuncsLoadSize
00000001   __TI_args_main
00000050   __stack
00000300   __STACK_SIZE
00000350   __STACK_END
00008000   _RamfuncsLoadEnd
00008000   _RamfuncsLoadStart
00008000   _RamfuncsRunStart
00008c00   _DATA_BITS
00008c01   _DATA
00008c02   _SAAD_TEST_RES
00008c03   _COMMAND_BYTE_BITS
00008c04   _SAAD_TESTS_BITS
00008c05   _SAAD_TEST_RES_BITS
00008c06   _SAAD_ST
00008c07   _POSITION_BITS
00008c08   _POSITION
00008c09   _VELOCITY_BITS
00008c0a   _VELOCITY
00008c0b   _COMMAND_BYTE
00008c0c   _counter
00008c0d   _stepsCount
00008c0e   _notEnd
00008c0f   _delay
00008c10   _apsR
00008c11   _apsL
00008c12   _ch
00008c13   _sciFramePart
00008c14   _motorF
00008c15   _CTRLSUM_BITS
00008c16   _CTRLSUM
00008c17   _saadTestsPs
00008c18   _gyroEn
00008c19   _flPS
00008c1a   _flGyro
00008c1b   _mode
00008c1c   _saadTests
00008c1d   _setSci
00008c1e   _sciSendCnt
00008c1f   _SAAD_CTRL
00008c20   _SAAD_CTRL_BITS
00008c21   _sciCounter
00008c22   _SAAD_ST_BITS
00008c23   _sendSCI
00008c24   _timer2cnt
00008c26   _mcbspData
00008c28   _flashRegs
00008c2a   _jj
00008c2c   _j
00008c2e   _frameCountR
00008c30   _gCnt
00008c32   _sciErrorParity
00008c34   _mode1cnt
00008c36   _alpha
00008c38   _i
00008c3a   _temp
00008c3c   _sciErrorCntCtrlSum
00008c3e   _sciErrorCntFrameDown
00008c40   _frameCountT
00008c42   _SAAD_CTRL_ALL
00008c44   _START_BIT_BITS
00008c46   _adcResRegs
00008c48   _clkS
00008c4a   _tempData1
00008c4c   _tempData2
00008c4e   _START_BIT
00008c50   _mcbspRegs
00008c52   _sysCtrlRegs
00008c54   _adcRegs
00008c56   _gpioS
00008c58   _spiaRegs
00008c5a   _interrupSVectTable
00008c5c   _xIntruptRegs
00008c5e   _CpuTimer0Regs
00008c60   _CpuTimer1Regs
00008c62   _spiData
00008c64   _CpuTimer2Regs
00008c66   _interrupS
00008c68   _sciaRegs
00008c6a   _pwmValues
00008c6e   _sciRxC
00008c72   _saadFrame
00008c80   _pwmHandle
00008c8c   _pwmRegS
00008c98   _motor0
00008cc0   _motor1
00008cd8   _adcRes
00008d00   _pid
00008d40   _spiModule
00008d80   _AMCconfArr
00008e00   __unlock
00008e02   __lock
00008e04   ___TI_cleanup_ptr
00008e06   ___TI_dtors_ptr
003f4000   .text
003f4000   ___text__
003f40f4   _usDelay
003f4105   _gpioInit
003f410e   _setupGPIOs
003f433f   _setupGPIOsInterrupt
003f434e   _flashInit
003f4354   _flashSetup
003f4378   _systemInit
003f437e   _systemSetup
003f439c   _ServiceDog
003f43aa   _DisableDog
003f43b4   _InitPll
003f4413   _setUpPeripheralClocks
003f44b5   _setIntOsc1
003f44ca   _setIntOsc2
003f44e5   _setXTALOsc
003f4500   _setExtOsc
003f451e   _adcInit
003f4527   _ADC_config
003f46a1   _adcRead
003f46f4   _clkInit
003f46fd   _setupClks
003f472e   _setupPeripheralClks
003f47c2   _delay_loop
003f47d8   _clkg_delay_loop
003f47ee   _mcbspaInit
003f47f4   _mcbspaSetup
003f483b   _mcbspSetupSpi
003f4892   _mcbsp_write
003f48ad   _mcbsp_read
003f48d1   _mcbspAddr
003f48d5   _AMCconf
003f4977   _spiInit
003f497d   _spiSetupFF
003f498c   _spiDisableFF
003f499a   _sciaInit
003f49a0   _sciaSetup
003f49d5   _sciaRead
003f49da   _sciaWrite
003f49e4   _interrupsInit
003f49f0   _interrupsCtrlInit
003f4a3a   _interruptSEnable
003f4a45   _interrupsCpuSetup
003f4a77   _interrupSDefVectTableInit
003f4aa2   _timerInit
003f4aae   _timerSConfig
003f4ac0   _ConfigCpuTimer0
003f4ae6   _ConfigCpuTimer1
003f4b0b   _ConfigCpuTimer2
003f4b31   _pwmSInit
003f4b46   _pwmSetupWTest
003f4fcb   _setPWMValues
003f4fed   _disablePWM
003f5002   _setPWMValuesArr
003f5021   _getMaxPWMVal
003f502f   _crc8POS
003f504f   _crc8VEL
003f506f   _crc8DATA
003f508f   _calcPWM
003f510e   _stopMotor
003f5115   _pidCalc
003f5116   _alphaF
003f5191   _main
003f521a   _zeroStart
003f534f   _makeTest
003f53f1   _INT13_ISR
003f53fb   _INT14_ISR
003f5405   _DATALOG_ISR
003f540f   _RTOSINT_ISR
003f5419   _EMUINT_ISR
003f5423   _NMI_ISR
003f542d   _ILLEGAL_ISR
003f5437   _USER1_ISR
003f5441   _USER2_ISR
003f544b   _USER3_ISR
003f5455   _USER4_ISR
003f545f   _USER5_ISR
003f5469   _USER6_ISR
003f5473   _USER7_ISR
003f547d   _USER8_ISR
003f5487   _USER9_ISR
003f5491   _USER10_ISR
003f549b   _USER11_ISR
003f54a5   _USER12_ISR
003f54af   _ADCINT1_ISR
003f54b9   _ADCINT2_ISR
003f54c3   _XINT1_ISR
003f54cd   _XINT2_ISR
003f54d7   _ADCINT9_ISR
003f54e1   _TINT0_ISR
003f54eb   _WAKEINT_ISR
003f54f5   _EPWM1_TZINT_ISR
003f54ff   _EPWM2_TZINT_ISR
003f5509   _EPWM3_TZINT_ISR
003f5513   _EPWM4_TZINT_ISR
003f551d   _EPWM5_TZINT_ISR
003f5527   _EPWM6_TZINT_ISR
003f5531   _EPWM7_TZINT_ISR
003f553b   _EPWM8_TZINT_ISR
003f5545   _EPWM1_INT_ISR
003f554f   _EPWM2_INT_ISR
003f5559   _EPWM3_INT_ISR
003f5563   _EPWM4_INT_ISR
003f556d   _EPWM5_INT_ISR
003f5577   _EPWM6_INT_ISR
003f5581   _EPWM7_INT_ISR
003f558b   _EPWM8_INT_ISR
003f5595   _ECAP1_INT_ISR
003f559f   _ECAP2_INT_ISR
003f55a9   _ECAP3_INT_ISR
003f55b3   _HRCAP1_INT_ISR
003f55bd   _HRCAP2_INT_ISR
003f55c7   _EQEP1_INT_ISR
003f55d1   _EQEP2_INT_ISR
003f55db   _HRCAP3_INT_ISR
003f55e5   _HRCAP4_INT_ISR
003f55ef   _USB0_INT_ISR
003f55f9   _SPIRXINTA_ISR
003f5603   _SPITXINTA_ISR
003f560d   _SPIRXINTB_ISR
003f5617   _SPITXINTB_ISR
003f5621   _MRINTA_ISR
003f562b   _MXINTA_ISR
003f5635   _DINTCH1_ISR
003f563f   _DINTCH2_ISR
003f5649   _DINTCH3_ISR
003f5653   _DINTCH4_ISR
003f565d   _DINTCH5_ISR
003f5667   _DINTCH6_ISR
003f5671   _I2CINT1A_ISR
003f567b   _I2CINT2A_ISR
003f5685   _SCIRXINTA_ISR
003f568f   _SCITXINTA_ISR
003f5699   _SCIRXINTB_ISR
003f56a3   _SCITXINTB_ISR
003f56ad   _ECAN0INTA_ISR
003f56b7   _ECAN1INTA_ISR
003f56c1   _ADCINT3_ISR
003f56cb   _ADCINT4_ISR
003f56d5   _ADCINT5_ISR
003f56df   _ADCINT6_ISR
003f56e9   _ADCINT7_ISR
003f56f3   _ADCINT8_ISR
003f56fd   _CLA1_INT1_ISR
003f5707   _CLA1_INT2_ISR
003f5711   _CLA1_INT3_ISR
003f571b   _CLA1_INT4_ISR
003f5725   _CLA1_INT5_ISR
003f572f   _CLA1_INT6_ISR
003f5739   _CLA1_INT7_ISR
003f5743   _CLA1_INT8_ISR
003f574d   _XINT3_ISR
003f5757   _LVF_ISR
003f5761   _LUF_ISR
003f576b   _EMPTY_ISR
003f5778   _PIE_RESERVED
003f5782   _rsvd_ISR
003f578c   _cpu_timer0_isr
003f5919   _cpu_timer2_isr
003f5a1b   _cpu_timer1_isr
003f5dc0   _SCI_RX_isr
003f5dd4   _SPI_RX_isr
003f5e3d   _GYRO_X_isr
003f5e55   _CLK_disableAdcClock
003f5e62   _CLK_disableClaClock
003f5e6f   _CLK_disableClkIn
003f5e7b   _CLK_disableCompClock
003f5e87   _CLK_disableCpuTimerClock
003f5e96   _CLK_disableCrystalOsc
003f5ea2   _CLK_disableEcanaClock
003f5eaf   _CLK_disableEcap1Clock
003f5ebc   _CLK_disableEqep1Clock
003f5ec9   _CLK_disableGpioInputClock
003f5ed6   _CLK_disableHrPwmClock
003f5ee3   _CLK_disableI2cClock
003f5ef0   _CLK_disableLinAClock
003f5efd   _CLK_disableOsc1
003f5f09   _CLK_disableOsc1HaltMode
003f5f15   _CLK_disableOsc2
003f5f21   _CLK_disableOsc2HaltMode
003f5f2d   _CLK_disablePwmClock
003f5f3e   _CLK_disableSciaClock
003f5f4b   _CLK_disableSpiaClock
003f5f58   _CLK_disableSpibClock
003f5f62   _CLK_disableTbClockSync
003f5f6f   _CLK_disableWatchDogHaltMode
003f5f7b   _CLK_enableAdcClock
003f5f88   _CLK_enableClaClock
003f5f95   _CLK_enableCompClock
003f5fa3   _CLK_enableCpuTimerClock
003f5fb1   _CLK_enableCrystalOsc
003f5fbd   _CLK_enableEcanaClock
003f5fca   _CLK_enableEqep1Clock
003f5fd7   _CLK_enableEcap1Clock
003f5fe4   _CLK_enableClkIn
003f5ff0   _CLK_enableGpioInputClock
003f5ffd   _CLK_enableHrPwmClock
003f600a   _CLK_enableI2cClock
003f6017   _CLK_enableLinAClock
003f6024   _CLK_enableOsc1
003f6030   _CLK_enableOsc1HaltMode
003f603c   _CLK_enableOsc2
003f6048   _CLK_enableOsc2HaltMode
003f6054   _CLK_enablePwmClock
003f6064   _CLK_enableSciaClock
003f6071   _CLK_enableSpiaClock
003f607e   _CLK_enableSpibClock
003f608b   _CLK_enableTbClockSync
003f6098   _CLK_enableWatchDogHaltMode
003f60a4   _CLK_init
003f60b1   _CLK_setClkOutPreScaler
003f60c1   _CLK_setLowSpdPreScaler
003f60cf   _CLK_setOscSrc
003f60df   _CLK_setOsc2Src
003f60ef   _CLK_setTimer2PreScale
003f60ff   _CLK_setTimer2Src
003f610f   _CLK_setWatchDogSrc
003f611f   _GPIO_init
003f612c   _GPIO_setPullup
003f6168   _GPIO_setDirection
003f61a4   _GPIO_setExtInt
003f61b7   _GPIO_read
003f61e4   _GPIO_setHigh
003f6202   _GPIO_setLow
003f6220   _GPIO_setMode
003f628b   _GPIO_toggle
003f62a9   _pid_reg3_calc
003f634e   FS$$DIV
003f63d6   _cos
003f6437   _c_int00
003f647d   __args_main
003f6496   C$$EXIT
003f6496   _abort
003f6498   _exit
003f64af   __register_unlock
003f64b3   __register_lock
003f64b7   __nop
003f64c0   ___etext__
003f64c0   etext
003f65c0   _PieVectTableInit
003f66c0   ___cinit__
003f66c0   cinit
003f7ff6   code_start
ffffffff   ___binit__
ffffffff   ___c_args__
ffffffff   ___pinit__
ffffffff   binit
ffffffff   pinit

[343 symbols]
